Archive member included to satisfy reference by file (symbol)

d:/installed programs/stm32cubeide_1.4.0/stm32cubeide/plugins/com.st.stm32cube.ide.mcu.externaltools.gnu-tools-for-stm32.7-2018-q2-update.win32_1.4.0.202007081208/tools/bin/../lib/gcc/arm-none-eabi/7.3.1/../../../../arm-none-eabi/lib/thumb/v7-m\libc_nano.a(lib_a-errno.o)
                              Src/syscalls.o (__errno)
d:/installed programs/stm32cubeide_1.4.0/stm32cubeide/plugins/com.st.stm32cube.ide.mcu.externaltools.gnu-tools-for-stm32.7-2018-q2-update.win32_1.4.0.202007081208/tools/bin/../lib/gcc/arm-none-eabi/7.3.1/../../../../arm-none-eabi/lib/thumb/v7-m\libc_nano.a(lib_a-exit.o)
                              d:/installed programs/stm32cubeide_1.4.0/stm32cubeide/plugins/com.st.stm32cube.ide.mcu.externaltools.gnu-tools-for-stm32.7-2018-q2-update.win32_1.4.0.202007081208/tools/bin/../lib/gcc/arm-none-eabi/7.3.1/../../../../arm-none-eabi/lib/thumb/v7-m/crt0.o (exit)
d:/installed programs/stm32cubeide_1.4.0/stm32cubeide/plugins/com.st.stm32cube.ide.mcu.externaltools.gnu-tools-for-stm32.7-2018-q2-update.win32_1.4.0.202007081208/tools/bin/../lib/gcc/arm-none-eabi/7.3.1/../../../../arm-none-eabi/lib/thumb/v7-m\libc_nano.a(lib_a-impure.o)
                              d:/installed programs/stm32cubeide_1.4.0/stm32cubeide/plugins/com.st.stm32cube.ide.mcu.externaltools.gnu-tools-for-stm32.7-2018-q2-update.win32_1.4.0.202007081208/tools/bin/../lib/gcc/arm-none-eabi/7.3.1/../../../../arm-none-eabi/lib/thumb/v7-m\libc_nano.a(lib_a-exit.o) (_global_impure_ptr)
d:/installed programs/stm32cubeide_1.4.0/stm32cubeide/plugins/com.st.stm32cube.ide.mcu.externaltools.gnu-tools-for-stm32.7-2018-q2-update.win32_1.4.0.202007081208/tools/bin/../lib/gcc/arm-none-eabi/7.3.1/../../../../arm-none-eabi/lib/thumb/v7-m\libc_nano.a(lib_a-init.o)
                              d:/installed programs/stm32cubeide_1.4.0/stm32cubeide/plugins/com.st.stm32cube.ide.mcu.externaltools.gnu-tools-for-stm32.7-2018-q2-update.win32_1.4.0.202007081208/tools/bin/../lib/gcc/arm-none-eabi/7.3.1/../../../../arm-none-eabi/lib/thumb/v7-m/crt0.o (__libc_init_array)
d:/installed programs/stm32cubeide_1.4.0/stm32cubeide/plugins/com.st.stm32cube.ide.mcu.externaltools.gnu-tools-for-stm32.7-2018-q2-update.win32_1.4.0.202007081208/tools/bin/../lib/gcc/arm-none-eabi/7.3.1/../../../../arm-none-eabi/lib/thumb/v7-m\libc_nano.a(lib_a-memset.o)
                              d:/installed programs/stm32cubeide_1.4.0/stm32cubeide/plugins/com.st.stm32cube.ide.mcu.externaltools.gnu-tools-for-stm32.7-2018-q2-update.win32_1.4.0.202007081208/tools/bin/../lib/gcc/arm-none-eabi/7.3.1/../../../../arm-none-eabi/lib/thumb/v7-m/crt0.o (memset)

Allocating common symbols
Common symbol       size              file

GP_IRQ_CallBack     0x40              MCAL_Stm32F103x8/EXTI_Stm32F103x8/EXTI_Stm32F103x8.o

Discarded input sections

 .text          0x0000000000000000        0x0 d:/installed programs/stm32cubeide_1.4.0/stm32cubeide/plugins/com.st.stm32cube.ide.mcu.externaltools.gnu-tools-for-stm32.7-2018-q2-update.win32_1.4.0.202007081208/tools/bin/../lib/gcc/arm-none-eabi/7.3.1/thumb/v7-m/crti.o
 .data          0x0000000000000000        0x0 d:/installed programs/stm32cubeide_1.4.0/stm32cubeide/plugins/com.st.stm32cube.ide.mcu.externaltools.gnu-tools-for-stm32.7-2018-q2-update.win32_1.4.0.202007081208/tools/bin/../lib/gcc/arm-none-eabi/7.3.1/thumb/v7-m/crti.o
 .bss           0x0000000000000000        0x0 d:/installed programs/stm32cubeide_1.4.0/stm32cubeide/plugins/com.st.stm32cube.ide.mcu.externaltools.gnu-tools-for-stm32.7-2018-q2-update.win32_1.4.0.202007081208/tools/bin/../lib/gcc/arm-none-eabi/7.3.1/thumb/v7-m/crti.o
 .data          0x0000000000000000        0x4 d:/installed programs/stm32cubeide_1.4.0/stm32cubeide/plugins/com.st.stm32cube.ide.mcu.externaltools.gnu-tools-for-stm32.7-2018-q2-update.win32_1.4.0.202007081208/tools/bin/../lib/gcc/arm-none-eabi/7.3.1/thumb/v7-m/crtbegin.o
 .text          0x0000000000000000       0x74 d:/installed programs/stm32cubeide_1.4.0/stm32cubeide/plugins/com.st.stm32cube.ide.mcu.externaltools.gnu-tools-for-stm32.7-2018-q2-update.win32_1.4.0.202007081208/tools/bin/../lib/gcc/arm-none-eabi/7.3.1/../../../../arm-none-eabi/lib/thumb/v7-m/crt0.o
 .data          0x0000000000000000        0x0 d:/installed programs/stm32cubeide_1.4.0/stm32cubeide/plugins/com.st.stm32cube.ide.mcu.externaltools.gnu-tools-for-stm32.7-2018-q2-update.win32_1.4.0.202007081208/tools/bin/../lib/gcc/arm-none-eabi/7.3.1/../../../../arm-none-eabi/lib/thumb/v7-m/crt0.o
 .bss           0x0000000000000000        0x0 d:/installed programs/stm32cubeide_1.4.0/stm32cubeide/plugins/com.st.stm32cube.ide.mcu.externaltools.gnu-tools-for-stm32.7-2018-q2-update.win32_1.4.0.202007081208/tools/bin/../lib/gcc/arm-none-eabi/7.3.1/../../../../arm-none-eabi/lib/thumb/v7-m/crt0.o
 .ARM.extab     0x0000000000000000        0x0 d:/installed programs/stm32cubeide_1.4.0/stm32cubeide/plugins/com.st.stm32cube.ide.mcu.externaltools.gnu-tools-for-stm32.7-2018-q2-update.win32_1.4.0.202007081208/tools/bin/../lib/gcc/arm-none-eabi/7.3.1/../../../../arm-none-eabi/lib/thumb/v7-m/crt0.o
 .ARM.exidx     0x0000000000000000        0x8 d:/installed programs/stm32cubeide_1.4.0/stm32cubeide/plugins/com.st.stm32cube.ide.mcu.externaltools.gnu-tools-for-stm32.7-2018-q2-update.win32_1.4.0.202007081208/tools/bin/../lib/gcc/arm-none-eabi/7.3.1/../../../../arm-none-eabi/lib/thumb/v7-m/crt0.o
 .ARM.attributes
                0x0000000000000000       0x1b d:/installed programs/stm32cubeide_1.4.0/stm32cubeide/plugins/com.st.stm32cube.ide.mcu.externaltools.gnu-tools-for-stm32.7-2018-q2-update.win32_1.4.0.202007081208/tools/bin/../lib/gcc/arm-none-eabi/7.3.1/../../../../arm-none-eabi/lib/thumb/v7-m/crt0.o
 .group         0x0000000000000000        0xc MCAL_Stm32F103x8/EXTI_Stm32F103x8/EXTI_Stm32F103x8.o
 .group         0x0000000000000000        0xc MCAL_Stm32F103x8/EXTI_Stm32F103x8/EXTI_Stm32F103x8.o
 .group         0x0000000000000000        0xc MCAL_Stm32F103x8/EXTI_Stm32F103x8/EXTI_Stm32F103x8.o
 .group         0x0000000000000000        0xc MCAL_Stm32F103x8/EXTI_Stm32F103x8/EXTI_Stm32F103x8.o
 .group         0x0000000000000000        0xc MCAL_Stm32F103x8/EXTI_Stm32F103x8/EXTI_Stm32F103x8.o
 .group         0x0000000000000000        0xc MCAL_Stm32F103x8/EXTI_Stm32F103x8/EXTI_Stm32F103x8.o
 .group         0x0000000000000000        0xc MCAL_Stm32F103x8/EXTI_Stm32F103x8/EXTI_Stm32F103x8.o
 .group         0x0000000000000000        0xc MCAL_Stm32F103x8/EXTI_Stm32F103x8/EXTI_Stm32F103x8.o
 .group         0x0000000000000000        0xc MCAL_Stm32F103x8/EXTI_Stm32F103x8/EXTI_Stm32F103x8.o
 .group         0x0000000000000000        0xc MCAL_Stm32F103x8/EXTI_Stm32F103x8/EXTI_Stm32F103x8.o
 .group         0x0000000000000000        0xc MCAL_Stm32F103x8/EXTI_Stm32F103x8/EXTI_Stm32F103x8.o
 .group         0x0000000000000000        0xc MCAL_Stm32F103x8/EXTI_Stm32F103x8/EXTI_Stm32F103x8.o
 .group         0x0000000000000000        0xc MCAL_Stm32F103x8/EXTI_Stm32F103x8/EXTI_Stm32F103x8.o
 .group         0x0000000000000000        0xc MCAL_Stm32F103x8/EXTI_Stm32F103x8/EXTI_Stm32F103x8.o
 .group         0x0000000000000000        0xc MCAL_Stm32F103x8/EXTI_Stm32F103x8/EXTI_Stm32F103x8.o
 .group         0x0000000000000000        0xc MCAL_Stm32F103x8/EXTI_Stm32F103x8/EXTI_Stm32F103x8.o
 .group         0x0000000000000000        0xc MCAL_Stm32F103x8/EXTI_Stm32F103x8/EXTI_Stm32F103x8.o
 .group         0x0000000000000000        0xc MCAL_Stm32F103x8/EXTI_Stm32F103x8/EXTI_Stm32F103x8.o
 .group         0x0000000000000000        0xc MCAL_Stm32F103x8/EXTI_Stm32F103x8/EXTI_Stm32F103x8.o
 .group         0x0000000000000000        0xc MCAL_Stm32F103x8/EXTI_Stm32F103x8/EXTI_Stm32F103x8.o
 .group         0x0000000000000000        0xc MCAL_Stm32F103x8/EXTI_Stm32F103x8/EXTI_Stm32F103x8.o
 .group         0x0000000000000000        0xc MCAL_Stm32F103x8/EXTI_Stm32F103x8/EXTI_Stm32F103x8.o
 .group         0x0000000000000000        0xc MCAL_Stm32F103x8/EXTI_Stm32F103x8/EXTI_Stm32F103x8.o
 .group         0x0000000000000000        0xc MCAL_Stm32F103x8/EXTI_Stm32F103x8/EXTI_Stm32F103x8.o
 .group         0x0000000000000000        0xc MCAL_Stm32F103x8/EXTI_Stm32F103x8/EXTI_Stm32F103x8.o
 .group         0x0000000000000000        0xc MCAL_Stm32F103x8/EXTI_Stm32F103x8/EXTI_Stm32F103x8.o
 .group         0x0000000000000000        0xc MCAL_Stm32F103x8/EXTI_Stm32F103x8/EXTI_Stm32F103x8.o
 .text          0x0000000000000000        0x0 MCAL_Stm32F103x8/EXTI_Stm32F103x8/EXTI_Stm32F103x8.o
 .data          0x0000000000000000        0x0 MCAL_Stm32F103x8/EXTI_Stm32F103x8/EXTI_Stm32F103x8.o
 .bss           0x0000000000000000        0x0 MCAL_Stm32F103x8/EXTI_Stm32F103x8/EXTI_Stm32F103x8.o
 .text.MCAL_EXTI_ALL_DeInit
                0x0000000000000000       0x94 MCAL_Stm32F103x8/EXTI_Stm32F103x8/EXTI_Stm32F103x8.o
 .text.MCAL_EXTI_Update
                0x0000000000000000       0x16 MCAL_Stm32F103x8/EXTI_Stm32F103x8/EXTI_Stm32F103x8.o
 .group         0x0000000000000000        0xc MCAL_Stm32F103x8/GPIO_Stm32F103x8/GPIO_Stm32F103x8.o
 .group         0x0000000000000000        0xc MCAL_Stm32F103x8/GPIO_Stm32F103x8/GPIO_Stm32F103x8.o
 .group         0x0000000000000000        0xc MCAL_Stm32F103x8/GPIO_Stm32F103x8/GPIO_Stm32F103x8.o
 .group         0x0000000000000000        0xc MCAL_Stm32F103x8/GPIO_Stm32F103x8/GPIO_Stm32F103x8.o
 .group         0x0000000000000000        0xc MCAL_Stm32F103x8/GPIO_Stm32F103x8/GPIO_Stm32F103x8.o
 .group         0x0000000000000000        0xc MCAL_Stm32F103x8/GPIO_Stm32F103x8/GPIO_Stm32F103x8.o
 .group         0x0000000000000000        0xc MCAL_Stm32F103x8/GPIO_Stm32F103x8/GPIO_Stm32F103x8.o
 .group         0x0000000000000000        0xc MCAL_Stm32F103x8/GPIO_Stm32F103x8/GPIO_Stm32F103x8.o
 .group         0x0000000000000000        0xc MCAL_Stm32F103x8/GPIO_Stm32F103x8/GPIO_Stm32F103x8.o
 .group         0x0000000000000000        0xc MCAL_Stm32F103x8/GPIO_Stm32F103x8/GPIO_Stm32F103x8.o
 .group         0x0000000000000000        0xc MCAL_Stm32F103x8/GPIO_Stm32F103x8/GPIO_Stm32F103x8.o
 .group         0x0000000000000000        0xc MCAL_Stm32F103x8/GPIO_Stm32F103x8/GPIO_Stm32F103x8.o
 .group         0x0000000000000000        0xc MCAL_Stm32F103x8/GPIO_Stm32F103x8/GPIO_Stm32F103x8.o
 .group         0x0000000000000000        0xc MCAL_Stm32F103x8/GPIO_Stm32F103x8/GPIO_Stm32F103x8.o
 .group         0x0000000000000000        0xc MCAL_Stm32F103x8/GPIO_Stm32F103x8/GPIO_Stm32F103x8.o
 .group         0x0000000000000000        0xc MCAL_Stm32F103x8/GPIO_Stm32F103x8/GPIO_Stm32F103x8.o
 .group         0x0000000000000000        0xc MCAL_Stm32F103x8/GPIO_Stm32F103x8/GPIO_Stm32F103x8.o
 .group         0x0000000000000000        0xc MCAL_Stm32F103x8/GPIO_Stm32F103x8/GPIO_Stm32F103x8.o
 .group         0x0000000000000000        0xc MCAL_Stm32F103x8/GPIO_Stm32F103x8/GPIO_Stm32F103x8.o
 .group         0x0000000000000000        0xc MCAL_Stm32F103x8/GPIO_Stm32F103x8/GPIO_Stm32F103x8.o
 .group         0x0000000000000000        0xc MCAL_Stm32F103x8/GPIO_Stm32F103x8/GPIO_Stm32F103x8.o
 .group         0x0000000000000000        0xc MCAL_Stm32F103x8/GPIO_Stm32F103x8/GPIO_Stm32F103x8.o
 .group         0x0000000000000000        0xc MCAL_Stm32F103x8/GPIO_Stm32F103x8/GPIO_Stm32F103x8.o
 .group         0x0000000000000000        0xc MCAL_Stm32F103x8/GPIO_Stm32F103x8/GPIO_Stm32F103x8.o
 .group         0x0000000000000000        0xc MCAL_Stm32F103x8/GPIO_Stm32F103x8/GPIO_Stm32F103x8.o
 .group         0x0000000000000000        0xc MCAL_Stm32F103x8/GPIO_Stm32F103x8/GPIO_Stm32F103x8.o
 .text          0x0000000000000000        0x0 MCAL_Stm32F103x8/GPIO_Stm32F103x8/GPIO_Stm32F103x8.o
 .data          0x0000000000000000        0x0 MCAL_Stm32F103x8/GPIO_Stm32F103x8/GPIO_Stm32F103x8.o
 .bss           0x0000000000000000        0x0 MCAL_Stm32F103x8/GPIO_Stm32F103x8/GPIO_Stm32F103x8.o
 .text.MCAL_GPIO_DeInit
                0x0000000000000000       0xd4 MCAL_Stm32F103x8/GPIO_Stm32F103x8/GPIO_Stm32F103x8.o
 .text.MCAL_GPIO_ReadPin
                0x0000000000000000       0x2e MCAL_Stm32F103x8/GPIO_Stm32F103x8/GPIO_Stm32F103x8.o
 .text.MCAL_GPIO_ReadPort
                0x0000000000000000       0x18 MCAL_Stm32F103x8/GPIO_Stm32F103x8/GPIO_Stm32F103x8.o
 .text.MCAL_GPIO_WritePin
                0x0000000000000000       0x2e MCAL_Stm32F103x8/GPIO_Stm32F103x8/GPIO_Stm32F103x8.o
 .text.MCAL_GPIO_WritePort
                0x0000000000000000       0x1c MCAL_Stm32F103x8/GPIO_Stm32F103x8/GPIO_Stm32F103x8.o
 .text.MCAL_GPIO_LockPin
                0x0000000000000000       0x48 MCAL_Stm32F103x8/GPIO_Stm32F103x8/GPIO_Stm32F103x8.o
 .debug_macro   0x0000000000000000      0xa60 MCAL_Stm32F103x8/GPIO_Stm32F103x8/GPIO_Stm32F103x8.o
 .debug_macro   0x0000000000000000       0x18 MCAL_Stm32F103x8/GPIO_Stm32F103x8/GPIO_Stm32F103x8.o
 .debug_macro   0x0000000000000000       0x22 MCAL_Stm32F103x8/GPIO_Stm32F103x8/GPIO_Stm32F103x8.o
 .debug_macro   0x0000000000000000       0x40 MCAL_Stm32F103x8/GPIO_Stm32F103x8/GPIO_Stm32F103x8.o
 .debug_macro   0x0000000000000000       0x94 MCAL_Stm32F103x8/GPIO_Stm32F103x8/GPIO_Stm32F103x8.o
 .debug_macro   0x0000000000000000       0x3c MCAL_Stm32F103x8/GPIO_Stm32F103x8/GPIO_Stm32F103x8.o
 .debug_macro   0x0000000000000000       0x34 MCAL_Stm32F103x8/GPIO_Stm32F103x8/GPIO_Stm32F103x8.o
 .debug_macro   0x0000000000000000       0x16 MCAL_Stm32F103x8/GPIO_Stm32F103x8/GPIO_Stm32F103x8.o
 .debug_macro   0x0000000000000000      0x10e MCAL_Stm32F103x8/GPIO_Stm32F103x8/GPIO_Stm32F103x8.o
 .debug_macro   0x0000000000000000       0x8d MCAL_Stm32F103x8/GPIO_Stm32F103x8/GPIO_Stm32F103x8.o
 .debug_macro   0x0000000000000000       0x57 MCAL_Stm32F103x8/GPIO_Stm32F103x8/GPIO_Stm32F103x8.o
 .debug_macro   0x0000000000000000       0x52 MCAL_Stm32F103x8/GPIO_Stm32F103x8/GPIO_Stm32F103x8.o
 .debug_macro   0x0000000000000000       0x1f MCAL_Stm32F103x8/GPIO_Stm32F103x8/GPIO_Stm32F103x8.o
 .debug_macro   0x0000000000000000       0x43 MCAL_Stm32F103x8/GPIO_Stm32F103x8/GPIO_Stm32F103x8.o
 .debug_macro   0x0000000000000000       0x20 MCAL_Stm32F103x8/GPIO_Stm32F103x8/GPIO_Stm32F103x8.o
 .debug_macro   0x0000000000000000      0x1a3 MCAL_Stm32F103x8/GPIO_Stm32F103x8/GPIO_Stm32F103x8.o
 .debug_macro   0x0000000000000000      0x330 MCAL_Stm32F103x8/GPIO_Stm32F103x8/GPIO_Stm32F103x8.o
 .debug_macro   0x0000000000000000       0x16 MCAL_Stm32F103x8/GPIO_Stm32F103x8/GPIO_Stm32F103x8.o
 .debug_macro   0x0000000000000000       0x29 MCAL_Stm32F103x8/GPIO_Stm32F103x8/GPIO_Stm32F103x8.o
 .debug_macro   0x0000000000000000       0x22 MCAL_Stm32F103x8/GPIO_Stm32F103x8/GPIO_Stm32F103x8.o
 .debug_macro   0x0000000000000000       0xef MCAL_Stm32F103x8/GPIO_Stm32F103x8/GPIO_Stm32F103x8.o
 .debug_macro   0x0000000000000000       0x6a MCAL_Stm32F103x8/GPIO_Stm32F103x8/GPIO_Stm32F103x8.o
 .debug_macro   0x0000000000000000      0x1df MCAL_Stm32F103x8/GPIO_Stm32F103x8/GPIO_Stm32F103x8.o
 .debug_macro   0x0000000000000000       0x28 MCAL_Stm32F103x8/GPIO_Stm32F103x8/GPIO_Stm32F103x8.o
 .debug_macro   0x0000000000000000      0x1d0 MCAL_Stm32F103x8/GPIO_Stm32F103x8/GPIO_Stm32F103x8.o
 .group         0x0000000000000000        0xc Src/main.o
 .group         0x0000000000000000        0xc Src/main.o
 .group         0x0000000000000000        0xc Src/main.o
 .group         0x0000000000000000        0xc Src/main.o
 .group         0x0000000000000000        0xc Src/main.o
 .group         0x0000000000000000        0xc Src/main.o
 .group         0x0000000000000000        0xc Src/main.o
 .group         0x0000000000000000        0xc Src/main.o
 .group         0x0000000000000000        0xc Src/main.o
 .group         0x0000000000000000        0xc Src/main.o
 .group         0x0000000000000000        0xc Src/main.o
 .group         0x0000000000000000        0xc Src/main.o
 .group         0x0000000000000000        0xc Src/main.o
 .group         0x0000000000000000        0xc Src/main.o
 .group         0x0000000000000000        0xc Src/main.o
 .group         0x0000000000000000        0xc Src/main.o
 .group         0x0000000000000000        0xc Src/main.o
 .group         0x0000000000000000        0xc Src/main.o
 .group         0x0000000000000000        0xc Src/main.o
 .group         0x0000000000000000        0xc Src/main.o
 .group         0x0000000000000000        0xc Src/main.o
 .group         0x0000000000000000        0xc Src/main.o
 .group         0x0000000000000000        0xc Src/main.o
 .group         0x0000000000000000        0xc Src/main.o
 .group         0x0000000000000000        0xc Src/main.o
 .group         0x0000000000000000        0xc Src/main.o
 .group         0x0000000000000000        0xc Src/main.o
 .text          0x0000000000000000        0x0 Src/main.o
 .data          0x0000000000000000        0x0 Src/main.o
 .bss           0x0000000000000000        0x0 Src/main.o
 .text.delay_ms
                0x0000000000000000       0x32 Src/main.o
 .debug_macro   0x0000000000000000      0xa60 Src/main.o
 .debug_macro   0x0000000000000000       0x18 Src/main.o
 .debug_macro   0x0000000000000000       0x22 Src/main.o
 .debug_macro   0x0000000000000000       0x40 Src/main.o
 .debug_macro   0x0000000000000000       0x94 Src/main.o
 .debug_macro   0x0000000000000000       0x3c Src/main.o
 .debug_macro   0x0000000000000000       0x34 Src/main.o
 .debug_macro   0x0000000000000000       0x16 Src/main.o
 .debug_macro   0x0000000000000000      0x10e Src/main.o
 .debug_macro   0x0000000000000000       0x8d Src/main.o
 .debug_macro   0x0000000000000000       0x57 Src/main.o
 .debug_macro   0x0000000000000000       0x52 Src/main.o
 .debug_macro   0x0000000000000000       0x1f Src/main.o
 .debug_macro   0x0000000000000000       0x43 Src/main.o
 .debug_macro   0x0000000000000000       0x20 Src/main.o
 .debug_macro   0x0000000000000000      0x1a3 Src/main.o
 .debug_macro   0x0000000000000000      0x330 Src/main.o
 .debug_macro   0x0000000000000000       0x16 Src/main.o
 .debug_macro   0x0000000000000000       0x29 Src/main.o
 .debug_macro   0x0000000000000000       0x22 Src/main.o
 .debug_macro   0x0000000000000000       0xef Src/main.o
 .debug_macro   0x0000000000000000       0x6a Src/main.o
 .debug_macro   0x0000000000000000      0x1df Src/main.o
 .debug_macro   0x0000000000000000       0x28 Src/main.o
 .debug_macro   0x0000000000000000      0x1d0 Src/main.o
 .debug_macro   0x0000000000000000       0xca Src/main.o
 .debug_macro   0x0000000000000000      0x282 Src/main.o
 .group         0x0000000000000000        0xc Src/syscalls.o
 .group         0x0000000000000000        0xc Src/syscalls.o
 .group         0x0000000000000000        0xc Src/syscalls.o
 .group         0x0000000000000000        0xc Src/syscalls.o
 .group         0x0000000000000000        0xc Src/syscalls.o
 .group         0x0000000000000000        0xc Src/syscalls.o
 .group         0x0000000000000000        0xc Src/syscalls.o
 .group         0x0000000000000000        0xc Src/syscalls.o
 .group         0x0000000000000000        0xc Src/syscalls.o
 .group         0x0000000000000000        0xc Src/syscalls.o
 .group         0x0000000000000000        0xc Src/syscalls.o
 .group         0x0000000000000000        0xc Src/syscalls.o
 .group         0x0000000000000000        0xc Src/syscalls.o
 .group         0x0000000000000000        0xc Src/syscalls.o
 .group         0x0000000000000000        0xc Src/syscalls.o
 .group         0x0000000000000000        0xc Src/syscalls.o
 .group         0x0000000000000000        0xc Src/syscalls.o
 .group         0x0000000000000000        0xc Src/syscalls.o
 .group         0x0000000000000000        0xc Src/syscalls.o
 .group         0x0000000000000000        0xc Src/syscalls.o
 .group         0x0000000000000000        0xc Src/syscalls.o
 .group         0x0000000000000000        0xc Src/syscalls.o
 .group         0x0000000000000000        0xc Src/syscalls.o
 .group         0x0000000000000000        0xc Src/syscalls.o
 .group         0x0000000000000000        0xc Src/syscalls.o
 .group         0x0000000000000000        0xc Src/syscalls.o
 .group         0x0000000000000000        0xc Src/syscalls.o
 .group         0x0000000000000000        0xc Src/syscalls.o
 .group         0x0000000000000000        0xc Src/syscalls.o
 .group         0x0000000000000000        0xc Src/syscalls.o
 .group         0x0000000000000000        0xc Src/syscalls.o
 .group         0x0000000000000000        0xc Src/syscalls.o
 .group         0x0000000000000000        0xc Src/syscalls.o
 .group         0x0000000000000000        0xc Src/syscalls.o
 .group         0x0000000000000000        0xc Src/syscalls.o
 .group         0x0000000000000000        0xc Src/syscalls.o
 .group         0x0000000000000000        0xc Src/syscalls.o
 .group         0x0000000000000000        0xc Src/syscalls.o
 .group         0x0000000000000000        0xc Src/syscalls.o
 .group         0x0000000000000000        0xc Src/syscalls.o
 .group         0x0000000000000000        0xc Src/syscalls.o
 .group         0x0000000000000000        0xc Src/syscalls.o
 .group         0x0000000000000000        0xc Src/syscalls.o
 .group         0x0000000000000000        0xc Src/syscalls.o
 .text          0x0000000000000000        0x0 Src/syscalls.o
 .data          0x0000000000000000        0x0 Src/syscalls.o
 .bss           0x0000000000000000        0x0 Src/syscalls.o
 .bss.__env     0x0000000000000000        0x4 Src/syscalls.o
 .data.environ  0x0000000000000000        0x4 Src/syscalls.o
 .text.initialise_monitor_handles
                0x0000000000000000        0xc Src/syscalls.o
 .text._getpid  0x0000000000000000        0xe Src/syscalls.o
 .text._kill    0x0000000000000000       0x20 Src/syscalls.o
 .text._exit    0x0000000000000000       0x14 Src/syscalls.o
 .text._read    0x0000000000000000       0x3a Src/syscalls.o
 .text._write   0x0000000000000000       0x38 Src/syscalls.o
 .text._close   0x0000000000000000       0x16 Src/syscalls.o
 .text._fstat   0x0000000000000000       0x1e Src/syscalls.o
 .text._isatty  0x0000000000000000       0x14 Src/syscalls.o
 .text._lseek   0x0000000000000000       0x18 Src/syscalls.o
 .text._open    0x0000000000000000       0x1a Src/syscalls.o
 .text._wait    0x0000000000000000       0x1e Src/syscalls.o
 .text._unlink  0x0000000000000000       0x1e Src/syscalls.o
 .text._times   0x0000000000000000       0x16 Src/syscalls.o
 .text._stat    0x0000000000000000       0x1e Src/syscalls.o
 .text._link    0x0000000000000000       0x20 Src/syscalls.o
 .text._fork    0x0000000000000000       0x16 Src/syscalls.o
 .text._execve  0x0000000000000000       0x22 Src/syscalls.o
 .debug_info    0x0000000000000000     0x1038 Src/syscalls.o
 .debug_abbrev  0x0000000000000000      0x254 Src/syscalls.o
 .debug_loc     0x0000000000000000      0x5b8 Src/syscalls.o
 .debug_aranges
                0x0000000000000000       0xa8 Src/syscalls.o
 .debug_ranges  0x0000000000000000       0x98 Src/syscalls.o
 .debug_macro   0x0000000000000000      0x243 Src/syscalls.o
 .debug_macro   0x0000000000000000      0xa60 Src/syscalls.o
 .debug_macro   0x0000000000000000       0x22 Src/syscalls.o
 .debug_macro   0x0000000000000000       0x40 Src/syscalls.o
 .debug_macro   0x0000000000000000       0x18 Src/syscalls.o
 .debug_macro   0x0000000000000000       0x94 Src/syscalls.o
 .debug_macro   0x0000000000000000       0x3c Src/syscalls.o
 .debug_macro   0x0000000000000000       0x34 Src/syscalls.o
 .debug_macro   0x0000000000000000       0x57 Src/syscalls.o
 .debug_macro   0x0000000000000000      0x174 Src/syscalls.o
 .debug_macro   0x0000000000000000      0x330 Src/syscalls.o
 .debug_macro   0x0000000000000000       0x52 Src/syscalls.o
 .debug_macro   0x0000000000000000       0x1f Src/syscalls.o
 .debug_macro   0x0000000000000000       0x43 Src/syscalls.o
 .debug_macro   0x0000000000000000       0x20 Src/syscalls.o
 .debug_macro   0x0000000000000000      0x1a3 Src/syscalls.o
 .debug_macro   0x0000000000000000       0x10 Src/syscalls.o
 .debug_macro   0x0000000000000000       0x35 Src/syscalls.o
 .debug_macro   0x0000000000000000       0x10 Src/syscalls.o
 .debug_macro   0x0000000000000000       0x10 Src/syscalls.o
 .debug_macro   0x0000000000000000       0x10 Src/syscalls.o
 .debug_macro   0x0000000000000000       0x6a Src/syscalls.o
 .debug_macro   0x0000000000000000       0x1c Src/syscalls.o
 .debug_macro   0x0000000000000000       0x52 Src/syscalls.o
 .debug_macro   0x0000000000000000       0x40 Src/syscalls.o
 .debug_macro   0x0000000000000000       0x10 Src/syscalls.o
 .debug_macro   0x0000000000000000       0x40 Src/syscalls.o
 .debug_macro   0x0000000000000000       0xd7 Src/syscalls.o
 .debug_macro   0x0000000000000000       0x1c Src/syscalls.o
 .debug_macro   0x0000000000000000       0x3d Src/syscalls.o
 .debug_macro   0x0000000000000000       0x35 Src/syscalls.o
 .debug_macro   0x0000000000000000      0x122 Src/syscalls.o
 .debug_macro   0x0000000000000000       0x16 Src/syscalls.o
 .debug_macro   0x0000000000000000       0x16 Src/syscalls.o
 .debug_macro   0x0000000000000000       0x29 Src/syscalls.o
 .debug_macro   0x0000000000000000       0x10 Src/syscalls.o
 .debug_macro   0x0000000000000000      0x241 Src/syscalls.o
 .debug_macro   0x0000000000000000       0x1c Src/syscalls.o
 .debug_macro   0x0000000000000000       0x10 Src/syscalls.o
 .debug_macro   0x0000000000000000       0x10 Src/syscalls.o
 .debug_macro   0x0000000000000000       0x16 Src/syscalls.o
 .debug_macro   0x0000000000000000      0x145 Src/syscalls.o
 .debug_macro   0x0000000000000000      0x189 Src/syscalls.o
 .debug_macro   0x0000000000000000       0x16 Src/syscalls.o
 .debug_macro   0x0000000000000000       0x88 Src/syscalls.o
 .debug_line    0x0000000000000000      0x87f Src/syscalls.o
 .debug_str     0x0000000000000000     0x8887 Src/syscalls.o
 .comment       0x0000000000000000       0x7c Src/syscalls.o
 .debug_frame   0x0000000000000000      0x2ac Src/syscalls.o
 .ARM.attributes
                0x0000000000000000       0x33 Src/syscalls.o
 .group         0x0000000000000000        0xc Src/sysmem.o
 .group         0x0000000000000000        0xc Src/sysmem.o
 .group         0x0000000000000000        0xc Src/sysmem.o
 .group         0x0000000000000000        0xc Src/sysmem.o
 .group         0x0000000000000000        0xc Src/sysmem.o
 .group         0x0000000000000000        0xc Src/sysmem.o
 .group         0x0000000000000000        0xc Src/sysmem.o
 .group         0x0000000000000000        0xc Src/sysmem.o
 .group         0x0000000000000000        0xc Src/sysmem.o
 .group         0x0000000000000000        0xc Src/sysmem.o
 .group         0x0000000000000000        0xc Src/sysmem.o
 .group         0x0000000000000000        0xc Src/sysmem.o
 .group         0x0000000000000000        0xc Src/sysmem.o
 .group         0x0000000000000000        0xc Src/sysmem.o
 .group         0x0000000000000000        0xc Src/sysmem.o
 .group         0x0000000000000000        0xc Src/sysmem.o
 .group         0x0000000000000000        0xc Src/sysmem.o
 .group         0x0000000000000000        0xc Src/sysmem.o
 .group         0x0000000000000000        0xc Src/sysmem.o
 .text          0x0000000000000000        0x0 Src/sysmem.o
 .data          0x0000000000000000        0x0 Src/sysmem.o
 .bss           0x0000000000000000        0x0 Src/sysmem.o
 .bss.__sbrk_heap_end
                0x0000000000000000        0x4 Src/sysmem.o
 .text._sbrk    0x0000000000000000       0x6c Src/sysmem.o
 .debug_info    0x0000000000000000      0xa7c Src/sysmem.o
 .debug_abbrev  0x0000000000000000      0x18e Src/sysmem.o
 .debug_loc     0x0000000000000000       0x50 Src/sysmem.o
 .debug_aranges
                0x0000000000000000       0x20 Src/sysmem.o
 .debug_ranges  0x0000000000000000       0x10 Src/sysmem.o
 .debug_macro   0x0000000000000000       0xee Src/sysmem.o
 .debug_macro   0x0000000000000000      0xa60 Src/sysmem.o
 .debug_macro   0x0000000000000000       0x10 Src/sysmem.o
 .debug_macro   0x0000000000000000       0x22 Src/sysmem.o
 .debug_macro   0x0000000000000000       0x40 Src/sysmem.o
 .debug_macro   0x0000000000000000       0x18 Src/sysmem.o
 .debug_macro   0x0000000000000000       0x94 Src/sysmem.o
 .debug_macro   0x0000000000000000       0x3c Src/sysmem.o
 .debug_macro   0x0000000000000000       0x34 Src/sysmem.o
 .debug_macro   0x0000000000000000      0x174 Src/sysmem.o
 .debug_macro   0x0000000000000000       0x57 Src/sysmem.o
 .debug_macro   0x0000000000000000       0x52 Src/sysmem.o
 .debug_macro   0x0000000000000000       0x1f Src/sysmem.o
 .debug_macro   0x0000000000000000       0x43 Src/sysmem.o
 .debug_macro   0x0000000000000000       0x20 Src/sysmem.o
 .debug_macro   0x0000000000000000      0x1a3 Src/sysmem.o
 .debug_macro   0x0000000000000000      0x23b Src/sysmem.o
 .debug_macro   0x0000000000000000       0xef Src/sysmem.o
 .debug_macro   0x0000000000000000       0x6a Src/sysmem.o
 .debug_macro   0x0000000000000000      0x1df Src/sysmem.o
 .debug_line    0x0000000000000000      0x608 Src/sysmem.o
 .debug_str     0x0000000000000000     0x5f55 Src/sysmem.o
 .comment       0x0000000000000000       0x7c Src/sysmem.o
 .debug_frame   0x0000000000000000       0x34 Src/sysmem.o
 .ARM.attributes
                0x0000000000000000       0x33 Src/sysmem.o
 .text          0x0000000000000000       0x14 Startup/startup_stm32f103c6tx.o
 .data          0x0000000000000000        0x0 Startup/startup_stm32f103c6tx.o
 .bss           0x0000000000000000        0x0 Startup/startup_stm32f103c6tx.o
 .text          0x0000000000000000        0x0 d:/installed programs/stm32cubeide_1.4.0/stm32cubeide/plugins/com.st.stm32cube.ide.mcu.externaltools.gnu-tools-for-stm32.7-2018-q2-update.win32_1.4.0.202007081208/tools/bin/../lib/gcc/arm-none-eabi/7.3.1/../../../../arm-none-eabi/lib/thumb/v7-m\libc_nano.a(lib_a-errno.o)
 .data          0x0000000000000000        0x0 d:/installed programs/stm32cubeide_1.4.0/stm32cubeide/plugins/com.st.stm32cube.ide.mcu.externaltools.gnu-tools-for-stm32.7-2018-q2-update.win32_1.4.0.202007081208/tools/bin/../lib/gcc/arm-none-eabi/7.3.1/../../../../arm-none-eabi/lib/thumb/v7-m\libc_nano.a(lib_a-errno.o)
 .bss           0x0000000000000000        0x0 d:/installed programs/stm32cubeide_1.4.0/stm32cubeide/plugins/com.st.stm32cube.ide.mcu.externaltools.gnu-tools-for-stm32.7-2018-q2-update.win32_1.4.0.202007081208/tools/bin/../lib/gcc/arm-none-eabi/7.3.1/../../../../arm-none-eabi/lib/thumb/v7-m\libc_nano.a(lib_a-errno.o)
 .text.__errno  0x0000000000000000        0xc d:/installed programs/stm32cubeide_1.4.0/stm32cubeide/plugins/com.st.stm32cube.ide.mcu.externaltools.gnu-tools-for-stm32.7-2018-q2-update.win32_1.4.0.202007081208/tools/bin/../lib/gcc/arm-none-eabi/7.3.1/../../../../arm-none-eabi/lib/thumb/v7-m\libc_nano.a(lib_a-errno.o)
 .debug_frame   0x0000000000000000       0x20 d:/installed programs/stm32cubeide_1.4.0/stm32cubeide/plugins/com.st.stm32cube.ide.mcu.externaltools.gnu-tools-for-stm32.7-2018-q2-update.win32_1.4.0.202007081208/tools/bin/../lib/gcc/arm-none-eabi/7.3.1/../../../../arm-none-eabi/lib/thumb/v7-m\libc_nano.a(lib_a-errno.o)
 .ARM.attributes
                0x0000000000000000       0x2d d:/installed programs/stm32cubeide_1.4.0/stm32cubeide/plugins/com.st.stm32cube.ide.mcu.externaltools.gnu-tools-for-stm32.7-2018-q2-update.win32_1.4.0.202007081208/tools/bin/../lib/gcc/arm-none-eabi/7.3.1/../../../../arm-none-eabi/lib/thumb/v7-m\libc_nano.a(lib_a-errno.o)
 .text          0x0000000000000000        0x0 d:/installed programs/stm32cubeide_1.4.0/stm32cubeide/plugins/com.st.stm32cube.ide.mcu.externaltools.gnu-tools-for-stm32.7-2018-q2-update.win32_1.4.0.202007081208/tools/bin/../lib/gcc/arm-none-eabi/7.3.1/../../../../arm-none-eabi/lib/thumb/v7-m\libc_nano.a(lib_a-exit.o)
 .data          0x0000000000000000        0x0 d:/installed programs/stm32cubeide_1.4.0/stm32cubeide/plugins/com.st.stm32cube.ide.mcu.externaltools.gnu-tools-for-stm32.7-2018-q2-update.win32_1.4.0.202007081208/tools/bin/../lib/gcc/arm-none-eabi/7.3.1/../../../../arm-none-eabi/lib/thumb/v7-m\libc_nano.a(lib_a-exit.o)
 .bss           0x0000000000000000        0x0 d:/installed programs/stm32cubeide_1.4.0/stm32cubeide/plugins/com.st.stm32cube.ide.mcu.externaltools.gnu-tools-for-stm32.7-2018-q2-update.win32_1.4.0.202007081208/tools/bin/../lib/gcc/arm-none-eabi/7.3.1/../../../../arm-none-eabi/lib/thumb/v7-m\libc_nano.a(lib_a-exit.o)
 .text.exit     0x0000000000000000       0x28 d:/installed programs/stm32cubeide_1.4.0/stm32cubeide/plugins/com.st.stm32cube.ide.mcu.externaltools.gnu-tools-for-stm32.7-2018-q2-update.win32_1.4.0.202007081208/tools/bin/../lib/gcc/arm-none-eabi/7.3.1/../../../../arm-none-eabi/lib/thumb/v7-m\libc_nano.a(lib_a-exit.o)
 .debug_frame   0x0000000000000000       0x28 d:/installed programs/stm32cubeide_1.4.0/stm32cubeide/plugins/com.st.stm32cube.ide.mcu.externaltools.gnu-tools-for-stm32.7-2018-q2-update.win32_1.4.0.202007081208/tools/bin/../lib/gcc/arm-none-eabi/7.3.1/../../../../arm-none-eabi/lib/thumb/v7-m\libc_nano.a(lib_a-exit.o)
 .ARM.attributes
                0x0000000000000000       0x2d d:/installed programs/stm32cubeide_1.4.0/stm32cubeide/plugins/com.st.stm32cube.ide.mcu.externaltools.gnu-tools-for-stm32.7-2018-q2-update.win32_1.4.0.202007081208/tools/bin/../lib/gcc/arm-none-eabi/7.3.1/../../../../arm-none-eabi/lib/thumb/v7-m\libc_nano.a(lib_a-exit.o)
 .text          0x0000000000000000        0x0 d:/installed programs/stm32cubeide_1.4.0/stm32cubeide/plugins/com.st.stm32cube.ide.mcu.externaltools.gnu-tools-for-stm32.7-2018-q2-update.win32_1.4.0.202007081208/tools/bin/../lib/gcc/arm-none-eabi/7.3.1/../../../../arm-none-eabi/lib/thumb/v7-m\libc_nano.a(lib_a-impure.o)
 .data          0x0000000000000000        0x0 d:/installed programs/stm32cubeide_1.4.0/stm32cubeide/plugins/com.st.stm32cube.ide.mcu.externaltools.gnu-tools-for-stm32.7-2018-q2-update.win32_1.4.0.202007081208/tools/bin/../lib/gcc/arm-none-eabi/7.3.1/../../../../arm-none-eabi/lib/thumb/v7-m\libc_nano.a(lib_a-impure.o)
 .bss           0x0000000000000000        0x0 d:/installed programs/stm32cubeide_1.4.0/stm32cubeide/plugins/com.st.stm32cube.ide.mcu.externaltools.gnu-tools-for-stm32.7-2018-q2-update.win32_1.4.0.202007081208/tools/bin/../lib/gcc/arm-none-eabi/7.3.1/../../../../arm-none-eabi/lib/thumb/v7-m\libc_nano.a(lib_a-impure.o)
 .data._impure_ptr
                0x0000000000000000        0x4 d:/installed programs/stm32cubeide_1.4.0/stm32cubeide/plugins/com.st.stm32cube.ide.mcu.externaltools.gnu-tools-for-stm32.7-2018-q2-update.win32_1.4.0.202007081208/tools/bin/../lib/gcc/arm-none-eabi/7.3.1/../../../../arm-none-eabi/lib/thumb/v7-m\libc_nano.a(lib_a-impure.o)
 .data.impure_data
                0x0000000000000000       0x60 d:/installed programs/stm32cubeide_1.4.0/stm32cubeide/plugins/com.st.stm32cube.ide.mcu.externaltools.gnu-tools-for-stm32.7-2018-q2-update.win32_1.4.0.202007081208/tools/bin/../lib/gcc/arm-none-eabi/7.3.1/../../../../arm-none-eabi/lib/thumb/v7-m\libc_nano.a(lib_a-impure.o)
 .rodata._global_impure_ptr
                0x0000000000000000        0x4 d:/installed programs/stm32cubeide_1.4.0/stm32cubeide/plugins/com.st.stm32cube.ide.mcu.externaltools.gnu-tools-for-stm32.7-2018-q2-update.win32_1.4.0.202007081208/tools/bin/../lib/gcc/arm-none-eabi/7.3.1/../../../../arm-none-eabi/lib/thumb/v7-m\libc_nano.a(lib_a-impure.o)
 .ARM.attributes
                0x0000000000000000       0x2d d:/installed programs/stm32cubeide_1.4.0/stm32cubeide/plugins/com.st.stm32cube.ide.mcu.externaltools.gnu-tools-for-stm32.7-2018-q2-update.win32_1.4.0.202007081208/tools/bin/../lib/gcc/arm-none-eabi/7.3.1/../../../../arm-none-eabi/lib/thumb/v7-m\libc_nano.a(lib_a-impure.o)
 .text          0x0000000000000000        0x0 d:/installed programs/stm32cubeide_1.4.0/stm32cubeide/plugins/com.st.stm32cube.ide.mcu.externaltools.gnu-tools-for-stm32.7-2018-q2-update.win32_1.4.0.202007081208/tools/bin/../lib/gcc/arm-none-eabi/7.3.1/../../../../arm-none-eabi/lib/thumb/v7-m\libc_nano.a(lib_a-init.o)
 .data          0x0000000000000000        0x0 d:/installed programs/stm32cubeide_1.4.0/stm32cubeide/plugins/com.st.stm32cube.ide.mcu.externaltools.gnu-tools-for-stm32.7-2018-q2-update.win32_1.4.0.202007081208/tools/bin/../lib/gcc/arm-none-eabi/7.3.1/../../../../arm-none-eabi/lib/thumb/v7-m\libc_nano.a(lib_a-init.o)
 .bss           0x0000000000000000        0x0 d:/installed programs/stm32cubeide_1.4.0/stm32cubeide/plugins/com.st.stm32cube.ide.mcu.externaltools.gnu-tools-for-stm32.7-2018-q2-update.win32_1.4.0.202007081208/tools/bin/../lib/gcc/arm-none-eabi/7.3.1/../../../../arm-none-eabi/lib/thumb/v7-m\libc_nano.a(lib_a-init.o)
 .text          0x0000000000000000        0x0 d:/installed programs/stm32cubeide_1.4.0/stm32cubeide/plugins/com.st.stm32cube.ide.mcu.externaltools.gnu-tools-for-stm32.7-2018-q2-update.win32_1.4.0.202007081208/tools/bin/../lib/gcc/arm-none-eabi/7.3.1/../../../../arm-none-eabi/lib/thumb/v7-m\libc_nano.a(lib_a-memset.o)
 .data          0x0000000000000000        0x0 d:/installed programs/stm32cubeide_1.4.0/stm32cubeide/plugins/com.st.stm32cube.ide.mcu.externaltools.gnu-tools-for-stm32.7-2018-q2-update.win32_1.4.0.202007081208/tools/bin/../lib/gcc/arm-none-eabi/7.3.1/../../../../arm-none-eabi/lib/thumb/v7-m\libc_nano.a(lib_a-memset.o)
 .bss           0x0000000000000000        0x0 d:/installed programs/stm32cubeide_1.4.0/stm32cubeide/plugins/com.st.stm32cube.ide.mcu.externaltools.gnu-tools-for-stm32.7-2018-q2-update.win32_1.4.0.202007081208/tools/bin/../lib/gcc/arm-none-eabi/7.3.1/../../../../arm-none-eabi/lib/thumb/v7-m\libc_nano.a(lib_a-memset.o)
 .text.memset   0x0000000000000000       0x10 d:/installed programs/stm32cubeide_1.4.0/stm32cubeide/plugins/com.st.stm32cube.ide.mcu.externaltools.gnu-tools-for-stm32.7-2018-q2-update.win32_1.4.0.202007081208/tools/bin/../lib/gcc/arm-none-eabi/7.3.1/../../../../arm-none-eabi/lib/thumb/v7-m\libc_nano.a(lib_a-memset.o)
 .debug_frame   0x0000000000000000       0x20 d:/installed programs/stm32cubeide_1.4.0/stm32cubeide/plugins/com.st.stm32cube.ide.mcu.externaltools.gnu-tools-for-stm32.7-2018-q2-update.win32_1.4.0.202007081208/tools/bin/../lib/gcc/arm-none-eabi/7.3.1/../../../../arm-none-eabi/lib/thumb/v7-m\libc_nano.a(lib_a-memset.o)
 .ARM.attributes
                0x0000000000000000       0x2d d:/installed programs/stm32cubeide_1.4.0/stm32cubeide/plugins/com.st.stm32cube.ide.mcu.externaltools.gnu-tools-for-stm32.7-2018-q2-update.win32_1.4.0.202007081208/tools/bin/../lib/gcc/arm-none-eabi/7.3.1/../../../../arm-none-eabi/lib/thumb/v7-m\libc_nano.a(lib_a-memset.o)
 .text          0x0000000000000000        0x0 d:/installed programs/stm32cubeide_1.4.0/stm32cubeide/plugins/com.st.stm32cube.ide.mcu.externaltools.gnu-tools-for-stm32.7-2018-q2-update.win32_1.4.0.202007081208/tools/bin/../lib/gcc/arm-none-eabi/7.3.1/thumb/v7-m/crtend.o
 .data          0x0000000000000000        0x0 d:/installed programs/stm32cubeide_1.4.0/stm32cubeide/plugins/com.st.stm32cube.ide.mcu.externaltools.gnu-tools-for-stm32.7-2018-q2-update.win32_1.4.0.202007081208/tools/bin/../lib/gcc/arm-none-eabi/7.3.1/thumb/v7-m/crtend.o
 .bss           0x0000000000000000        0x0 d:/installed programs/stm32cubeide_1.4.0/stm32cubeide/plugins/com.st.stm32cube.ide.mcu.externaltools.gnu-tools-for-stm32.7-2018-q2-update.win32_1.4.0.202007081208/tools/bin/../lib/gcc/arm-none-eabi/7.3.1/thumb/v7-m/crtend.o
 .eh_frame      0x0000000000000000        0x4 d:/installed programs/stm32cubeide_1.4.0/stm32cubeide/plugins/com.st.stm32cube.ide.mcu.externaltools.gnu-tools-for-stm32.7-2018-q2-update.win32_1.4.0.202007081208/tools/bin/../lib/gcc/arm-none-eabi/7.3.1/thumb/v7-m/crtend.o
 .ARM.attributes
                0x0000000000000000       0x2d d:/installed programs/stm32cubeide_1.4.0/stm32cubeide/plugins/com.st.stm32cube.ide.mcu.externaltools.gnu-tools-for-stm32.7-2018-q2-update.win32_1.4.0.202007081208/tools/bin/../lib/gcc/arm-none-eabi/7.3.1/thumb/v7-m/crtend.o
 .text          0x0000000000000000        0x0 d:/installed programs/stm32cubeide_1.4.0/stm32cubeide/plugins/com.st.stm32cube.ide.mcu.externaltools.gnu-tools-for-stm32.7-2018-q2-update.win32_1.4.0.202007081208/tools/bin/../lib/gcc/arm-none-eabi/7.3.1/thumb/v7-m/crtn.o
 .data          0x0000000000000000        0x0 d:/installed programs/stm32cubeide_1.4.0/stm32cubeide/plugins/com.st.stm32cube.ide.mcu.externaltools.gnu-tools-for-stm32.7-2018-q2-update.win32_1.4.0.202007081208/tools/bin/../lib/gcc/arm-none-eabi/7.3.1/thumb/v7-m/crtn.o
 .bss           0x0000000000000000        0x0 d:/installed programs/stm32cubeide_1.4.0/stm32cubeide/plugins/com.st.stm32cube.ide.mcu.externaltools.gnu-tools-for-stm32.7-2018-q2-update.win32_1.4.0.202007081208/tools/bin/../lib/gcc/arm-none-eabi/7.3.1/thumb/v7-m/crtn.o

Memory Configuration

Name             Origin             Length             Attributes
RAM              0x0000000020000000 0x0000000000002800 xrw
ROM              0x0000000008000000 0x0000000000008000 xr
*default*        0x0000000000000000 0xffffffffffffffff

Linker script and memory map

LOAD d:/installed programs/stm32cubeide_1.4.0/stm32cubeide/plugins/com.st.stm32cube.ide.mcu.externaltools.gnu-tools-for-stm32.7-2018-q2-update.win32_1.4.0.202007081208/tools/bin/../lib/gcc/arm-none-eabi/7.3.1/thumb/v7-m/crti.o
LOAD d:/installed programs/stm32cubeide_1.4.0/stm32cubeide/plugins/com.st.stm32cube.ide.mcu.externaltools.gnu-tools-for-stm32.7-2018-q2-update.win32_1.4.0.202007081208/tools/bin/../lib/gcc/arm-none-eabi/7.3.1/thumb/v7-m/crtbegin.o
LOAD d:/installed programs/stm32cubeide_1.4.0/stm32cubeide/plugins/com.st.stm32cube.ide.mcu.externaltools.gnu-tools-for-stm32.7-2018-q2-update.win32_1.4.0.202007081208/tools/bin/../lib/gcc/arm-none-eabi/7.3.1/../../../../arm-none-eabi/lib/thumb/v7-m/crt0.o
LOAD MCAL_Stm32F103x8/EXTI_Stm32F103x8/EXTI_Stm32F103x8.o
LOAD MCAL_Stm32F103x8/GPIO_Stm32F103x8/GPIO_Stm32F103x8.o
LOAD Src/main.o
LOAD Src/syscalls.o
LOAD Src/sysmem.o
LOAD Startup/startup_stm32f103c6tx.o
START GROUP
LOAD d:/installed programs/stm32cubeide_1.4.0/stm32cubeide/plugins/com.st.stm32cube.ide.mcu.externaltools.gnu-tools-for-stm32.7-2018-q2-update.win32_1.4.0.202007081208/tools/bin/../lib/gcc/arm-none-eabi/7.3.1/../../../../arm-none-eabi/lib/thumb/v7-m\libc_nano.a
LOAD d:/installed programs/stm32cubeide_1.4.0/stm32cubeide/plugins/com.st.stm32cube.ide.mcu.externaltools.gnu-tools-for-stm32.7-2018-q2-update.win32_1.4.0.202007081208/tools/bin/../lib/gcc/arm-none-eabi/7.3.1/../../../../arm-none-eabi/lib/thumb/v7-m\libm.a
END GROUP
START GROUP
LOAD d:/installed programs/stm32cubeide_1.4.0/stm32cubeide/plugins/com.st.stm32cube.ide.mcu.externaltools.gnu-tools-for-stm32.7-2018-q2-update.win32_1.4.0.202007081208/tools/bin/../lib/gcc/arm-none-eabi/7.3.1/thumb/v7-m\libgcc.a
LOAD d:/installed programs/stm32cubeide_1.4.0/stm32cubeide/plugins/com.st.stm32cube.ide.mcu.externaltools.gnu-tools-for-stm32.7-2018-q2-update.win32_1.4.0.202007081208/tools/bin/../lib/gcc/arm-none-eabi/7.3.1/../../../../arm-none-eabi/lib/thumb/v7-m\libg_nano.a
LOAD d:/installed programs/stm32cubeide_1.4.0/stm32cubeide/plugins/com.st.stm32cube.ide.mcu.externaltools.gnu-tools-for-stm32.7-2018-q2-update.win32_1.4.0.202007081208/tools/bin/../lib/gcc/arm-none-eabi/7.3.1/../../../../arm-none-eabi/lib/thumb/v7-m\libc_nano.a
END GROUP
START GROUP
LOAD d:/installed programs/stm32cubeide_1.4.0/stm32cubeide/plugins/com.st.stm32cube.ide.mcu.externaltools.gnu-tools-for-stm32.7-2018-q2-update.win32_1.4.0.202007081208/tools/bin/../lib/gcc/arm-none-eabi/7.3.1/thumb/v7-m\libgcc.a
LOAD d:/installed programs/stm32cubeide_1.4.0/stm32cubeide/plugins/com.st.stm32cube.ide.mcu.externaltools.gnu-tools-for-stm32.7-2018-q2-update.win32_1.4.0.202007081208/tools/bin/../lib/gcc/arm-none-eabi/7.3.1/../../../../arm-none-eabi/lib/thumb/v7-m\libc_nano.a
LOAD d:/installed programs/stm32cubeide_1.4.0/stm32cubeide/plugins/com.st.stm32cube.ide.mcu.externaltools.gnu-tools-for-stm32.7-2018-q2-update.win32_1.4.0.202007081208/tools/bin/../lib/gcc/arm-none-eabi/7.3.1/../../../../arm-none-eabi/lib/thumb/v7-m\libnosys.a
END GROUP
START GROUP
LOAD d:/installed programs/stm32cubeide_1.4.0/stm32cubeide/plugins/com.st.stm32cube.ide.mcu.externaltools.gnu-tools-for-stm32.7-2018-q2-update.win32_1.4.0.202007081208/tools/bin/../lib/gcc/arm-none-eabi/7.3.1/thumb/v7-m\libgcc.a
LOAD d:/installed programs/stm32cubeide_1.4.0/stm32cubeide/plugins/com.st.stm32cube.ide.mcu.externaltools.gnu-tools-for-stm32.7-2018-q2-update.win32_1.4.0.202007081208/tools/bin/../lib/gcc/arm-none-eabi/7.3.1/../../../../arm-none-eabi/lib/thumb/v7-m\libc_nano.a
LOAD d:/installed programs/stm32cubeide_1.4.0/stm32cubeide/plugins/com.st.stm32cube.ide.mcu.externaltools.gnu-tools-for-stm32.7-2018-q2-update.win32_1.4.0.202007081208/tools/bin/../lib/gcc/arm-none-eabi/7.3.1/../../../../arm-none-eabi/lib/thumb/v7-m\libnosys.a
END GROUP
LOAD d:/installed programs/stm32cubeide_1.4.0/stm32cubeide/plugins/com.st.stm32cube.ide.mcu.externaltools.gnu-tools-for-stm32.7-2018-q2-update.win32_1.4.0.202007081208/tools/bin/../lib/gcc/arm-none-eabi/7.3.1/thumb/v7-m/crtend.o
LOAD d:/installed programs/stm32cubeide_1.4.0/stm32cubeide/plugins/com.st.stm32cube.ide.mcu.externaltools.gnu-tools-for-stm32.7-2018-q2-update.win32_1.4.0.202007081208/tools/bin/../lib/gcc/arm-none-eabi/7.3.1/thumb/v7-m/crtn.o
                0x0000000020002800                _estack = (ORIGIN (RAM) + LENGTH (RAM))
                0x0000000000000200                _Min_Heap_Size = 0x200
                0x0000000000000400                _Min_Stack_Size = 0x400

.isr_vector     0x0000000008000000      0x130
                0x0000000008000000                . = ALIGN (0x4)
 *(.isr_vector)
 .isr_vector    0x0000000008000000      0x130 Startup/startup_stm32f103c6tx.o
                0x0000000008000000                g_pfnVectors
                0x0000000008000130                . = ALIGN (0x4)

.text           0x0000000008000130      0x860
                0x0000000008000130                . = ALIGN (0x4)
 *(.text)
 .text          0x0000000008000130       0x40 d:/installed programs/stm32cubeide_1.4.0/stm32cubeide/plugins/com.st.stm32cube.ide.mcu.externaltools.gnu-tools-for-stm32.7-2018-q2-update.win32_1.4.0.202007081208/tools/bin/../lib/gcc/arm-none-eabi/7.3.1/thumb/v7-m/crtbegin.o
 *(.text*)
 .text.NVIC_Enable
                0x0000000008000170       0xcc MCAL_Stm32F103x8/EXTI_Stm32F103x8/EXTI_Stm32F103x8.o
                0x0000000008000170                NVIC_Enable
 .text.NVIC_Disable
                0x000000000800023c       0xcc MCAL_Stm32F103x8/EXTI_Stm32F103x8/EXTI_Stm32F103x8.o
                0x000000000800023c                NVIC_Disable
 .text.MCAL_EXTI_Init
                0x0000000008000308      0x160 MCAL_Stm32F103x8/EXTI_Stm32F103x8/EXTI_Stm32F103x8.o
                0x0000000008000308                MCAL_EXTI_Init
 .text.EXTI0_IRQHandler
                0x0000000008000468       0x24 MCAL_Stm32F103x8/EXTI_Stm32F103x8/EXTI_Stm32F103x8.o
                0x0000000008000468                EXTI0_IRQHandler
 .text.EXTI1_IRQHandler
                0x000000000800048c       0x24 MCAL_Stm32F103x8/EXTI_Stm32F103x8/EXTI_Stm32F103x8.o
                0x000000000800048c                EXTI1_IRQHandler
 .text.EXTI2_IRQHandler
                0x00000000080004b0       0x24 MCAL_Stm32F103x8/EXTI_Stm32F103x8/EXTI_Stm32F103x8.o
                0x00000000080004b0                EXTI2_IRQHandler
 .text.EXTI3_IRQHandler
                0x00000000080004d4       0x24 MCAL_Stm32F103x8/EXTI_Stm32F103x8/EXTI_Stm32F103x8.o
                0x00000000080004d4                EXTI3_IRQHandler
 .text.EXTI4_IRQHandler
                0x00000000080004f8       0x24 MCAL_Stm32F103x8/EXTI_Stm32F103x8/EXTI_Stm32F103x8.o
                0x00000000080004f8                EXTI4_IRQHandler
 .text.EXTI9_5_IRQHandler
                0x000000000800051c       0xa8 MCAL_Stm32F103x8/EXTI_Stm32F103x8/EXTI_Stm32F103x8.o
                0x000000000800051c                EXTI9_5_IRQHandler
 .text.EXTI15_10_IRQHandler
                0x00000000080005c4       0xc4 MCAL_Stm32F103x8/EXTI_Stm32F103x8/EXTI_Stm32F103x8.o
                0x00000000080005c4                EXTI15_10_IRQHandler
 .text.Get_CRLH_Position
                0x0000000008000688       0xa6 MCAL_Stm32F103x8/GPIO_Stm32F103x8/GPIO_Stm32F103x8.o
                0x0000000008000688                Get_CRLH_Position
 .text.MCAL_GPIO_Init
                0x000000000800072e       0xe6 MCAL_Stm32F103x8/GPIO_Stm32F103x8/GPIO_Stm32F103x8.o
                0x000000000800072e                MCAL_GPIO_Init
 .text.MCAL_GPIO_TogglePin
                0x0000000008000814       0x22 MCAL_Stm32F103x8/GPIO_Stm32F103x8/GPIO_Stm32F103x8.o
                0x0000000008000814                MCAL_GPIO_TogglePin
 *fill*         0x0000000008000836        0x2 
 .text.init_RCC
                0x0000000008000838       0x34 Src/main.o
                0x0000000008000838                init_RCC
 .text.init_GPIO
                0x000000000800086c       0x18 Src/main.o
                0x000000000800086c                init_GPIO
 .text.main     0x0000000008000884       0x3c Src/main.o
                0x0000000008000884                main
 .text.MyIRQHandler
                0x00000000080008c0       0x1c Src/main.o
                0x00000000080008c0                MyIRQHandler
 .text.Reset_Handler
                0x00000000080008dc       0x50 Startup/startup_stm32f103c6tx.o
                0x00000000080008dc                Reset_Handler
 .text.Default_Handler
                0x000000000800092c        0x2 Startup/startup_stm32f103c6tx.o
                0x000000000800092c                TIM8_TRG_COM_IRQHandler
                0x000000000800092c                TIM8_CC_IRQHandler
                0x000000000800092c                DebugMon_Handler
                0x000000000800092c                TIM1_CC_IRQHandler
                0x000000000800092c                HardFault_Handler
                0x000000000800092c                TIM6_IRQHandler
                0x000000000800092c                SysTick_Handler
                0x000000000800092c                PVD_IRQHandler
                0x000000000800092c                SDIO_IRQHandler
                0x000000000800092c                PendSV_Handler
                0x000000000800092c                NMI_Handler
                0x000000000800092c                USB_HP_CAN_TX_IRQHandler
                0x000000000800092c                I2C2_EV_IRQHandler
                0x000000000800092c                UsageFault_Handler
                0x000000000800092c                ADC1_2_IRQHandler
                0x000000000800092c                SPI1_IRQHandler
                0x000000000800092c                CAN_SCE_IRQHandler
                0x000000000800092c                TAMPER_IRQHandler
                0x000000000800092c                TIM8_UP_IRQHandler
                0x000000000800092c                DMA2_Channel2_IRQHandler
                0x000000000800092c                DMA1_Channel4_IRQHandler
                0x000000000800092c                USART3_IRQHandler
                0x000000000800092c                RTC_IRQHandler
                0x000000000800092c                DMA1_Channel7_IRQHandler
                0x000000000800092c                UART5_IRQHandler
                0x000000000800092c                ADC3_IRQHandler
                0x000000000800092c                TIM4_IRQHandler
                0x000000000800092c                CAN_RX1_IRQHandler
                0x000000000800092c                DMA2_Channel1_IRQHandler
                0x000000000800092c                I2C1_EV_IRQHandler
                0x000000000800092c                DMA1_Channel6_IRQHandler
                0x000000000800092c                UART4_IRQHandler
                0x000000000800092c                TIM3_IRQHandler
                0x000000000800092c                RCC_IRQHandler
                0x000000000800092c                TIM1_TRG_COM_IRQHandler
                0x000000000800092c                DMA1_Channel1_IRQHandler
                0x000000000800092c                Default_Handler
                0x000000000800092c                TIM7_IRQHandler
                0x000000000800092c                TIM5_IRQHandler
                0x000000000800092c                SPI2_IRQHandler
                0x000000000800092c                USB_LP_CAN_RX0_IRQHandler
                0x000000000800092c                MemManage_Handler
                0x000000000800092c                SVC_Handler
                0x000000000800092c                DMA1_Channel5_IRQHandler
                0x000000000800092c                DMA1_Channel3_IRQHandler
                0x000000000800092c                FSMC_IRQHandler
                0x000000000800092c                TIM1_UP_IRQHandler
                0x000000000800092c                WWDG_IRQHandler
                0x000000000800092c                TIM2_IRQHandler
                0x000000000800092c                TIM1_BRK_IRQHandler
                0x000000000800092c                RTCAlarm_IRQHandler
                0x000000000800092c                DMA2_Channel4_5_IRQHandler
                0x000000000800092c                USART2_IRQHandler
                0x000000000800092c                I2C2_ER_IRQHandler
                0x000000000800092c                DMA1_Channel2_IRQHandler
                0x000000000800092c                TIM8_BRK_IRQHandler
                0x000000000800092c                FLASH_IRQHandler
                0x000000000800092c                BusFault_Handler
                0x000000000800092c                USART1_IRQHandler
                0x000000000800092c                SPI3_IRQHandler
                0x000000000800092c                I2C1_ER_IRQHandler
                0x000000000800092c                DMA2_Channel3_IRQHandler
 *fill*         0x000000000800092e        0x2 
 .text.__libc_init_array
                0x0000000008000930       0x48 d:/installed programs/stm32cubeide_1.4.0/stm32cubeide/plugins/com.st.stm32cube.ide.mcu.externaltools.gnu-tools-for-stm32.7-2018-q2-update.win32_1.4.0.202007081208/tools/bin/../lib/gcc/arm-none-eabi/7.3.1/../../../../arm-none-eabi/lib/thumb/v7-m\libc_nano.a(lib_a-init.o)
                0x0000000008000930                __libc_init_array
 *(.glue_7)
 .glue_7        0x0000000008000978        0x0 linker stubs
 *(.glue_7t)
 .glue_7t       0x0000000008000978        0x0 linker stubs
 *(.eh_frame)
 .eh_frame      0x0000000008000978        0x0 d:/installed programs/stm32cubeide_1.4.0/stm32cubeide/plugins/com.st.stm32cube.ide.mcu.externaltools.gnu-tools-for-stm32.7-2018-q2-update.win32_1.4.0.202007081208/tools/bin/../lib/gcc/arm-none-eabi/7.3.1/thumb/v7-m/crtbegin.o
 *(.init)
 .init          0x0000000008000978        0x4 d:/installed programs/stm32cubeide_1.4.0/stm32cubeide/plugins/com.st.stm32cube.ide.mcu.externaltools.gnu-tools-for-stm32.7-2018-q2-update.win32_1.4.0.202007081208/tools/bin/../lib/gcc/arm-none-eabi/7.3.1/thumb/v7-m/crti.o
                0x0000000008000978                _init
 .init          0x000000000800097c        0x8 d:/installed programs/stm32cubeide_1.4.0/stm32cubeide/plugins/com.st.stm32cube.ide.mcu.externaltools.gnu-tools-for-stm32.7-2018-q2-update.win32_1.4.0.202007081208/tools/bin/../lib/gcc/arm-none-eabi/7.3.1/thumb/v7-m/crtn.o
 *(.fini)
 .fini          0x0000000008000984        0x4 d:/installed programs/stm32cubeide_1.4.0/stm32cubeide/plugins/com.st.stm32cube.ide.mcu.externaltools.gnu-tools-for-stm32.7-2018-q2-update.win32_1.4.0.202007081208/tools/bin/../lib/gcc/arm-none-eabi/7.3.1/thumb/v7-m/crti.o
                0x0000000008000984                _fini
 .fini          0x0000000008000988        0x8 d:/installed programs/stm32cubeide_1.4.0/stm32cubeide/plugins/com.st.stm32cube.ide.mcu.externaltools.gnu-tools-for-stm32.7-2018-q2-update.win32_1.4.0.202007081208/tools/bin/../lib/gcc/arm-none-eabi/7.3.1/thumb/v7-m/crtn.o
                0x0000000008000990                . = ALIGN (0x4)
                0x0000000008000990                _etext = .

.vfp11_veneer   0x0000000008000990        0x0
 .vfp11_veneer  0x0000000008000990        0x0 linker stubs

.v4_bx          0x0000000008000990        0x0
 .v4_bx         0x0000000008000990        0x0 linker stubs

.iplt           0x0000000008000990        0x0
 .iplt          0x0000000008000990        0x0 d:/installed programs/stm32cubeide_1.4.0/stm32cubeide/plugins/com.st.stm32cube.ide.mcu.externaltools.gnu-tools-for-stm32.7-2018-q2-update.win32_1.4.0.202007081208/tools/bin/../lib/gcc/arm-none-eabi/7.3.1/thumb/v7-m/crtbegin.o

.rel.dyn        0x0000000008000990        0x0
 .rel.iplt      0x0000000008000990        0x0 d:/installed programs/stm32cubeide_1.4.0/stm32cubeide/plugins/com.st.stm32cube.ide.mcu.externaltools.gnu-tools-for-stm32.7-2018-q2-update.win32_1.4.0.202007081208/tools/bin/../lib/gcc/arm-none-eabi/7.3.1/thumb/v7-m/crtbegin.o

.rodata         0x0000000008000990        0x0
                0x0000000008000990                . = ALIGN (0x4)
 *(.rodata)
 *(.rodata*)
                0x0000000008000990                . = ALIGN (0x4)

.ARM.extab      0x0000000008000990        0x0
                0x0000000008000990                . = ALIGN (0x4)
 *(.ARM.extab* .gnu.linkonce.armextab.*)
                0x0000000008000990                . = ALIGN (0x4)

.ARM            0x0000000008000990        0x0
                0x0000000008000990                . = ALIGN (0x4)
                0x0000000008000990                __exidx_start = .
 *(.ARM.exidx*)
                0x0000000008000990                __exidx_end = .
                0x0000000008000990                . = ALIGN (0x4)

.preinit_array  0x0000000008000990        0x0
                0x0000000008000990                . = ALIGN (0x4)
                0x0000000008000990                PROVIDE (__preinit_array_start = .)
 *(.preinit_array*)
                0x0000000008000990                PROVIDE (__preinit_array_end = .)
                0x0000000008000990                . = ALIGN (0x4)

.init_array     0x0000000008000990        0x4
                0x0000000008000990                . = ALIGN (0x4)
                0x0000000008000990                PROVIDE (__init_array_start = .)
 *(SORT_BY_NAME(.init_array.*))
 *(.init_array*)
 .init_array    0x0000000008000990        0x4 d:/installed programs/stm32cubeide_1.4.0/stm32cubeide/plugins/com.st.stm32cube.ide.mcu.externaltools.gnu-tools-for-stm32.7-2018-q2-update.win32_1.4.0.202007081208/tools/bin/../lib/gcc/arm-none-eabi/7.3.1/thumb/v7-m/crtbegin.o
                0x0000000008000994                PROVIDE (__init_array_end = .)
                0x0000000008000994                . = ALIGN (0x4)

.fini_array     0x0000000008000994        0x4
                0x0000000008000994                . = ALIGN (0x4)
                [!provide]                        PROVIDE (__fini_array_start = .)
 *(SORT_BY_NAME(.fini_array.*))
 *(.fini_array*)
 .fini_array    0x0000000008000994        0x4 d:/installed programs/stm32cubeide_1.4.0/stm32cubeide/plugins/com.st.stm32cube.ide.mcu.externaltools.gnu-tools-for-stm32.7-2018-q2-update.win32_1.4.0.202007081208/tools/bin/../lib/gcc/arm-none-eabi/7.3.1/thumb/v7-m/crtbegin.o
                [!provide]                        PROVIDE (__fini_array_end = .)
                0x0000000008000998                . = ALIGN (0x4)
                0x0000000008000998                _sidata = LOADADDR (.data)

.data           0x0000000020000000        0x4 load address 0x0000000008000998
                0x0000000020000000                . = ALIGN (0x4)
                0x0000000020000000                _sdata = .
 *(.data)
 *(.data*)
 .data.PB1      0x0000000020000000        0x4 Src/main.o
                0x0000000020000000                PB1
                0x0000000020000004                . = ALIGN (0x4)
                0x0000000020000004                _edata = .

.igot.plt       0x0000000020000004        0x0 load address 0x000000000800099c
 .igot.plt      0x0000000020000004        0x0 d:/installed programs/stm32cubeide_1.4.0/stm32cubeide/plugins/com.st.stm32cube.ide.mcu.externaltools.gnu-tools-for-stm32.7-2018-q2-update.win32_1.4.0.202007081208/tools/bin/../lib/gcc/arm-none-eabi/7.3.1/thumb/v7-m/crtbegin.o
                0x0000000020000004                . = ALIGN (0x4)

.bss            0x0000000020000004       0x5c load address 0x000000000800099c
                0x0000000020000004                _sbss = .
                0x0000000020000004                __bss_start__ = _sbss
 *(.bss)
 .bss           0x0000000020000004       0x1c d:/installed programs/stm32cubeide_1.4.0/stm32cubeide/plugins/com.st.stm32cube.ide.mcu.externaltools.gnu-tools-for-stm32.7-2018-q2-update.win32_1.4.0.202007081208/tools/bin/../lib/gcc/arm-none-eabi/7.3.1/thumb/v7-m/crtbegin.o
 *(.bss*)
 *(COMMON)
 COMMON         0x0000000020000020       0x40 MCAL_Stm32F103x8/EXTI_Stm32F103x8/EXTI_Stm32F103x8.o
                0x0000000020000020                GP_IRQ_CallBack
                0x0000000020000060                . = ALIGN (0x4)
                0x0000000020000060                _ebss = .
                0x0000000020000060                __bss_end__ = _ebss

._user_heap_stack
                0x0000000020000060      0x600 load address 0x000000000800099c
                0x0000000020000060                . = ALIGN (0x8)
                [!provide]                        PROVIDE (end = .)
                0x0000000020000060                PROVIDE (_end = .)
                0x0000000020000260                . = (. + _Min_Heap_Size)
 *fill*         0x0000000020000060      0x200 
                0x0000000020000660                . = (. + _Min_Stack_Size)
 *fill*         0x0000000020000260      0x400 
                0x0000000020000660                . = ALIGN (0x8)

/DISCARD/
 libc.a(*)
 libm.a(*)
 libgcc.a(*)

.ARM.attributes
                0x0000000000000000       0x29
 *(.ARM.attributes)
 .ARM.attributes
                0x0000000000000000       0x1d d:/installed programs/stm32cubeide_1.4.0/stm32cubeide/plugins/com.st.stm32cube.ide.mcu.externaltools.gnu-tools-for-stm32.7-2018-q2-update.win32_1.4.0.202007081208/tools/bin/../lib/gcc/arm-none-eabi/7.3.1/thumb/v7-m/crti.o
 .ARM.attributes
                0x000000000000001d       0x2d d:/installed programs/stm32cubeide_1.4.0/stm32cubeide/plugins/com.st.stm32cube.ide.mcu.externaltools.gnu-tools-for-stm32.7-2018-q2-update.win32_1.4.0.202007081208/tools/bin/../lib/gcc/arm-none-eabi/7.3.1/thumb/v7-m/crtbegin.o
 .ARM.attributes
                0x000000000000004a       0x33 MCAL_Stm32F103x8/EXTI_Stm32F103x8/EXTI_Stm32F103x8.o
 .ARM.attributes
                0x000000000000007d       0x33 MCAL_Stm32F103x8/GPIO_Stm32F103x8/GPIO_Stm32F103x8.o
 .ARM.attributes
                0x00000000000000b0       0x33 Src/main.o
 .ARM.attributes
                0x00000000000000e3       0x21 Startup/startup_stm32f103c6tx.o
 .ARM.attributes
                0x0000000000000104       0x2d d:/installed programs/stm32cubeide_1.4.0/stm32cubeide/plugins/com.st.stm32cube.ide.mcu.externaltools.gnu-tools-for-stm32.7-2018-q2-update.win32_1.4.0.202007081208/tools/bin/../lib/gcc/arm-none-eabi/7.3.1/../../../../arm-none-eabi/lib/thumb/v7-m\libc_nano.a(lib_a-init.o)
 .ARM.attributes
                0x0000000000000131       0x1d d:/installed programs/stm32cubeide_1.4.0/stm32cubeide/plugins/com.st.stm32cube.ide.mcu.externaltools.gnu-tools-for-stm32.7-2018-q2-update.win32_1.4.0.202007081208/tools/bin/../lib/gcc/arm-none-eabi/7.3.1/thumb/v7-m/crtn.o
OUTPUT(Drivers.elf elf32-littlearm)

.debug_info     0x0000000000000000     0x2867
 .debug_info    0x0000000000000000      0xdcc MCAL_Stm32F103x8/EXTI_Stm32F103x8/EXTI_Stm32F103x8.o
 .debug_info    0x0000000000000dcc      0xdab MCAL_Stm32F103x8/GPIO_Stm32F103x8/GPIO_Stm32F103x8.o
 .debug_info    0x0000000000001b77      0xcce Src/main.o
 .debug_info    0x0000000000002845       0x22 Startup/startup_stm32f103c6tx.o

.debug_abbrev   0x0000000000000000      0x61f
 .debug_abbrev  0x0000000000000000      0x210 MCAL_Stm32F103x8/EXTI_Stm32F103x8/EXTI_Stm32F103x8.o
 .debug_abbrev  0x0000000000000210      0x1ef MCAL_Stm32F103x8/GPIO_Stm32F103x8/GPIO_Stm32F103x8.o
 .debug_abbrev  0x00000000000003ff      0x20e Src/main.o
 .debug_abbrev  0x000000000000060d       0x12 Startup/startup_stm32f103c6tx.o

.debug_loc      0x0000000000000000      0x730
 .debug_loc     0x0000000000000000      0x2d0 MCAL_Stm32F103x8/EXTI_Stm32F103x8/EXTI_Stm32F103x8.o
 .debug_loc     0x00000000000002d0      0x330 MCAL_Stm32F103x8/GPIO_Stm32F103x8/GPIO_Stm32F103x8.o
 .debug_loc     0x0000000000000600      0x130 Src/main.o

.debug_aranges  0x0000000000000000      0x140
 .debug_aranges
                0x0000000000000000       0x78 MCAL_Stm32F103x8/EXTI_Stm32F103x8/EXTI_Stm32F103x8.o
 .debug_aranges
                0x0000000000000078       0x60 MCAL_Stm32F103x8/GPIO_Stm32F103x8/GPIO_Stm32F103x8.o
 .debug_aranges
                0x00000000000000d8       0x40 Src/main.o
 .debug_aranges
                0x0000000000000118       0x28 Startup/startup_stm32f103c6tx.o

.debug_ranges   0x0000000000000000      0x108
 .debug_ranges  0x0000000000000000       0x68 MCAL_Stm32F103x8/EXTI_Stm32F103x8/EXTI_Stm32F103x8.o
 .debug_ranges  0x0000000000000068       0x50 MCAL_Stm32F103x8/GPIO_Stm32F103x8/GPIO_Stm32F103x8.o
 .debug_ranges  0x00000000000000b8       0x30 Src/main.o
 .debug_ranges  0x00000000000000e8       0x20 Startup/startup_stm32f103c6tx.o

.debug_macro    0x0000000000000000     0x2171
 .debug_macro   0x0000000000000000      0x166 MCAL_Stm32F103x8/EXTI_Stm32F103x8/EXTI_Stm32F103x8.o
 .debug_macro   0x0000000000000166      0xa60 MCAL_Stm32F103x8/EXTI_Stm32F103x8/EXTI_Stm32F103x8.o
 .debug_macro   0x0000000000000bc6       0x18 MCAL_Stm32F103x8/EXTI_Stm32F103x8/EXTI_Stm32F103x8.o
 .debug_macro   0x0000000000000bde       0x22 MCAL_Stm32F103x8/EXTI_Stm32F103x8/EXTI_Stm32F103x8.o
 .debug_macro   0x0000000000000c00       0x40 MCAL_Stm32F103x8/EXTI_Stm32F103x8/EXTI_Stm32F103x8.o
 .debug_macro   0x0000000000000c40       0x94 MCAL_Stm32F103x8/EXTI_Stm32F103x8/EXTI_Stm32F103x8.o
 .debug_macro   0x0000000000000cd4       0x3c MCAL_Stm32F103x8/EXTI_Stm32F103x8/EXTI_Stm32F103x8.o
 .debug_macro   0x0000000000000d10       0x34 MCAL_Stm32F103x8/EXTI_Stm32F103x8/EXTI_Stm32F103x8.o
 .debug_macro   0x0000000000000d44       0x16 MCAL_Stm32F103x8/EXTI_Stm32F103x8/EXTI_Stm32F103x8.o
 .debug_macro   0x0000000000000d5a      0x10e MCAL_Stm32F103x8/EXTI_Stm32F103x8/EXTI_Stm32F103x8.o
 .debug_macro   0x0000000000000e68       0x8d MCAL_Stm32F103x8/EXTI_Stm32F103x8/EXTI_Stm32F103x8.o
 .debug_macro   0x0000000000000ef5       0x57 MCAL_Stm32F103x8/EXTI_Stm32F103x8/EXTI_Stm32F103x8.o
 .debug_macro   0x0000000000000f4c       0x52 MCAL_Stm32F103x8/EXTI_Stm32F103x8/EXTI_Stm32F103x8.o
 .debug_macro   0x0000000000000f9e       0x1f MCAL_Stm32F103x8/EXTI_Stm32F103x8/EXTI_Stm32F103x8.o
 .debug_macro   0x0000000000000fbd       0x43 MCAL_Stm32F103x8/EXTI_Stm32F103x8/EXTI_Stm32F103x8.o
 .debug_macro   0x0000000000001000       0x20 MCAL_Stm32F103x8/EXTI_Stm32F103x8/EXTI_Stm32F103x8.o
 .debug_macro   0x0000000000001020      0x1a3 MCAL_Stm32F103x8/EXTI_Stm32F103x8/EXTI_Stm32F103x8.o
 .debug_macro   0x00000000000011c3      0x330 MCAL_Stm32F103x8/EXTI_Stm32F103x8/EXTI_Stm32F103x8.o
 .debug_macro   0x00000000000014f3       0x16 MCAL_Stm32F103x8/EXTI_Stm32F103x8/EXTI_Stm32F103x8.o
 .debug_macro   0x0000000000001509       0x29 MCAL_Stm32F103x8/EXTI_Stm32F103x8/EXTI_Stm32F103x8.o
 .debug_macro   0x0000000000001532       0x22 MCAL_Stm32F103x8/EXTI_Stm32F103x8/EXTI_Stm32F103x8.o
 .debug_macro   0x0000000000001554       0xef MCAL_Stm32F103x8/EXTI_Stm32F103x8/EXTI_Stm32F103x8.o
 .debug_macro   0x0000000000001643       0x6a MCAL_Stm32F103x8/EXTI_Stm32F103x8/EXTI_Stm32F103x8.o
 .debug_macro   0x00000000000016ad      0x1df MCAL_Stm32F103x8/EXTI_Stm32F103x8/EXTI_Stm32F103x8.o
 .debug_macro   0x000000000000188c       0x28 MCAL_Stm32F103x8/EXTI_Stm32F103x8/EXTI_Stm32F103x8.o
 .debug_macro   0x00000000000018b4      0x1d0 MCAL_Stm32F103x8/EXTI_Stm32F103x8/EXTI_Stm32F103x8.o
 .debug_macro   0x0000000000001a84       0xd0 MCAL_Stm32F103x8/EXTI_Stm32F103x8/EXTI_Stm32F103x8.o
 .debug_macro   0x0000000000001b54      0x282 MCAL_Stm32F103x8/EXTI_Stm32F103x8/EXTI_Stm32F103x8.o
 .debug_macro   0x0000000000001dd6      0x157 MCAL_Stm32F103x8/GPIO_Stm32F103x8/GPIO_Stm32F103x8.o
 .debug_macro   0x0000000000001f2d       0xca MCAL_Stm32F103x8/GPIO_Stm32F103x8/GPIO_Stm32F103x8.o
 .debug_macro   0x0000000000001ff7      0x17a Src/main.o

.debug_line     0x0000000000000000     0x17da
 .debug_line    0x0000000000000000      0x851 MCAL_Stm32F103x8/EXTI_Stm32F103x8/EXTI_Stm32F103x8.o
 .debug_line    0x0000000000000851      0x7e0 MCAL_Stm32F103x8/GPIO_Stm32F103x8/GPIO_Stm32F103x8.o
 .debug_line    0x0000000000001031      0x725 Src/main.o
 .debug_line    0x0000000000001756       0x84 Startup/startup_stm32f103c6tx.o

.debug_str      0x0000000000000000     0x957f
 .debug_str     0x0000000000000000     0x9393 MCAL_Stm32F103x8/EXTI_Stm32F103x8/EXTI_Stm32F103x8.o
                                       0x9610 (size before relaxing)
 .debug_str     0x0000000000009393      0x160 MCAL_Stm32F103x8/GPIO_Stm32F103x8/GPIO_Stm32F103x8.o
                                       0x7eef (size before relaxing)
 .debug_str     0x00000000000094f3       0x5b Src/main.o
                                       0x94a6 (size before relaxing)
 .debug_str     0x000000000000954e       0x31 Startup/startup_stm32f103c6tx.o
                                         0x78 (size before relaxing)

.comment        0x0000000000000000       0x7b
 .comment       0x0000000000000000       0x7b MCAL_Stm32F103x8/EXTI_Stm32F103x8/EXTI_Stm32F103x8.o
                                         0x7c (size before relaxing)
 .comment       0x000000000000007b       0x7c MCAL_Stm32F103x8/GPIO_Stm32F103x8/GPIO_Stm32F103x8.o
 .comment       0x000000000000007b       0x7c Src/main.o

.debug_frame    0x0000000000000000      0x3e0
 .debug_frame   0x0000000000000000      0x190 MCAL_Stm32F103x8/EXTI_Stm32F103x8/EXTI_Stm32F103x8.o
 .debug_frame   0x0000000000000190      0x174 MCAL_Stm32F103x8/GPIO_Stm32F103x8/GPIO_Stm32F103x8.o
 .debug_frame   0x0000000000000304       0xb0 Src/main.o
 .debug_frame   0x00000000000003b4       0x2c d:/installed programs/stm32cubeide_1.4.0/stm32cubeide/plugins/com.st.stm32cube.ide.mcu.externaltools.gnu-tools-for-stm32.7-2018-q2-update.win32_1.4.0.202007081208/tools/bin/../lib/gcc/arm-none-eabi/7.3.1/../../../../arm-none-eabi/lib/thumb/v7-m\libc_nano.a(lib_a-init.o)
