Archive member included to satisfy reference by file (symbol)

d:/installed programs/stm32cubeide_1.4.0/stm32cubeide/plugins/com.st.stm32cube.ide.mcu.externaltools.gnu-tools-for-stm32.7-2018-q2-update.win32_1.4.0.202007081208/tools/bin/../lib/gcc/arm-none-eabi/7.3.1/../../../../arm-none-eabi/lib/thumb/v7-m\libc.a(lib_a-errno.o)
                              Src/syscalls.o (__errno)
d:/installed programs/stm32cubeide_1.4.0/stm32cubeide/plugins/com.st.stm32cube.ide.mcu.externaltools.gnu-tools-for-stm32.7-2018-q2-update.win32_1.4.0.202007081208/tools/bin/../lib/gcc/arm-none-eabi/7.3.1/../../../../arm-none-eabi/lib/thumb/v7-m\libc.a(lib_a-exit.o)
                              d:/installed programs/stm32cubeide_1.4.0/stm32cubeide/plugins/com.st.stm32cube.ide.mcu.externaltools.gnu-tools-for-stm32.7-2018-q2-update.win32_1.4.0.202007081208/tools/bin/../lib/gcc/arm-none-eabi/7.3.1/../../../../arm-none-eabi/lib/thumb/v7-m/crt0.o (exit)
d:/installed programs/stm32cubeide_1.4.0/stm32cubeide/plugins/com.st.stm32cube.ide.mcu.externaltools.gnu-tools-for-stm32.7-2018-q2-update.win32_1.4.0.202007081208/tools/bin/../lib/gcc/arm-none-eabi/7.3.1/../../../../arm-none-eabi/lib/thumb/v7-m\libc.a(lib_a-impure.o)
                              d:/installed programs/stm32cubeide_1.4.0/stm32cubeide/plugins/com.st.stm32cube.ide.mcu.externaltools.gnu-tools-for-stm32.7-2018-q2-update.win32_1.4.0.202007081208/tools/bin/../lib/gcc/arm-none-eabi/7.3.1/../../../../arm-none-eabi/lib/thumb/v7-m\libc.a(lib_a-exit.o) (_global_impure_ptr)
d:/installed programs/stm32cubeide_1.4.0/stm32cubeide/plugins/com.st.stm32cube.ide.mcu.externaltools.gnu-tools-for-stm32.7-2018-q2-update.win32_1.4.0.202007081208/tools/bin/../lib/gcc/arm-none-eabi/7.3.1/../../../../arm-none-eabi/lib/thumb/v7-m\libc.a(lib_a-init.o)
                              d:/installed programs/stm32cubeide_1.4.0/stm32cubeide/plugins/com.st.stm32cube.ide.mcu.externaltools.gnu-tools-for-stm32.7-2018-q2-update.win32_1.4.0.202007081208/tools/bin/../lib/gcc/arm-none-eabi/7.3.1/../../../../arm-none-eabi/lib/thumb/v7-m/crt0.o (__libc_init_array)
d:/installed programs/stm32cubeide_1.4.0/stm32cubeide/plugins/com.st.stm32cube.ide.mcu.externaltools.gnu-tools-for-stm32.7-2018-q2-update.win32_1.4.0.202007081208/tools/bin/../lib/gcc/arm-none-eabi/7.3.1/../../../../arm-none-eabi/lib/thumb/v7-m\libc.a(lib_a-memset.o)
                              d:/installed programs/stm32cubeide_1.4.0/stm32cubeide/plugins/com.st.stm32cube.ide.mcu.externaltools.gnu-tools-for-stm32.7-2018-q2-update.win32_1.4.0.202007081208/tools/bin/../lib/gcc/arm-none-eabi/7.3.1/../../../../arm-none-eabi/lib/thumb/v7-m/crt0.o (memset)
d:/installed programs/stm32cubeide_1.4.0/stm32cubeide/plugins/com.st.stm32cube.ide.mcu.externaltools.gnu-tools-for-stm32.7-2018-q2-update.win32_1.4.0.202007081208/tools/bin/../lib/gcc/arm-none-eabi/7.3.1/../../../../arm-none-eabi/lib/thumb/v7-m\libc.a(lib_a-strcmp.o)
                              MY_RTOS/Scheduler.o (strcmp)
d:/installed programs/stm32cubeide_1.4.0/stm32cubeide/plugins/com.st.stm32cube.ide.mcu.externaltools.gnu-tools-for-stm32.7-2018-q2-update.win32_1.4.0.202007081208/tools/bin/../lib/gcc/arm-none-eabi/7.3.1/../../../../arm-none-eabi/lib/thumb/v7-m\libc.a(lib_a-__call_atexit.o)
                              d:/installed programs/stm32cubeide_1.4.0/stm32cubeide/plugins/com.st.stm32cube.ide.mcu.externaltools.gnu-tools-for-stm32.7-2018-q2-update.win32_1.4.0.202007081208/tools/bin/../lib/gcc/arm-none-eabi/7.3.1/../../../../arm-none-eabi/lib/thumb/v7-m\libc.a(lib_a-exit.o) (__call_exitprocs)
d:/installed programs/stm32cubeide_1.4.0/stm32cubeide/plugins/com.st.stm32cube.ide.mcu.externaltools.gnu-tools-for-stm32.7-2018-q2-update.win32_1.4.0.202007081208/tools/bin/../lib/gcc/arm-none-eabi/7.3.1/../../../../arm-none-eabi/lib/thumb/v7-m\libc.a(lib_a-atexit.o)
                              d:/installed programs/stm32cubeide_1.4.0/stm32cubeide/plugins/com.st.stm32cube.ide.mcu.externaltools.gnu-tools-for-stm32.7-2018-q2-update.win32_1.4.0.202007081208/tools/bin/../lib/gcc/arm-none-eabi/7.3.1/../../../../arm-none-eabi/lib/thumb/v7-m\libc.a(lib_a-__call_atexit.o) (atexit)
d:/installed programs/stm32cubeide_1.4.0/stm32cubeide/plugins/com.st.stm32cube.ide.mcu.externaltools.gnu-tools-for-stm32.7-2018-q2-update.win32_1.4.0.202007081208/tools/bin/../lib/gcc/arm-none-eabi/7.3.1/../../../../arm-none-eabi/lib/thumb/v7-m\libc.a(lib_a-fini.o)
                              d:/installed programs/stm32cubeide_1.4.0/stm32cubeide/plugins/com.st.stm32cube.ide.mcu.externaltools.gnu-tools-for-stm32.7-2018-q2-update.win32_1.4.0.202007081208/tools/bin/../lib/gcc/arm-none-eabi/7.3.1/../../../../arm-none-eabi/lib/thumb/v7-m\libc.a(lib_a-__call_atexit.o) (__libc_fini_array)
d:/installed programs/stm32cubeide_1.4.0/stm32cubeide/plugins/com.st.stm32cube.ide.mcu.externaltools.gnu-tools-for-stm32.7-2018-q2-update.win32_1.4.0.202007081208/tools/bin/../lib/gcc/arm-none-eabi/7.3.1/../../../../arm-none-eabi/lib/thumb/v7-m\libc.a(lib_a-lock.o)
                              d:/installed programs/stm32cubeide_1.4.0/stm32cubeide/plugins/com.st.stm32cube.ide.mcu.externaltools.gnu-tools-for-stm32.7-2018-q2-update.win32_1.4.0.202007081208/tools/bin/../lib/gcc/arm-none-eabi/7.3.1/../../../../arm-none-eabi/lib/thumb/v7-m\libc.a(lib_a-__call_atexit.o) (__retarget_lock_acquire_recursive)
d:/installed programs/stm32cubeide_1.4.0/stm32cubeide/plugins/com.st.stm32cube.ide.mcu.externaltools.gnu-tools-for-stm32.7-2018-q2-update.win32_1.4.0.202007081208/tools/bin/../lib/gcc/arm-none-eabi/7.3.1/../../../../arm-none-eabi/lib/thumb/v7-m\libc.a(lib_a-__atexit.o)
                              d:/installed programs/stm32cubeide_1.4.0/stm32cubeide/plugins/com.st.stm32cube.ide.mcu.externaltools.gnu-tools-for-stm32.7-2018-q2-update.win32_1.4.0.202007081208/tools/bin/../lib/gcc/arm-none-eabi/7.3.1/../../../../arm-none-eabi/lib/thumb/v7-m\libc.a(lib_a-atexit.o) (__register_exitproc)

Allocating common symbols
Common symbol       size              file

Mutex1              0x54              Src/main.o
__lock___atexit_recursive_mutex
                    0x1               d:/installed programs/stm32cubeide_1.4.0/stm32cubeide/plugins/com.st.stm32cube.ide.mcu.externaltools.gnu-tools-for-stm32.7-2018-q2-update.win32_1.4.0.202007081208/tools/bin/../lib/gcc/arm-none-eabi/7.3.1/../../../../arm-none-eabi/lib/thumb/v7-m\libc.a(lib_a-lock.o)
__lock___arc4random_mutex
                    0x1               d:/installed programs/stm32cubeide_1.4.0/stm32cubeide/plugins/com.st.stm32cube.ide.mcu.externaltools.gnu-tools-for-stm32.7-2018-q2-update.win32_1.4.0.202007081208/tools/bin/../lib/gcc/arm-none-eabi/7.3.1/../../../../arm-none-eabi/lib/thumb/v7-m\libc.a(lib_a-lock.o)
GP_IRQ_EXTI_CallBack
                    0x40              MCAL_Stm32F103x8/EXTI_Stm32F103x8/EXTI_Stm32F103x8.o
Ready_Queue         0x10              MY_RTOS/Scheduler.o
GP_IRQ_SPI_CallBack
                    0x8               MCAL_Stm32F103x8/EXTI_Stm32F103x8/EXTI_Stm32F103x8.o
Task1Indic          0x1               Src/main.o
__lock___env_recursive_mutex
                    0x1               d:/installed programs/stm32cubeide_1.4.0/stm32cubeide/plugins/com.st.stm32cube.ide.mcu.externaltools.gnu-tools-for-stm32.7-2018-q2-update.win32_1.4.0.202007081208/tools/bin/../lib/gcc/arm-none-eabi/7.3.1/../../../../arm-none-eabi/lib/thumb/v7-m\libc.a(lib_a-lock.o)
IdleTaskIndic       0x1               MY_RTOS/Scheduler.o
__lock___sinit_recursive_mutex
                    0x1               d:/installed programs/stm32cubeide_1.4.0/stm32cubeide/plugins/com.st.stm32cube.ide.mcu.externaltools.gnu-tools-for-stm32.7-2018-q2-update.win32_1.4.0.202007081208/tools/bin/../lib/gcc/arm-none-eabi/7.3.1/../../../../arm-none-eabi/lib/thumb/v7-m\libc.a(lib_a-lock.o)
GP_IRQ_UART_CallBack
                    0xc               MCAL_Stm32F103x8/EXTI_Stm32F103x8/EXTI_Stm32F103x8.o
OS_Control          0x1ac             MY_RTOS/Scheduler.o
__lock___malloc_recursive_mutex
                    0x1               d:/installed programs/stm32cubeide_1.4.0/stm32cubeide/plugins/com.st.stm32cube.ide.mcu.externaltools.gnu-tools-for-stm32.7-2018-q2-update.win32_1.4.0.202007081208/tools/bin/../lib/gcc/arm-none-eabi/7.3.1/../../../../arm-none-eabi/lib/thumb/v7-m\libc.a(lib_a-lock.o)
Task3Indic          0x1               Src/main.o
SysTickIndic        0x1               MY_RTOS/CortexM3&4_OS_Porting.o
MY_RTOS_Task2       0x44              Src/main.o
MY_RTOS_Task3       0x44              Src/main.o
USARTx_Word_Length_Parity
                    0x6               MCAL_Stm32F103x8/UART_Stm32F103x8/UART_Stm32F103x8.o
__lock___at_quick_exit_mutex
                    0x1               d:/installed programs/stm32cubeide_1.4.0/stm32cubeide/plugins/com.st.stm32cube.ide.mcu.externaltools.gnu-tools-for-stm32.7-2018-q2-update.win32_1.4.0.202007081208/tools/bin/../lib/gcc/arm-none-eabi/7.3.1/../../../../arm-none-eabi/lib/thumb/v7-m\libc.a(lib_a-lock.o)
Task2Indic          0x1               Src/main.o
__lock___dd_hash_mutex
                    0x1               d:/installed programs/stm32cubeide_1.4.0/stm32cubeide/plugins/com.st.stm32cube.ide.mcu.externaltools.gnu-tools-for-stm32.7-2018-q2-update.win32_1.4.0.202007081208/tools/bin/../lib/gcc/arm-none-eabi/7.3.1/../../../../arm-none-eabi/lib/thumb/v7-m\libc.a(lib_a-lock.o)
__lock___tz_mutex   0x1               d:/installed programs/stm32cubeide_1.4.0/stm32cubeide/plugins/com.st.stm32cube.ide.mcu.externaltools.gnu-tools-for-stm32.7-2018-q2-update.win32_1.4.0.202007081208/tools/bin/../lib/gcc/arm-none-eabi/7.3.1/../../../../arm-none-eabi/lib/thumb/v7-m\libc.a(lib_a-lock.o)
MY_RTOS_IDLE_Task   0x44              MY_RTOS/Scheduler.o
MY_RTOS_Task1       0x44              Src/main.o
Ready_Queue_FIFO    0x28              MY_RTOS/Scheduler.o
__lock___sfp_recursive_mutex
                    0x1               d:/installed programs/stm32cubeide_1.4.0/stm32cubeide/plugins/com.st.stm32cube.ide.mcu.externaltools.gnu-tools-for-stm32.7-2018-q2-update.win32_1.4.0.202007081208/tools/bin/../lib/gcc/arm-none-eabi/7.3.1/../../../../arm-none-eabi/lib/thumb/v7-m\libc.a(lib_a-lock.o)

Discarded input sections

 .text          0x0000000000000000        0x0 d:/installed programs/stm32cubeide_1.4.0/stm32cubeide/plugins/com.st.stm32cube.ide.mcu.externaltools.gnu-tools-for-stm32.7-2018-q2-update.win32_1.4.0.202007081208/tools/bin/../lib/gcc/arm-none-eabi/7.3.1/thumb/v7-m/crti.o
 .data          0x0000000000000000        0x0 d:/installed programs/stm32cubeide_1.4.0/stm32cubeide/plugins/com.st.stm32cube.ide.mcu.externaltools.gnu-tools-for-stm32.7-2018-q2-update.win32_1.4.0.202007081208/tools/bin/../lib/gcc/arm-none-eabi/7.3.1/thumb/v7-m/crti.o
 .bss           0x0000000000000000        0x0 d:/installed programs/stm32cubeide_1.4.0/stm32cubeide/plugins/com.st.stm32cube.ide.mcu.externaltools.gnu-tools-for-stm32.7-2018-q2-update.win32_1.4.0.202007081208/tools/bin/../lib/gcc/arm-none-eabi/7.3.1/thumb/v7-m/crti.o
 .data          0x0000000000000000        0x4 d:/installed programs/stm32cubeide_1.4.0/stm32cubeide/plugins/com.st.stm32cube.ide.mcu.externaltools.gnu-tools-for-stm32.7-2018-q2-update.win32_1.4.0.202007081208/tools/bin/../lib/gcc/arm-none-eabi/7.3.1/thumb/v7-m/crtbegin.o
 .text          0x0000000000000000       0x74 d:/installed programs/stm32cubeide_1.4.0/stm32cubeide/plugins/com.st.stm32cube.ide.mcu.externaltools.gnu-tools-for-stm32.7-2018-q2-update.win32_1.4.0.202007081208/tools/bin/../lib/gcc/arm-none-eabi/7.3.1/../../../../arm-none-eabi/lib/thumb/v7-m/crt0.o
 .data          0x0000000000000000        0x0 d:/installed programs/stm32cubeide_1.4.0/stm32cubeide/plugins/com.st.stm32cube.ide.mcu.externaltools.gnu-tools-for-stm32.7-2018-q2-update.win32_1.4.0.202007081208/tools/bin/../lib/gcc/arm-none-eabi/7.3.1/../../../../arm-none-eabi/lib/thumb/v7-m/crt0.o
 .bss           0x0000000000000000        0x0 d:/installed programs/stm32cubeide_1.4.0/stm32cubeide/plugins/com.st.stm32cube.ide.mcu.externaltools.gnu-tools-for-stm32.7-2018-q2-update.win32_1.4.0.202007081208/tools/bin/../lib/gcc/arm-none-eabi/7.3.1/../../../../arm-none-eabi/lib/thumb/v7-m/crt0.o
 .ARM.extab     0x0000000000000000        0x0 d:/installed programs/stm32cubeide_1.4.0/stm32cubeide/plugins/com.st.stm32cube.ide.mcu.externaltools.gnu-tools-for-stm32.7-2018-q2-update.win32_1.4.0.202007081208/tools/bin/../lib/gcc/arm-none-eabi/7.3.1/../../../../arm-none-eabi/lib/thumb/v7-m/crt0.o
 .ARM.exidx     0x0000000000000000        0x8 d:/installed programs/stm32cubeide_1.4.0/stm32cubeide/plugins/com.st.stm32cube.ide.mcu.externaltools.gnu-tools-for-stm32.7-2018-q2-update.win32_1.4.0.202007081208/tools/bin/../lib/gcc/arm-none-eabi/7.3.1/../../../../arm-none-eabi/lib/thumb/v7-m/crt0.o
 .ARM.attributes
                0x0000000000000000       0x1b d:/installed programs/stm32cubeide_1.4.0/stm32cubeide/plugins/com.st.stm32cube.ide.mcu.externaltools.gnu-tools-for-stm32.7-2018-q2-update.win32_1.4.0.202007081208/tools/bin/../lib/gcc/arm-none-eabi/7.3.1/../../../../arm-none-eabi/lib/thumb/v7-m/crt0.o
 .text          0x0000000000000000        0x0 MCAL_Stm32F103x8/EXTI_Stm32F103x8/EXTI_Stm32F103x8.o
 .data          0x0000000000000000        0x0 MCAL_Stm32F103x8/EXTI_Stm32F103x8/EXTI_Stm32F103x8.o
 .bss           0x0000000000000000        0x0 MCAL_Stm32F103x8/EXTI_Stm32F103x8/EXTI_Stm32F103x8.o
 .text.NVIC_Enable
                0x0000000000000000       0xcc MCAL_Stm32F103x8/EXTI_Stm32F103x8/EXTI_Stm32F103x8.o
 .text.NVIC_Disable
                0x0000000000000000       0xcc MCAL_Stm32F103x8/EXTI_Stm32F103x8/EXTI_Stm32F103x8.o
 .text.MCAL_EXTI_ALL_DeInit
                0x0000000000000000       0x94 MCAL_Stm32F103x8/EXTI_Stm32F103x8/EXTI_Stm32F103x8.o
 .text.MCAL_EXTI_Init
                0x0000000000000000      0x170 MCAL_Stm32F103x8/EXTI_Stm32F103x8/EXTI_Stm32F103x8.o
 .text.MCAL_EXTI_Update
                0x0000000000000000       0x16 MCAL_Stm32F103x8/EXTI_Stm32F103x8/EXTI_Stm32F103x8.o
 .text          0x0000000000000000        0x0 MCAL_Stm32F103x8/GPIO_Stm32F103x8/GPIO_Stm32F103x8.o
 .data          0x0000000000000000        0x0 MCAL_Stm32F103x8/GPIO_Stm32F103x8/GPIO_Stm32F103x8.o
 .bss           0x0000000000000000        0x0 MCAL_Stm32F103x8/GPIO_Stm32F103x8/GPIO_Stm32F103x8.o
 .text.Get_CRLH_Position
                0x0000000000000000       0xa6 MCAL_Stm32F103x8/GPIO_Stm32F103x8/GPIO_Stm32F103x8.o
 .text.MCAL_GPIO_Init
                0x0000000000000000      0x16c MCAL_Stm32F103x8/GPIO_Stm32F103x8/GPIO_Stm32F103x8.o
 .text.MCAL_GPIO_DeInit
                0x0000000000000000       0xd4 MCAL_Stm32F103x8/GPIO_Stm32F103x8/GPIO_Stm32F103x8.o
 .text.MCAL_GPIO_ReadPin
                0x0000000000000000       0x2e MCAL_Stm32F103x8/GPIO_Stm32F103x8/GPIO_Stm32F103x8.o
 .text.MCAL_GPIO_ReadPort
                0x0000000000000000       0x18 MCAL_Stm32F103x8/GPIO_Stm32F103x8/GPIO_Stm32F103x8.o
 .text.MCAL_GPIO_WritePin
                0x0000000000000000       0x2e MCAL_Stm32F103x8/GPIO_Stm32F103x8/GPIO_Stm32F103x8.o
 .text.MCAL_GPIO_WritePort
                0x0000000000000000       0x1c MCAL_Stm32F103x8/GPIO_Stm32F103x8/GPIO_Stm32F103x8.o
 .text.MCAL_GPIO_TogglePin
                0x0000000000000000       0x22 MCAL_Stm32F103x8/GPIO_Stm32F103x8/GPIO_Stm32F103x8.o
 .text.MCAL_GPIO_LockPin
                0x0000000000000000       0x48 MCAL_Stm32F103x8/GPIO_Stm32F103x8/GPIO_Stm32F103x8.o
 .debug_info    0x0000000000000000      0xcac MCAL_Stm32F103x8/GPIO_Stm32F103x8/GPIO_Stm32F103x8.o
 .debug_abbrev  0x0000000000000000      0x1f9 MCAL_Stm32F103x8/GPIO_Stm32F103x8/GPIO_Stm32F103x8.o
 .debug_aranges
                0x0000000000000000       0x60 MCAL_Stm32F103x8/GPIO_Stm32F103x8/GPIO_Stm32F103x8.o
 .debug_ranges  0x0000000000000000       0x50 MCAL_Stm32F103x8/GPIO_Stm32F103x8/GPIO_Stm32F103x8.o
 .debug_line    0x0000000000000000      0x5c7 MCAL_Stm32F103x8/GPIO_Stm32F103x8/GPIO_Stm32F103x8.o
 .debug_str     0x0000000000000000      0x81b MCAL_Stm32F103x8/GPIO_Stm32F103x8/GPIO_Stm32F103x8.o
 .comment       0x0000000000000000       0x7c MCAL_Stm32F103x8/GPIO_Stm32F103x8/GPIO_Stm32F103x8.o
 .debug_frame   0x0000000000000000      0x174 MCAL_Stm32F103x8/GPIO_Stm32F103x8/GPIO_Stm32F103x8.o
 .ARM.attributes
                0x0000000000000000       0x33 MCAL_Stm32F103x8/GPIO_Stm32F103x8/GPIO_Stm32F103x8.o
 .text          0x0000000000000000        0x0 MCAL_Stm32F103x8/RCC_Stm32F103x8/RCC_Stm32F103x8.o
 .data          0x0000000000000000        0x0 MCAL_Stm32F103x8/RCC_Stm32F103x8/RCC_Stm32F103x8.o
 .bss           0x0000000000000000        0x0 MCAL_Stm32F103x8/RCC_Stm32F103x8/RCC_Stm32F103x8.o
 .rodata.PLLmulfactor
                0x0000000000000000       0x10 MCAL_Stm32F103x8/RCC_Stm32F103x8/RCC_Stm32F103x8.o
 .rodata.AHBprescaler
                0x0000000000000000       0x10 MCAL_Stm32F103x8/RCC_Stm32F103x8/RCC_Stm32F103x8.o
 .rodata.PCLKprescaler
                0x0000000000000000        0x8 MCAL_Stm32F103x8/RCC_Stm32F103x8/RCC_Stm32F103x8.o
 .text.MCAL_RCC_GetSYSCLK_Freq
                0x0000000000000000       0xa4 MCAL_Stm32F103x8/RCC_Stm32F103x8/RCC_Stm32F103x8.o
 .text.MCAL_RCC_GetHCLK_Freq
                0x0000000000000000       0x28 MCAL_Stm32F103x8/RCC_Stm32F103x8/RCC_Stm32F103x8.o
 .text.MCAL_RCC_GetPCLK1_Freq
                0x0000000000000000       0x28 MCAL_Stm32F103x8/RCC_Stm32F103x8/RCC_Stm32F103x8.o
 .text.MCAL_RCC_GetPCLK2_Freq
                0x0000000000000000       0x28 MCAL_Stm32F103x8/RCC_Stm32F103x8/RCC_Stm32F103x8.o
 .debug_info    0x0000000000000000      0xa97 MCAL_Stm32F103x8/RCC_Stm32F103x8/RCC_Stm32F103x8.o
 .debug_abbrev  0x0000000000000000      0x1b6 MCAL_Stm32F103x8/RCC_Stm32F103x8/RCC_Stm32F103x8.o
 .debug_aranges
                0x0000000000000000       0x38 MCAL_Stm32F103x8/RCC_Stm32F103x8/RCC_Stm32F103x8.o
 .debug_ranges  0x0000000000000000       0x28 MCAL_Stm32F103x8/RCC_Stm32F103x8/RCC_Stm32F103x8.o
 .debug_line    0x0000000000000000      0x4c1 MCAL_Stm32F103x8/RCC_Stm32F103x8/RCC_Stm32F103x8.o
 .debug_str     0x0000000000000000      0x73c MCAL_Stm32F103x8/RCC_Stm32F103x8/RCC_Stm32F103x8.o
 .comment       0x0000000000000000       0x7c MCAL_Stm32F103x8/RCC_Stm32F103x8/RCC_Stm32F103x8.o
 .debug_frame   0x0000000000000000       0x84 MCAL_Stm32F103x8/RCC_Stm32F103x8/RCC_Stm32F103x8.o
 .ARM.attributes
                0x0000000000000000       0x33 MCAL_Stm32F103x8/RCC_Stm32F103x8/RCC_Stm32F103x8.o
 .text          0x0000000000000000        0x0 MCAL_Stm32F103x8/SPI_Stm32F103x8/SPI_Stm32F103x8.o
 .data          0x0000000000000000        0x0 MCAL_Stm32F103x8/SPI_Stm32F103x8/SPI_Stm32F103x8.o
 .bss           0x0000000000000000        0x0 MCAL_Stm32F103x8/SPI_Stm32F103x8/SPI_Stm32F103x8.o
 .text.MCAL_SPI_Init
                0x0000000000000000      0x3a0 MCAL_Stm32F103x8/SPI_Stm32F103x8/SPI_Stm32F103x8.o
 .text.MCAL_SPI_DeInit
                0x0000000000000000       0x64 MCAL_Stm32F103x8/SPI_Stm32F103x8/SPI_Stm32F103x8.o
 .text.MCAL_SPI_Send
                0x0000000000000000       0x36 MCAL_Stm32F103x8/SPI_Stm32F103x8/SPI_Stm32F103x8.o
 .text.MCAL_SPI_Read
                0x0000000000000000       0x36 MCAL_Stm32F103x8/SPI_Stm32F103x8/SPI_Stm32F103x8.o
 .text.MCAL_SPI_Send_Read
                0x0000000000000000       0x54 MCAL_Stm32F103x8/SPI_Stm32F103x8/SPI_Stm32F103x8.o
 .text.MCAL_SPI_Wait_TC
                0x0000000000000000       0x20 MCAL_Stm32F103x8/SPI_Stm32F103x8/SPI_Stm32F103x8.o
 .text          0x0000000000000000        0x0 MCAL_Stm32F103x8/UART_Stm32F103x8/UART_Stm32F103x8.o
 .data          0x0000000000000000        0x0 MCAL_Stm32F103x8/UART_Stm32F103x8/UART_Stm32F103x8.o
 .bss           0x0000000000000000        0x0 MCAL_Stm32F103x8/UART_Stm32F103x8/UART_Stm32F103x8.o
 .text.MCAL_UART_Init
                0x0000000000000000      0x3c0 MCAL_Stm32F103x8/UART_Stm32F103x8/UART_Stm32F103x8.o
 .text.MCAL_UART_DeInit
                0x0000000000000000       0x8c MCAL_Stm32F103x8/UART_Stm32F103x8/UART_Stm32F103x8.o
 .text.MCAL_UART_Send
                0x0000000000000000       0x94 MCAL_Stm32F103x8/UART_Stm32F103x8/UART_Stm32F103x8.o
 .text.MCAL_USART_Read
                0x0000000000000000       0xd0 MCAL_Stm32F103x8/UART_Stm32F103x8/UART_Stm32F103x8.o
 .text.MCAL_UART_Wait_TC
                0x0000000000000000       0x20 MCAL_Stm32F103x8/UART_Stm32F103x8/UART_Stm32F103x8.o
 COMMON         0x0000000000000000        0x6 MCAL_Stm32F103x8/UART_Stm32F103x8/UART_Stm32F103x8.o
 .text          0x0000000000000000        0x0 MY_RTOS/CortexM3&4_OS_Porting.o
 .data          0x0000000000000000        0x0 MY_RTOS/CortexM3&4_OS_Porting.o
 .bss           0x0000000000000000        0x0 MY_RTOS/CortexM3&4_OS_Porting.o
 .text          0x0000000000000000        0x0 MY_RTOS/MY_RTOS_FIFO.o
 .data          0x0000000000000000        0x0 MY_RTOS/MY_RTOS_FIFO.o
 .bss           0x0000000000000000        0x0 MY_RTOS/MY_RTOS_FIFO.o
 .text          0x0000000000000000        0x0 MY_RTOS/Scheduler.o
 .data          0x0000000000000000        0x0 MY_RTOS/Scheduler.o
 .bss           0x0000000000000000        0x0 MY_RTOS/Scheduler.o
 .text.MY_RTOS_Task_Wait
                0x0000000000000000       0x30 MY_RTOS/Scheduler.o
 .text.MY_RTOS_Task_StopWait
                0x0000000000000000       0x26 MY_RTOS/Scheduler.o
 .text.MY_RTOS_Task_ContinueWait
                0x0000000000000000       0x26 MY_RTOS/Scheduler.o
 .text          0x0000000000000000        0x0 Src/MainARM.o
 .data          0x0000000000000000        0x0 Src/MainARM.o
 .bss           0x0000000000000000        0x0 Src/MainARM.o
 .debug_line    0x0000000000000000        0x0 Src/MainARM.o
 .debug_str     0x0000000000000000      0x113 Src/MainARM.o
 .comment       0x0000000000000000       0x7c Src/MainARM.o
 .ARM.attributes
                0x0000000000000000       0x33 Src/MainARM.o
 .text          0x0000000000000000        0x0 Src/main.o
 .data          0x0000000000000000        0x0 Src/main.o
 .bss           0x0000000000000000        0x0 Src/main.o
 .text          0x0000000000000000        0x0 Src/syscalls.o
 .data          0x0000000000000000        0x0 Src/syscalls.o
 .bss           0x0000000000000000        0x0 Src/syscalls.o
 .bss.__env     0x0000000000000000        0x4 Src/syscalls.o
 .data.environ  0x0000000000000000        0x4 Src/syscalls.o
 .text.initialise_monitor_handles
                0x0000000000000000        0xc Src/syscalls.o
 .text._getpid  0x0000000000000000        0xe Src/syscalls.o
 .text._kill    0x0000000000000000       0x20 Src/syscalls.o
 .text._exit    0x0000000000000000       0x14 Src/syscalls.o
 .text._read    0x0000000000000000       0x3a Src/syscalls.o
 .text._write   0x0000000000000000       0x38 Src/syscalls.o
 .text._close   0x0000000000000000       0x16 Src/syscalls.o
 .text._fstat   0x0000000000000000       0x1e Src/syscalls.o
 .text._isatty  0x0000000000000000       0x14 Src/syscalls.o
 .text._lseek   0x0000000000000000       0x18 Src/syscalls.o
 .text._open    0x0000000000000000       0x1a Src/syscalls.o
 .text._wait    0x0000000000000000       0x1e Src/syscalls.o
 .text._unlink  0x0000000000000000       0x1e Src/syscalls.o
 .text._times   0x0000000000000000       0x16 Src/syscalls.o
 .text._stat    0x0000000000000000       0x1e Src/syscalls.o
 .text._link    0x0000000000000000       0x20 Src/syscalls.o
 .text._fork    0x0000000000000000       0x16 Src/syscalls.o
 .text._execve  0x0000000000000000       0x22 Src/syscalls.o
 .debug_info    0x0000000000000000      0xeb9 Src/syscalls.o
 .debug_abbrev  0x0000000000000000      0x25e Src/syscalls.o
 .debug_aranges
                0x0000000000000000       0xa8 Src/syscalls.o
 .debug_ranges  0x0000000000000000       0x98 Src/syscalls.o
 .debug_line    0x0000000000000000      0x576 Src/syscalls.o
 .debug_str     0x0000000000000000      0x83d Src/syscalls.o
 .comment       0x0000000000000000       0x7c Src/syscalls.o
 .debug_frame   0x0000000000000000      0x2ac Src/syscalls.o
 .ARM.attributes
                0x0000000000000000       0x33 Src/syscalls.o
 .text          0x0000000000000000        0x0 Src/sysmem.o
 .data          0x0000000000000000        0x0 Src/sysmem.o
 .bss           0x0000000000000000        0x0 Src/sysmem.o
 .bss.__sbrk_heap_end
                0x0000000000000000        0x4 Src/sysmem.o
 .text._sbrk    0x0000000000000000       0x6c Src/sysmem.o
 .debug_info    0x0000000000000000      0x981 Src/sysmem.o
 .debug_abbrev  0x0000000000000000      0x198 Src/sysmem.o
 .debug_aranges
                0x0000000000000000       0x20 Src/sysmem.o
 .debug_ranges  0x0000000000000000       0x10 Src/sysmem.o
 .debug_line    0x0000000000000000      0x329 Src/sysmem.o
 .debug_str     0x0000000000000000      0x665 Src/sysmem.o
 .comment       0x0000000000000000       0x7c Src/sysmem.o
 .debug_frame   0x0000000000000000       0x34 Src/sysmem.o
 .ARM.attributes
                0x0000000000000000       0x33 Src/sysmem.o
 .text          0x0000000000000000       0x14 Startup/startup_stm32f103c8tx.o
 .data          0x0000000000000000        0x0 Startup/startup_stm32f103c8tx.o
 .bss           0x0000000000000000        0x0 Startup/startup_stm32f103c8tx.o
 .text          0x0000000000000000        0x0 d:/installed programs/stm32cubeide_1.4.0/stm32cubeide/plugins/com.st.stm32cube.ide.mcu.externaltools.gnu-tools-for-stm32.7-2018-q2-update.win32_1.4.0.202007081208/tools/bin/../lib/gcc/arm-none-eabi/7.3.1/../../../../arm-none-eabi/lib/thumb/v7-m\libc.a(lib_a-errno.o)
 .data          0x0000000000000000        0x0 d:/installed programs/stm32cubeide_1.4.0/stm32cubeide/plugins/com.st.stm32cube.ide.mcu.externaltools.gnu-tools-for-stm32.7-2018-q2-update.win32_1.4.0.202007081208/tools/bin/../lib/gcc/arm-none-eabi/7.3.1/../../../../arm-none-eabi/lib/thumb/v7-m\libc.a(lib_a-errno.o)
 .bss           0x0000000000000000        0x0 d:/installed programs/stm32cubeide_1.4.0/stm32cubeide/plugins/com.st.stm32cube.ide.mcu.externaltools.gnu-tools-for-stm32.7-2018-q2-update.win32_1.4.0.202007081208/tools/bin/../lib/gcc/arm-none-eabi/7.3.1/../../../../arm-none-eabi/lib/thumb/v7-m\libc.a(lib_a-errno.o)
 .text.__errno  0x0000000000000000        0xc d:/installed programs/stm32cubeide_1.4.0/stm32cubeide/plugins/com.st.stm32cube.ide.mcu.externaltools.gnu-tools-for-stm32.7-2018-q2-update.win32_1.4.0.202007081208/tools/bin/../lib/gcc/arm-none-eabi/7.3.1/../../../../arm-none-eabi/lib/thumb/v7-m\libc.a(lib_a-errno.o)
 .debug_frame   0x0000000000000000       0x20 d:/installed programs/stm32cubeide_1.4.0/stm32cubeide/plugins/com.st.stm32cube.ide.mcu.externaltools.gnu-tools-for-stm32.7-2018-q2-update.win32_1.4.0.202007081208/tools/bin/../lib/gcc/arm-none-eabi/7.3.1/../../../../arm-none-eabi/lib/thumb/v7-m\libc.a(lib_a-errno.o)
 .ARM.attributes
                0x0000000000000000       0x2d d:/installed programs/stm32cubeide_1.4.0/stm32cubeide/plugins/com.st.stm32cube.ide.mcu.externaltools.gnu-tools-for-stm32.7-2018-q2-update.win32_1.4.0.202007081208/tools/bin/../lib/gcc/arm-none-eabi/7.3.1/../../../../arm-none-eabi/lib/thumb/v7-m\libc.a(lib_a-errno.o)
 .text          0x0000000000000000        0x0 d:/installed programs/stm32cubeide_1.4.0/stm32cubeide/plugins/com.st.stm32cube.ide.mcu.externaltools.gnu-tools-for-stm32.7-2018-q2-update.win32_1.4.0.202007081208/tools/bin/../lib/gcc/arm-none-eabi/7.3.1/../../../../arm-none-eabi/lib/thumb/v7-m\libc.a(lib_a-exit.o)
 .data          0x0000000000000000        0x0 d:/installed programs/stm32cubeide_1.4.0/stm32cubeide/plugins/com.st.stm32cube.ide.mcu.externaltools.gnu-tools-for-stm32.7-2018-q2-update.win32_1.4.0.202007081208/tools/bin/../lib/gcc/arm-none-eabi/7.3.1/../../../../arm-none-eabi/lib/thumb/v7-m\libc.a(lib_a-exit.o)
 .bss           0x0000000000000000        0x0 d:/installed programs/stm32cubeide_1.4.0/stm32cubeide/plugins/com.st.stm32cube.ide.mcu.externaltools.gnu-tools-for-stm32.7-2018-q2-update.win32_1.4.0.202007081208/tools/bin/../lib/gcc/arm-none-eabi/7.3.1/../../../../arm-none-eabi/lib/thumb/v7-m\libc.a(lib_a-exit.o)
 .text.exit     0x0000000000000000       0x20 d:/installed programs/stm32cubeide_1.4.0/stm32cubeide/plugins/com.st.stm32cube.ide.mcu.externaltools.gnu-tools-for-stm32.7-2018-q2-update.win32_1.4.0.202007081208/tools/bin/../lib/gcc/arm-none-eabi/7.3.1/../../../../arm-none-eabi/lib/thumb/v7-m\libc.a(lib_a-exit.o)
 .debug_frame   0x0000000000000000       0x28 d:/installed programs/stm32cubeide_1.4.0/stm32cubeide/plugins/com.st.stm32cube.ide.mcu.externaltools.gnu-tools-for-stm32.7-2018-q2-update.win32_1.4.0.202007081208/tools/bin/../lib/gcc/arm-none-eabi/7.3.1/../../../../arm-none-eabi/lib/thumb/v7-m\libc.a(lib_a-exit.o)
 .ARM.attributes
                0x0000000000000000       0x2d d:/installed programs/stm32cubeide_1.4.0/stm32cubeide/plugins/com.st.stm32cube.ide.mcu.externaltools.gnu-tools-for-stm32.7-2018-q2-update.win32_1.4.0.202007081208/tools/bin/../lib/gcc/arm-none-eabi/7.3.1/../../../../arm-none-eabi/lib/thumb/v7-m\libc.a(lib_a-exit.o)
 .text          0x0000000000000000        0x0 d:/installed programs/stm32cubeide_1.4.0/stm32cubeide/plugins/com.st.stm32cube.ide.mcu.externaltools.gnu-tools-for-stm32.7-2018-q2-update.win32_1.4.0.202007081208/tools/bin/../lib/gcc/arm-none-eabi/7.3.1/../../../../arm-none-eabi/lib/thumb/v7-m\libc.a(lib_a-impure.o)
 .data          0x0000000000000000        0x0 d:/installed programs/stm32cubeide_1.4.0/stm32cubeide/plugins/com.st.stm32cube.ide.mcu.externaltools.gnu-tools-for-stm32.7-2018-q2-update.win32_1.4.0.202007081208/tools/bin/../lib/gcc/arm-none-eabi/7.3.1/../../../../arm-none-eabi/lib/thumb/v7-m\libc.a(lib_a-impure.o)
 .bss           0x0000000000000000        0x0 d:/installed programs/stm32cubeide_1.4.0/stm32cubeide/plugins/com.st.stm32cube.ide.mcu.externaltools.gnu-tools-for-stm32.7-2018-q2-update.win32_1.4.0.202007081208/tools/bin/../lib/gcc/arm-none-eabi/7.3.1/../../../../arm-none-eabi/lib/thumb/v7-m\libc.a(lib_a-impure.o)
 .data._impure_ptr
                0x0000000000000000        0x4 d:/installed programs/stm32cubeide_1.4.0/stm32cubeide/plugins/com.st.stm32cube.ide.mcu.externaltools.gnu-tools-for-stm32.7-2018-q2-update.win32_1.4.0.202007081208/tools/bin/../lib/gcc/arm-none-eabi/7.3.1/../../../../arm-none-eabi/lib/thumb/v7-m\libc.a(lib_a-impure.o)
 .text          0x0000000000000000        0x0 d:/installed programs/stm32cubeide_1.4.0/stm32cubeide/plugins/com.st.stm32cube.ide.mcu.externaltools.gnu-tools-for-stm32.7-2018-q2-update.win32_1.4.0.202007081208/tools/bin/../lib/gcc/arm-none-eabi/7.3.1/../../../../arm-none-eabi/lib/thumb/v7-m\libc.a(lib_a-init.o)
 .data          0x0000000000000000        0x0 d:/installed programs/stm32cubeide_1.4.0/stm32cubeide/plugins/com.st.stm32cube.ide.mcu.externaltools.gnu-tools-for-stm32.7-2018-q2-update.win32_1.4.0.202007081208/tools/bin/../lib/gcc/arm-none-eabi/7.3.1/../../../../arm-none-eabi/lib/thumb/v7-m\libc.a(lib_a-init.o)
 .bss           0x0000000000000000        0x0 d:/installed programs/stm32cubeide_1.4.0/stm32cubeide/plugins/com.st.stm32cube.ide.mcu.externaltools.gnu-tools-for-stm32.7-2018-q2-update.win32_1.4.0.202007081208/tools/bin/../lib/gcc/arm-none-eabi/7.3.1/../../../../arm-none-eabi/lib/thumb/v7-m\libc.a(lib_a-init.o)
 .text          0x0000000000000000        0x0 d:/installed programs/stm32cubeide_1.4.0/stm32cubeide/plugins/com.st.stm32cube.ide.mcu.externaltools.gnu-tools-for-stm32.7-2018-q2-update.win32_1.4.0.202007081208/tools/bin/../lib/gcc/arm-none-eabi/7.3.1/../../../../arm-none-eabi/lib/thumb/v7-m\libc.a(lib_a-memset.o)
 .data          0x0000000000000000        0x0 d:/installed programs/stm32cubeide_1.4.0/stm32cubeide/plugins/com.st.stm32cube.ide.mcu.externaltools.gnu-tools-for-stm32.7-2018-q2-update.win32_1.4.0.202007081208/tools/bin/../lib/gcc/arm-none-eabi/7.3.1/../../../../arm-none-eabi/lib/thumb/v7-m\libc.a(lib_a-memset.o)
 .bss           0x0000000000000000        0x0 d:/installed programs/stm32cubeide_1.4.0/stm32cubeide/plugins/com.st.stm32cube.ide.mcu.externaltools.gnu-tools-for-stm32.7-2018-q2-update.win32_1.4.0.202007081208/tools/bin/../lib/gcc/arm-none-eabi/7.3.1/../../../../arm-none-eabi/lib/thumb/v7-m\libc.a(lib_a-memset.o)
 .text.memset   0x0000000000000000       0x10 d:/installed programs/stm32cubeide_1.4.0/stm32cubeide/plugins/com.st.stm32cube.ide.mcu.externaltools.gnu-tools-for-stm32.7-2018-q2-update.win32_1.4.0.202007081208/tools/bin/../lib/gcc/arm-none-eabi/7.3.1/../../../../arm-none-eabi/lib/thumb/v7-m\libc.a(lib_a-memset.o)
 .debug_frame   0x0000000000000000       0x20 d:/installed programs/stm32cubeide_1.4.0/stm32cubeide/plugins/com.st.stm32cube.ide.mcu.externaltools.gnu-tools-for-stm32.7-2018-q2-update.win32_1.4.0.202007081208/tools/bin/../lib/gcc/arm-none-eabi/7.3.1/../../../../arm-none-eabi/lib/thumb/v7-m\libc.a(lib_a-memset.o)
 .ARM.attributes
                0x0000000000000000       0x2d d:/installed programs/stm32cubeide_1.4.0/stm32cubeide/plugins/com.st.stm32cube.ide.mcu.externaltools.gnu-tools-for-stm32.7-2018-q2-update.win32_1.4.0.202007081208/tools/bin/../lib/gcc/arm-none-eabi/7.3.1/../../../../arm-none-eabi/lib/thumb/v7-m\libc.a(lib_a-memset.o)
 .data          0x0000000000000000        0x0 d:/installed programs/stm32cubeide_1.4.0/stm32cubeide/plugins/com.st.stm32cube.ide.mcu.externaltools.gnu-tools-for-stm32.7-2018-q2-update.win32_1.4.0.202007081208/tools/bin/../lib/gcc/arm-none-eabi/7.3.1/../../../../arm-none-eabi/lib/thumb/v7-m\libc.a(lib_a-strcmp.o)
 .bss           0x0000000000000000        0x0 d:/installed programs/stm32cubeide_1.4.0/stm32cubeide/plugins/com.st.stm32cube.ide.mcu.externaltools.gnu-tools-for-stm32.7-2018-q2-update.win32_1.4.0.202007081208/tools/bin/../lib/gcc/arm-none-eabi/7.3.1/../../../../arm-none-eabi/lib/thumb/v7-m\libc.a(lib_a-strcmp.o)
 .text          0x0000000000000000        0x0 d:/installed programs/stm32cubeide_1.4.0/stm32cubeide/plugins/com.st.stm32cube.ide.mcu.externaltools.gnu-tools-for-stm32.7-2018-q2-update.win32_1.4.0.202007081208/tools/bin/../lib/gcc/arm-none-eabi/7.3.1/../../../../arm-none-eabi/lib/thumb/v7-m\libc.a(lib_a-__call_atexit.o)
 .data          0x0000000000000000        0x0 d:/installed programs/stm32cubeide_1.4.0/stm32cubeide/plugins/com.st.stm32cube.ide.mcu.externaltools.gnu-tools-for-stm32.7-2018-q2-update.win32_1.4.0.202007081208/tools/bin/../lib/gcc/arm-none-eabi/7.3.1/../../../../arm-none-eabi/lib/thumb/v7-m\libc.a(lib_a-__call_atexit.o)
 .bss           0x0000000000000000        0x0 d:/installed programs/stm32cubeide_1.4.0/stm32cubeide/plugins/com.st.stm32cube.ide.mcu.externaltools.gnu-tools-for-stm32.7-2018-q2-update.win32_1.4.0.202007081208/tools/bin/../lib/gcc/arm-none-eabi/7.3.1/../../../../arm-none-eabi/lib/thumb/v7-m\libc.a(lib_a-__call_atexit.o)
 .text.__call_exitprocs
                0x0000000000000000       0xd4 d:/installed programs/stm32cubeide_1.4.0/stm32cubeide/plugins/com.st.stm32cube.ide.mcu.externaltools.gnu-tools-for-stm32.7-2018-q2-update.win32_1.4.0.202007081208/tools/bin/../lib/gcc/arm-none-eabi/7.3.1/../../../../arm-none-eabi/lib/thumb/v7-m\libc.a(lib_a-__call_atexit.o)
 .text          0x0000000000000000        0x0 d:/installed programs/stm32cubeide_1.4.0/stm32cubeide/plugins/com.st.stm32cube.ide.mcu.externaltools.gnu-tools-for-stm32.7-2018-q2-update.win32_1.4.0.202007081208/tools/bin/../lib/gcc/arm-none-eabi/7.3.1/../../../../arm-none-eabi/lib/thumb/v7-m\libc.a(lib_a-atexit.o)
 .data          0x0000000000000000        0x0 d:/installed programs/stm32cubeide_1.4.0/stm32cubeide/plugins/com.st.stm32cube.ide.mcu.externaltools.gnu-tools-for-stm32.7-2018-q2-update.win32_1.4.0.202007081208/tools/bin/../lib/gcc/arm-none-eabi/7.3.1/../../../../arm-none-eabi/lib/thumb/v7-m\libc.a(lib_a-atexit.o)
 .bss           0x0000000000000000        0x0 d:/installed programs/stm32cubeide_1.4.0/stm32cubeide/plugins/com.st.stm32cube.ide.mcu.externaltools.gnu-tools-for-stm32.7-2018-q2-update.win32_1.4.0.202007081208/tools/bin/../lib/gcc/arm-none-eabi/7.3.1/../../../../arm-none-eabi/lib/thumb/v7-m\libc.a(lib_a-atexit.o)
 .text          0x0000000000000000        0x0 d:/installed programs/stm32cubeide_1.4.0/stm32cubeide/plugins/com.st.stm32cube.ide.mcu.externaltools.gnu-tools-for-stm32.7-2018-q2-update.win32_1.4.0.202007081208/tools/bin/../lib/gcc/arm-none-eabi/7.3.1/../../../../arm-none-eabi/lib/thumb/v7-m\libc.a(lib_a-fini.o)
 .data          0x0000000000000000        0x0 d:/installed programs/stm32cubeide_1.4.0/stm32cubeide/plugins/com.st.stm32cube.ide.mcu.externaltools.gnu-tools-for-stm32.7-2018-q2-update.win32_1.4.0.202007081208/tools/bin/../lib/gcc/arm-none-eabi/7.3.1/../../../../arm-none-eabi/lib/thumb/v7-m\libc.a(lib_a-fini.o)
 .bss           0x0000000000000000        0x0 d:/installed programs/stm32cubeide_1.4.0/stm32cubeide/plugins/com.st.stm32cube.ide.mcu.externaltools.gnu-tools-for-stm32.7-2018-q2-update.win32_1.4.0.202007081208/tools/bin/../lib/gcc/arm-none-eabi/7.3.1/../../../../arm-none-eabi/lib/thumb/v7-m\libc.a(lib_a-fini.o)
 .text          0x0000000000000000        0x0 d:/installed programs/stm32cubeide_1.4.0/stm32cubeide/plugins/com.st.stm32cube.ide.mcu.externaltools.gnu-tools-for-stm32.7-2018-q2-update.win32_1.4.0.202007081208/tools/bin/../lib/gcc/arm-none-eabi/7.3.1/../../../../arm-none-eabi/lib/thumb/v7-m\libc.a(lib_a-lock.o)
 .data          0x0000000000000000        0x0 d:/installed programs/stm32cubeide_1.4.0/stm32cubeide/plugins/com.st.stm32cube.ide.mcu.externaltools.gnu-tools-for-stm32.7-2018-q2-update.win32_1.4.0.202007081208/tools/bin/../lib/gcc/arm-none-eabi/7.3.1/../../../../arm-none-eabi/lib/thumb/v7-m\libc.a(lib_a-lock.o)
 .bss           0x0000000000000000        0x0 d:/installed programs/stm32cubeide_1.4.0/stm32cubeide/plugins/com.st.stm32cube.ide.mcu.externaltools.gnu-tools-for-stm32.7-2018-q2-update.win32_1.4.0.202007081208/tools/bin/../lib/gcc/arm-none-eabi/7.3.1/../../../../arm-none-eabi/lib/thumb/v7-m\libc.a(lib_a-lock.o)
 .text.__retarget_lock_init
                0x0000000000000000        0x2 d:/installed programs/stm32cubeide_1.4.0/stm32cubeide/plugins/com.st.stm32cube.ide.mcu.externaltools.gnu-tools-for-stm32.7-2018-q2-update.win32_1.4.0.202007081208/tools/bin/../lib/gcc/arm-none-eabi/7.3.1/../../../../arm-none-eabi/lib/thumb/v7-m\libc.a(lib_a-lock.o)
 .text.__retarget_lock_init_recursive
                0x0000000000000000        0x2 d:/installed programs/stm32cubeide_1.4.0/stm32cubeide/plugins/com.st.stm32cube.ide.mcu.externaltools.gnu-tools-for-stm32.7-2018-q2-update.win32_1.4.0.202007081208/tools/bin/../lib/gcc/arm-none-eabi/7.3.1/../../../../arm-none-eabi/lib/thumb/v7-m\libc.a(lib_a-lock.o)
 .text.__retarget_lock_close
                0x0000000000000000        0x2 d:/installed programs/stm32cubeide_1.4.0/stm32cubeide/plugins/com.st.stm32cube.ide.mcu.externaltools.gnu-tools-for-stm32.7-2018-q2-update.win32_1.4.0.202007081208/tools/bin/../lib/gcc/arm-none-eabi/7.3.1/../../../../arm-none-eabi/lib/thumb/v7-m\libc.a(lib_a-lock.o)
 .text.__retarget_lock_close_recursive
                0x0000000000000000        0x2 d:/installed programs/stm32cubeide_1.4.0/stm32cubeide/plugins/com.st.stm32cube.ide.mcu.externaltools.gnu-tools-for-stm32.7-2018-q2-update.win32_1.4.0.202007081208/tools/bin/../lib/gcc/arm-none-eabi/7.3.1/../../../../arm-none-eabi/lib/thumb/v7-m\libc.a(lib_a-lock.o)
 .text.__retarget_lock_acquire
                0x0000000000000000        0x2 d:/installed programs/stm32cubeide_1.4.0/stm32cubeide/plugins/com.st.stm32cube.ide.mcu.externaltools.gnu-tools-for-stm32.7-2018-q2-update.win32_1.4.0.202007081208/tools/bin/../lib/gcc/arm-none-eabi/7.3.1/../../../../arm-none-eabi/lib/thumb/v7-m\libc.a(lib_a-lock.o)
 .text.__retarget_lock_try_acquire
                0x0000000000000000        0x4 d:/installed programs/stm32cubeide_1.4.0/stm32cubeide/plugins/com.st.stm32cube.ide.mcu.externaltools.gnu-tools-for-stm32.7-2018-q2-update.win32_1.4.0.202007081208/tools/bin/../lib/gcc/arm-none-eabi/7.3.1/../../../../arm-none-eabi/lib/thumb/v7-m\libc.a(lib_a-lock.o)
 .text.__retarget_lock_try_acquire_recursive
                0x0000000000000000        0x4 d:/installed programs/stm32cubeide_1.4.0/stm32cubeide/plugins/com.st.stm32cube.ide.mcu.externaltools.gnu-tools-for-stm32.7-2018-q2-update.win32_1.4.0.202007081208/tools/bin/../lib/gcc/arm-none-eabi/7.3.1/../../../../arm-none-eabi/lib/thumb/v7-m\libc.a(lib_a-lock.o)
 .text.__retarget_lock_release
                0x0000000000000000        0x2 d:/installed programs/stm32cubeide_1.4.0/stm32cubeide/plugins/com.st.stm32cube.ide.mcu.externaltools.gnu-tools-for-stm32.7-2018-q2-update.win32_1.4.0.202007081208/tools/bin/../lib/gcc/arm-none-eabi/7.3.1/../../../../arm-none-eabi/lib/thumb/v7-m\libc.a(lib_a-lock.o)
 .text          0x0000000000000000        0x0 d:/installed programs/stm32cubeide_1.4.0/stm32cubeide/plugins/com.st.stm32cube.ide.mcu.externaltools.gnu-tools-for-stm32.7-2018-q2-update.win32_1.4.0.202007081208/tools/bin/../lib/gcc/arm-none-eabi/7.3.1/../../../../arm-none-eabi/lib/thumb/v7-m\libc.a(lib_a-__atexit.o)
 .data          0x0000000000000000        0x0 d:/installed programs/stm32cubeide_1.4.0/stm32cubeide/plugins/com.st.stm32cube.ide.mcu.externaltools.gnu-tools-for-stm32.7-2018-q2-update.win32_1.4.0.202007081208/tools/bin/../lib/gcc/arm-none-eabi/7.3.1/../../../../arm-none-eabi/lib/thumb/v7-m\libc.a(lib_a-__atexit.o)
 .bss           0x0000000000000000        0x0 d:/installed programs/stm32cubeide_1.4.0/stm32cubeide/plugins/com.st.stm32cube.ide.mcu.externaltools.gnu-tools-for-stm32.7-2018-q2-update.win32_1.4.0.202007081208/tools/bin/../lib/gcc/arm-none-eabi/7.3.1/../../../../arm-none-eabi/lib/thumb/v7-m\libc.a(lib_a-__atexit.o)
 .text          0x0000000000000000        0x0 d:/installed programs/stm32cubeide_1.4.0/stm32cubeide/plugins/com.st.stm32cube.ide.mcu.externaltools.gnu-tools-for-stm32.7-2018-q2-update.win32_1.4.0.202007081208/tools/bin/../lib/gcc/arm-none-eabi/7.3.1/thumb/v7-m/crtend.o
 .data          0x0000000000000000        0x0 d:/installed programs/stm32cubeide_1.4.0/stm32cubeide/plugins/com.st.stm32cube.ide.mcu.externaltools.gnu-tools-for-stm32.7-2018-q2-update.win32_1.4.0.202007081208/tools/bin/../lib/gcc/arm-none-eabi/7.3.1/thumb/v7-m/crtend.o
 .bss           0x0000000000000000        0x0 d:/installed programs/stm32cubeide_1.4.0/stm32cubeide/plugins/com.st.stm32cube.ide.mcu.externaltools.gnu-tools-for-stm32.7-2018-q2-update.win32_1.4.0.202007081208/tools/bin/../lib/gcc/arm-none-eabi/7.3.1/thumb/v7-m/crtend.o
 .eh_frame      0x0000000000000000        0x4 d:/installed programs/stm32cubeide_1.4.0/stm32cubeide/plugins/com.st.stm32cube.ide.mcu.externaltools.gnu-tools-for-stm32.7-2018-q2-update.win32_1.4.0.202007081208/tools/bin/../lib/gcc/arm-none-eabi/7.3.1/thumb/v7-m/crtend.o
 .ARM.attributes
                0x0000000000000000       0x2d d:/installed programs/stm32cubeide_1.4.0/stm32cubeide/plugins/com.st.stm32cube.ide.mcu.externaltools.gnu-tools-for-stm32.7-2018-q2-update.win32_1.4.0.202007081208/tools/bin/../lib/gcc/arm-none-eabi/7.3.1/thumb/v7-m/crtend.o
 .text          0x0000000000000000        0x0 d:/installed programs/stm32cubeide_1.4.0/stm32cubeide/plugins/com.st.stm32cube.ide.mcu.externaltools.gnu-tools-for-stm32.7-2018-q2-update.win32_1.4.0.202007081208/tools/bin/../lib/gcc/arm-none-eabi/7.3.1/thumb/v7-m/crtn.o
 .data          0x0000000000000000        0x0 d:/installed programs/stm32cubeide_1.4.0/stm32cubeide/plugins/com.st.stm32cube.ide.mcu.externaltools.gnu-tools-for-stm32.7-2018-q2-update.win32_1.4.0.202007081208/tools/bin/../lib/gcc/arm-none-eabi/7.3.1/thumb/v7-m/crtn.o
 .bss           0x0000000000000000        0x0 d:/installed programs/stm32cubeide_1.4.0/stm32cubeide/plugins/com.st.stm32cube.ide.mcu.externaltools.gnu-tools-for-stm32.7-2018-q2-update.win32_1.4.0.202007081208/tools/bin/../lib/gcc/arm-none-eabi/7.3.1/thumb/v7-m/crtn.o

Memory Configuration

Name             Origin             Length             Attributes
RAM              0x0000000020000000 0x0000000000005000 xrw
FLASH            0x0000000008000000 0x0000000000010000 xr
*default*        0x0000000000000000 0xffffffffffffffff

Linker script and memory map

LOAD d:/installed programs/stm32cubeide_1.4.0/stm32cubeide/plugins/com.st.stm32cube.ide.mcu.externaltools.gnu-tools-for-stm32.7-2018-q2-update.win32_1.4.0.202007081208/tools/bin/../lib/gcc/arm-none-eabi/7.3.1/thumb/v7-m/crti.o
LOAD d:/installed programs/stm32cubeide_1.4.0/stm32cubeide/plugins/com.st.stm32cube.ide.mcu.externaltools.gnu-tools-for-stm32.7-2018-q2-update.win32_1.4.0.202007081208/tools/bin/../lib/gcc/arm-none-eabi/7.3.1/thumb/v7-m/crtbegin.o
LOAD d:/installed programs/stm32cubeide_1.4.0/stm32cubeide/plugins/com.st.stm32cube.ide.mcu.externaltools.gnu-tools-for-stm32.7-2018-q2-update.win32_1.4.0.202007081208/tools/bin/../lib/gcc/arm-none-eabi/7.3.1/../../../../arm-none-eabi/lib/thumb/v7-m/crt0.o
LOAD MCAL_Stm32F103x8/EXTI_Stm32F103x8/EXTI_Stm32F103x8.o
LOAD MCAL_Stm32F103x8/GPIO_Stm32F103x8/GPIO_Stm32F103x8.o
LOAD MCAL_Stm32F103x8/RCC_Stm32F103x8/RCC_Stm32F103x8.o
LOAD MCAL_Stm32F103x8/SPI_Stm32F103x8/SPI_Stm32F103x8.o
LOAD MCAL_Stm32F103x8/UART_Stm32F103x8/UART_Stm32F103x8.o
LOAD MY_RTOS/CortexM3&4_OS_Porting.o
LOAD MY_RTOS/MY_RTOS_FIFO.o
LOAD MY_RTOS/Scheduler.o
LOAD Src/MainARM.o
LOAD Src/main.o
LOAD Src/syscalls.o
LOAD Src/sysmem.o
LOAD Startup/startup_stm32f103c8tx.o
START GROUP
LOAD d:/installed programs/stm32cubeide_1.4.0/stm32cubeide/plugins/com.st.stm32cube.ide.mcu.externaltools.gnu-tools-for-stm32.7-2018-q2-update.win32_1.4.0.202007081208/tools/bin/../lib/gcc/arm-none-eabi/7.3.1/../../../../arm-none-eabi/lib/thumb/v7-m\libc.a
LOAD d:/installed programs/stm32cubeide_1.4.0/stm32cubeide/plugins/com.st.stm32cube.ide.mcu.externaltools.gnu-tools-for-stm32.7-2018-q2-update.win32_1.4.0.202007081208/tools/bin/../lib/gcc/arm-none-eabi/7.3.1/../../../../arm-none-eabi/lib/thumb/v7-m\libm.a
END GROUP
START GROUP
LOAD d:/installed programs/stm32cubeide_1.4.0/stm32cubeide/plugins/com.st.stm32cube.ide.mcu.externaltools.gnu-tools-for-stm32.7-2018-q2-update.win32_1.4.0.202007081208/tools/bin/../lib/gcc/arm-none-eabi/7.3.1/thumb/v7-m\libgcc.a
LOAD d:/installed programs/stm32cubeide_1.4.0/stm32cubeide/plugins/com.st.stm32cube.ide.mcu.externaltools.gnu-tools-for-stm32.7-2018-q2-update.win32_1.4.0.202007081208/tools/bin/../lib/gcc/arm-none-eabi/7.3.1/../../../../arm-none-eabi/lib/thumb/v7-m\libg.a
LOAD d:/installed programs/stm32cubeide_1.4.0/stm32cubeide/plugins/com.st.stm32cube.ide.mcu.externaltools.gnu-tools-for-stm32.7-2018-q2-update.win32_1.4.0.202007081208/tools/bin/../lib/gcc/arm-none-eabi/7.3.1/../../../../arm-none-eabi/lib/thumb/v7-m\libc.a
END GROUP
START GROUP
LOAD d:/installed programs/stm32cubeide_1.4.0/stm32cubeide/plugins/com.st.stm32cube.ide.mcu.externaltools.gnu-tools-for-stm32.7-2018-q2-update.win32_1.4.0.202007081208/tools/bin/../lib/gcc/arm-none-eabi/7.3.1/thumb/v7-m\libgcc.a
LOAD d:/installed programs/stm32cubeide_1.4.0/stm32cubeide/plugins/com.st.stm32cube.ide.mcu.externaltools.gnu-tools-for-stm32.7-2018-q2-update.win32_1.4.0.202007081208/tools/bin/../lib/gcc/arm-none-eabi/7.3.1/../../../../arm-none-eabi/lib/thumb/v7-m\libc.a
LOAD d:/installed programs/stm32cubeide_1.4.0/stm32cubeide/plugins/com.st.stm32cube.ide.mcu.externaltools.gnu-tools-for-stm32.7-2018-q2-update.win32_1.4.0.202007081208/tools/bin/../lib/gcc/arm-none-eabi/7.3.1/../../../../arm-none-eabi/lib/thumb/v7-m\libnosys.a
END GROUP
LOAD d:/installed programs/stm32cubeide_1.4.0/stm32cubeide/plugins/com.st.stm32cube.ide.mcu.externaltools.gnu-tools-for-stm32.7-2018-q2-update.win32_1.4.0.202007081208/tools/bin/../lib/gcc/arm-none-eabi/7.3.1/thumb/v7-m/crtend.o
LOAD d:/installed programs/stm32cubeide_1.4.0/stm32cubeide/plugins/com.st.stm32cube.ide.mcu.externaltools.gnu-tools-for-stm32.7-2018-q2-update.win32_1.4.0.202007081208/tools/bin/../lib/gcc/arm-none-eabi/7.3.1/thumb/v7-m/crtn.o
                0x0000000020005000                _estack = (ORIGIN (RAM) + LENGTH (RAM))
                0x0000000000000200                _Min_Heap_Size = 0x200
                0x0000000000000400                _Min_Stack_Size = 0x400

.isr_vector     0x0000000008000000      0x130
                0x0000000008000000                . = ALIGN (0x4)
 *(.isr_vector)
 .isr_vector    0x0000000008000000      0x130 Startup/startup_stm32f103c8tx.o
                0x0000000008000000                g_pfnVectors
                0x0000000008000130                . = ALIGN (0x4)

.text           0x0000000008000130     0x11bc
                0x0000000008000130                . = ALIGN (0x4)
 *(.text)
 .text          0x0000000008000130       0x40 d:/installed programs/stm32cubeide_1.4.0/stm32cubeide/plugins/com.st.stm32cube.ide.mcu.externaltools.gnu-tools-for-stm32.7-2018-q2-update.win32_1.4.0.202007081208/tools/bin/../lib/gcc/arm-none-eabi/7.3.1/thumb/v7-m/crtbegin.o
 .text          0x0000000008000170       0x14 d:/installed programs/stm32cubeide_1.4.0/stm32cubeide/plugins/com.st.stm32cube.ide.mcu.externaltools.gnu-tools-for-stm32.7-2018-q2-update.win32_1.4.0.202007081208/tools/bin/../lib/gcc/arm-none-eabi/7.3.1/../../../../arm-none-eabi/lib/thumb/v7-m\libc.a(lib_a-strcmp.o)
                0x0000000008000170                strcmp
 *(.text*)
 .text.EXTI0_IRQHandler
                0x0000000008000184       0x24 MCAL_Stm32F103x8/EXTI_Stm32F103x8/EXTI_Stm32F103x8.o
                0x0000000008000184                EXTI0_IRQHandler
 .text.EXTI1_IRQHandler
                0x00000000080001a8       0x24 MCAL_Stm32F103x8/EXTI_Stm32F103x8/EXTI_Stm32F103x8.o
                0x00000000080001a8                EXTI1_IRQHandler
 .text.EXTI2_IRQHandler
                0x00000000080001cc       0x24 MCAL_Stm32F103x8/EXTI_Stm32F103x8/EXTI_Stm32F103x8.o
                0x00000000080001cc                EXTI2_IRQHandler
 .text.EXTI3_IRQHandler
                0x00000000080001f0       0x24 MCAL_Stm32F103x8/EXTI_Stm32F103x8/EXTI_Stm32F103x8.o
                0x00000000080001f0                EXTI3_IRQHandler
 .text.EXTI4_IRQHandler
                0x0000000008000214       0x24 MCAL_Stm32F103x8/EXTI_Stm32F103x8/EXTI_Stm32F103x8.o
                0x0000000008000214                EXTI4_IRQHandler
 .text.EXTI9_5_IRQHandler
                0x0000000008000238       0xa8 MCAL_Stm32F103x8/EXTI_Stm32F103x8/EXTI_Stm32F103x8.o
                0x0000000008000238                EXTI9_5_IRQHandler
 .text.EXTI15_10_IRQHandler
                0x00000000080002e0       0xc4 MCAL_Stm32F103x8/EXTI_Stm32F103x8/EXTI_Stm32F103x8.o
                0x00000000080002e0                EXTI15_10_IRQHandler
 .text.SPI1_IRQHandler
                0x00000000080003a4       0x14 MCAL_Stm32F103x8/SPI_Stm32F103x8/SPI_Stm32F103x8.o
                0x00000000080003a4                SPI1_IRQHandler
 .text.SPI2_IRQHandler
                0x00000000080003b8       0x14 MCAL_Stm32F103x8/SPI_Stm32F103x8/SPI_Stm32F103x8.o
                0x00000000080003b8                SPI2_IRQHandler
 .text.USART1_IRQHandler
                0x00000000080003cc       0x14 MCAL_Stm32F103x8/UART_Stm32F103x8/UART_Stm32F103x8.o
                0x00000000080003cc                USART1_IRQHandler
 .text.USART2_IRQHandler
                0x00000000080003e0       0x14 MCAL_Stm32F103x8/UART_Stm32F103x8/UART_Stm32F103x8.o
                0x00000000080003e0                USART2_IRQHandler
 .text.USART3_IRQHandler
                0x00000000080003f4       0x14 MCAL_Stm32F103x8/UART_Stm32F103x8/UART_Stm32F103x8.o
                0x00000000080003f4                USART3_IRQHandler
 .text.__NVIC_SetPriority
                0x0000000008000408       0x54 MY_RTOS/CortexM3&4_OS_Porting.o
 .text.SysTick_Config
                0x000000000800045c       0x44 MY_RTOS/CortexM3&4_OS_Porting.o
 .text.HardFault_Handler
                0x00000000080004a0        0x6 MY_RTOS/CortexM3&4_OS_Porting.o
                0x00000000080004a0                HardFault_Handler
 .text.MemManage_Handler
                0x00000000080004a6        0x6 MY_RTOS/CortexM3&4_OS_Porting.o
                0x00000000080004a6                MemManage_Handler
 .text.BusFault_Handler
                0x00000000080004ac        0x6 MY_RTOS/CortexM3&4_OS_Porting.o
                0x00000000080004ac                BusFault_Handler
 .text.UsageFault_Handler
                0x00000000080004b2        0x6 MY_RTOS/CortexM3&4_OS_Porting.o
                0x00000000080004b2                UsageFault_Handler
 .text.SVC_Handler
                0x00000000080004b8       0x14 MY_RTOS/CortexM3&4_OS_Porting.o
                0x00000000080004b8                SVC_Handler
 .text.HW_init  0x00000000080004cc       0x12 MY_RTOS/CortexM3&4_OS_Porting.o
                0x00000000080004cc                HW_init
 *fill*         0x00000000080004de        0x2 
 .text.Trigger_OS_PendSV
                0x00000000080004e0       0x1c MY_RTOS/CortexM3&4_OS_Porting.o
                0x00000000080004e0                Trigger_OS_PendSV
 .text.StartTicker
                0x00000000080004fc       0x10 MY_RTOS/CortexM3&4_OS_Porting.o
                0x00000000080004fc                StartTicker
 .text.SysTick_Handler
                0x000000000800050c       0x28 MY_RTOS/CortexM3&4_OS_Porting.o
                0x000000000800050c                SysTick_Handler
 .text.FIFO_Enqueue
                0x0000000008000534       0x82 MY_RTOS/MY_RTOS_FIFO.o
                0x0000000008000534                FIFO_Enqueue
 .text.FIFO_Dequeue
                0x00000000080005b6       0x82 MY_RTOS/MY_RTOS_FIFO.o
                0x00000000080005b6                FIFO_Dequeue
 .text.FIFO_Init
                0x0000000008000638       0x42 MY_RTOS/MY_RTOS_FIFO.o
                0x0000000008000638                FIFO_Init
 .text.FIFO_Is_Full
                0x000000000800067a       0x38 MY_RTOS/MY_RTOS_FIFO.o
                0x000000000800067a                FIFO_Is_Full
 *fill*         0x00000000080006b2        0x2 
 .text.MY_RTOS_Create_MainStack
                0x00000000080006b4       0x3c MY_RTOS/Scheduler.o
                0x00000000080006b4                MY_RTOS_Create_MainStack
 .text.MY_RTOS_Create_TaskStack
                0x00000000080006f0       0x7c MY_RTOS/Scheduler.o
                0x00000000080006f0                MY_RTOS_Create_TaskStack
 .text.MY_RTOS_init
                0x000000000800076c       0x80 MY_RTOS/Scheduler.o
                0x000000000800076c                MY_RTOS_init
 .text.MY_RTOS_StartOS
                0x00000000080007ec       0x58 MY_RTOS/Scheduler.o
                0x00000000080007ec                MY_RTOS_StartOS
 .text.MY_RTOS_Create_Task
                0x0000000008000844       0x84 MY_RTOS/Scheduler.o
                0x0000000008000844                MY_RTOS_Create_Task
 .text.MY_RTOS_Activate_Task
                0x00000000080008c8       0x1e MY_RTOS/Scheduler.o
                0x00000000080008c8                MY_RTOS_Activate_Task
 .text.MY_RTOS_Terminate_Task
                0x00000000080008e6       0x1e MY_RTOS/Scheduler.o
                0x00000000080008e6                MY_RTOS_Terminate_Task
 .text.MY_RTOS_IDLE_TASK
                0x0000000008000904       0x1c MY_RTOS/Scheduler.o
                0x0000000008000904                MY_RTOS_IDLE_TASK
 .text.MY_RTOS_Acquire_Mutex
                0x0000000008000920       0x7a MY_RTOS/Scheduler.o
                0x0000000008000920                MY_RTOS_Acquire_Mutex
 .text.MY_RTOS_Release_Mutex
                0x000000000800099a       0x76 MY_RTOS/Scheduler.o
                0x000000000800099a                MY_RTOS_Release_Mutex
 .text.PendSV_Handler
                0x0000000008000a10      0x1c4 MY_RTOS/Scheduler.o
                0x0000000008000a10                PendSV_Handler
 .text.DecideNext
                0x0000000008000bd4       0xa4 MY_RTOS/Scheduler.o
                0x0000000008000bd4                DecideNext
 .text.OS_SVC   0x0000000008000c78       0x6c MY_RTOS/Scheduler.o
                0x0000000008000c78                OS_SVC
 .text.MY_RTOS_Update_SchedulerTable
                0x0000000008000ce4       0xec MY_RTOS/Scheduler.o
                0x0000000008000ce4                MY_RTOS_Update_SchedulerTable
 .text.MY_RTOS_Update_TaskingTime
                0x0000000008000dd0       0x7c MY_RTOS/Scheduler.o
                0x0000000008000dd0                MY_RTOS_Update_TaskingTime
 .text.OS_SVC_Set
                0x0000000008000e4c       0x30 MY_RTOS/Scheduler.o
                0x0000000008000e4c                OS_SVC_Set
 .text.BubbleSort
                0x0000000008000e7c       0x90 MY_RTOS/Scheduler.o
                0x0000000008000e7c                BubbleSort
 .text.main     0x0000000008000f0c      0x114 Src/main.o
                0x0000000008000f0c                main
 .text.TASK1    0x0000000008001020       0x60 Src/main.o
                0x0000000008001020                TASK1
 .text.TASK2    0x0000000008001080       0x54 Src/main.o
                0x0000000008001080                TASK2
 .text.TASK3    0x00000000080010d4       0x6c Src/main.o
                0x00000000080010d4                TASK3
 .text.Reset_Handler
                0x0000000008001140       0x50 Startup/startup_stm32f103c8tx.o
                0x0000000008001140                Reset_Handler
 .text.Default_Handler
                0x0000000008001190        0x2 Startup/startup_stm32f103c8tx.o
                0x0000000008001190                TIM8_TRG_COM_IRQHandler
                0x0000000008001190                TIM8_CC_IRQHandler
                0x0000000008001190                DebugMon_Handler
                0x0000000008001190                TIM1_CC_IRQHandler
                0x0000000008001190                TIM6_IRQHandler
                0x0000000008001190                PVD_IRQHandler
                0x0000000008001190                SDIO_IRQHandler
                0x0000000008001190                NMI_Handler
                0x0000000008001190                USB_HP_CAN_TX_IRQHandler
                0x0000000008001190                I2C2_EV_IRQHandler
                0x0000000008001190                ADC1_2_IRQHandler
                0x0000000008001190                CAN_SCE_IRQHandler
                0x0000000008001190                TAMPER_IRQHandler
                0x0000000008001190                TIM8_UP_IRQHandler
                0x0000000008001190                DMA2_Channel2_IRQHandler
                0x0000000008001190                DMA1_Channel4_IRQHandler
                0x0000000008001190                RTC_IRQHandler
                0x0000000008001190                DMA1_Channel7_IRQHandler
                0x0000000008001190                UART5_IRQHandler
                0x0000000008001190                ADC3_IRQHandler
                0x0000000008001190                TIM4_IRQHandler
                0x0000000008001190                CAN_RX1_IRQHandler
                0x0000000008001190                DMA2_Channel1_IRQHandler
                0x0000000008001190                I2C1_EV_IRQHandler
                0x0000000008001190                DMA1_Channel6_IRQHandler
                0x0000000008001190                UART4_IRQHandler
                0x0000000008001190                TIM3_IRQHandler
                0x0000000008001190                RCC_IRQHandler
                0x0000000008001190                TIM1_TRG_COM_IRQHandler
                0x0000000008001190                DMA1_Channel1_IRQHandler
                0x0000000008001190                Default_Handler
                0x0000000008001190                TIM7_IRQHandler
                0x0000000008001190                TIM5_IRQHandler
                0x0000000008001190                USB_LP_CAN_RX0_IRQHandler
                0x0000000008001190                DMA1_Channel5_IRQHandler
                0x0000000008001190                DMA1_Channel3_IRQHandler
                0x0000000008001190                FSMC_IRQHandler
                0x0000000008001190                TIM1_UP_IRQHandler
                0x0000000008001190                WWDG_IRQHandler
                0x0000000008001190                TIM2_IRQHandler
                0x0000000008001190                TIM1_BRK_IRQHandler
                0x0000000008001190                RTCAlarm_IRQHandler
                0x0000000008001190                DMA2_Channel4_5_IRQHandler
                0x0000000008001190                I2C2_ER_IRQHandler
                0x0000000008001190                DMA1_Channel2_IRQHandler
                0x0000000008001190                TIM8_BRK_IRQHandler
                0x0000000008001190                FLASH_IRQHandler
                0x0000000008001190                SPI3_IRQHandler
                0x0000000008001190                I2C1_ER_IRQHandler
                0x0000000008001190                DMA2_Channel3_IRQHandler
 *fill*         0x0000000008001192        0x2 
 .text.__libc_init_array
                0x0000000008001194       0x48 d:/installed programs/stm32cubeide_1.4.0/stm32cubeide/plugins/com.st.stm32cube.ide.mcu.externaltools.gnu-tools-for-stm32.7-2018-q2-update.win32_1.4.0.202007081208/tools/bin/../lib/gcc/arm-none-eabi/7.3.1/../../../../arm-none-eabi/lib/thumb/v7-m\libc.a(lib_a-init.o)
                0x0000000008001194                __libc_init_array
 .text.startup.register_fini
                0x00000000080011dc       0x14 d:/installed programs/stm32cubeide_1.4.0/stm32cubeide/plugins/com.st.stm32cube.ide.mcu.externaltools.gnu-tools-for-stm32.7-2018-q2-update.win32_1.4.0.202007081208/tools/bin/../lib/gcc/arm-none-eabi/7.3.1/../../../../arm-none-eabi/lib/thumb/v7-m\libc.a(lib_a-__call_atexit.o)
 .text.atexit   0x00000000080011f0        0xc d:/installed programs/stm32cubeide_1.4.0/stm32cubeide/plugins/com.st.stm32cube.ide.mcu.externaltools.gnu-tools-for-stm32.7-2018-q2-update.win32_1.4.0.202007081208/tools/bin/../lib/gcc/arm-none-eabi/7.3.1/../../../../arm-none-eabi/lib/thumb/v7-m\libc.a(lib_a-atexit.o)
                0x00000000080011f0                atexit
 .text.__libc_fini_array
                0x00000000080011fc       0x28 d:/installed programs/stm32cubeide_1.4.0/stm32cubeide/plugins/com.st.stm32cube.ide.mcu.externaltools.gnu-tools-for-stm32.7-2018-q2-update.win32_1.4.0.202007081208/tools/bin/../lib/gcc/arm-none-eabi/7.3.1/../../../../arm-none-eabi/lib/thumb/v7-m\libc.a(lib_a-fini.o)
                0x00000000080011fc                __libc_fini_array
 .text.__retarget_lock_acquire_recursive
                0x0000000008001224        0x2 d:/installed programs/stm32cubeide_1.4.0/stm32cubeide/plugins/com.st.stm32cube.ide.mcu.externaltools.gnu-tools-for-stm32.7-2018-q2-update.win32_1.4.0.202007081208/tools/bin/../lib/gcc/arm-none-eabi/7.3.1/../../../../arm-none-eabi/lib/thumb/v7-m\libc.a(lib_a-lock.o)
                0x0000000008001224                __retarget_lock_acquire_recursive
 .text.__retarget_lock_release_recursive
                0x0000000008001226        0x2 d:/installed programs/stm32cubeide_1.4.0/stm32cubeide/plugins/com.st.stm32cube.ide.mcu.externaltools.gnu-tools-for-stm32.7-2018-q2-update.win32_1.4.0.202007081208/tools/bin/../lib/gcc/arm-none-eabi/7.3.1/../../../../arm-none-eabi/lib/thumb/v7-m\libc.a(lib_a-lock.o)
                0x0000000008001226                __retarget_lock_release_recursive
 .text.__register_exitproc
                0x0000000008001228       0xac d:/installed programs/stm32cubeide_1.4.0/stm32cubeide/plugins/com.st.stm32cube.ide.mcu.externaltools.gnu-tools-for-stm32.7-2018-q2-update.win32_1.4.0.202007081208/tools/bin/../lib/gcc/arm-none-eabi/7.3.1/../../../../arm-none-eabi/lib/thumb/v7-m\libc.a(lib_a-__atexit.o)
                0x0000000008001228                __register_exitproc
 *(.glue_7)
 .glue_7        0x00000000080012d4        0x0 linker stubs
 *(.glue_7t)
 .glue_7t       0x00000000080012d4        0x0 linker stubs
 *(.eh_frame)
 .eh_frame      0x00000000080012d4        0x0 d:/installed programs/stm32cubeide_1.4.0/stm32cubeide/plugins/com.st.stm32cube.ide.mcu.externaltools.gnu-tools-for-stm32.7-2018-q2-update.win32_1.4.0.202007081208/tools/bin/../lib/gcc/arm-none-eabi/7.3.1/thumb/v7-m/crtbegin.o
 *(.init)
 .init          0x00000000080012d4        0x4 d:/installed programs/stm32cubeide_1.4.0/stm32cubeide/plugins/com.st.stm32cube.ide.mcu.externaltools.gnu-tools-for-stm32.7-2018-q2-update.win32_1.4.0.202007081208/tools/bin/../lib/gcc/arm-none-eabi/7.3.1/thumb/v7-m/crti.o
                0x00000000080012d4                _init
 .init          0x00000000080012d8        0x8 d:/installed programs/stm32cubeide_1.4.0/stm32cubeide/plugins/com.st.stm32cube.ide.mcu.externaltools.gnu-tools-for-stm32.7-2018-q2-update.win32_1.4.0.202007081208/tools/bin/../lib/gcc/arm-none-eabi/7.3.1/thumb/v7-m/crtn.o
 *(.fini)
 .fini          0x00000000080012e0        0x4 d:/installed programs/stm32cubeide_1.4.0/stm32cubeide/plugins/com.st.stm32cube.ide.mcu.externaltools.gnu-tools-for-stm32.7-2018-q2-update.win32_1.4.0.202007081208/tools/bin/../lib/gcc/arm-none-eabi/7.3.1/thumb/v7-m/crti.o
                0x00000000080012e0                _fini
 .fini          0x00000000080012e4        0x8 d:/installed programs/stm32cubeide_1.4.0/stm32cubeide/plugins/com.st.stm32cube.ide.mcu.externaltools.gnu-tools-for-stm32.7-2018-q2-update.win32_1.4.0.202007081208/tools/bin/../lib/gcc/arm-none-eabi/7.3.1/thumb/v7-m/crtn.o
                0x00000000080012ec                . = ALIGN (0x4)
                0x00000000080012ec                _etext = .

.vfp11_veneer   0x00000000080012ec        0x0
 .vfp11_veneer  0x00000000080012ec        0x0 linker stubs

.v4_bx          0x00000000080012ec        0x0
 .v4_bx         0x00000000080012ec        0x0 linker stubs

.iplt           0x00000000080012ec        0x0
 .iplt          0x00000000080012ec        0x0 d:/installed programs/stm32cubeide_1.4.0/stm32cubeide/plugins/com.st.stm32cube.ide.mcu.externaltools.gnu-tools-for-stm32.7-2018-q2-update.win32_1.4.0.202007081208/tools/bin/../lib/gcc/arm-none-eabi/7.3.1/thumb/v7-m/crtbegin.o

.rodata         0x00000000080012ec       0x50
                0x00000000080012ec                . = ALIGN (0x4)
 *(.rodata)
 .rodata        0x00000000080012ec        0xa MY_RTOS/Scheduler.o
 *fill*         0x00000000080012f6        0x2 
 .rodata        0x00000000080012f8       0x3f Src/main.o
 *(.rodata*)
 *fill*         0x0000000008001337        0x1 
 .rodata._global_impure_ptr
                0x0000000008001338        0x4 d:/installed programs/stm32cubeide_1.4.0/stm32cubeide/plugins/com.st.stm32cube.ide.mcu.externaltools.gnu-tools-for-stm32.7-2018-q2-update.win32_1.4.0.202007081208/tools/bin/../lib/gcc/arm-none-eabi/7.3.1/../../../../arm-none-eabi/lib/thumb/v7-m\libc.a(lib_a-impure.o)
                0x0000000008001338                _global_impure_ptr
                0x000000000800133c                . = ALIGN (0x4)

.rel.dyn        0x000000000800133c        0x0
 .rel.iplt      0x000000000800133c        0x0 d:/installed programs/stm32cubeide_1.4.0/stm32cubeide/plugins/com.st.stm32cube.ide.mcu.externaltools.gnu-tools-for-stm32.7-2018-q2-update.win32_1.4.0.202007081208/tools/bin/../lib/gcc/arm-none-eabi/7.3.1/thumb/v7-m/crtbegin.o

.ARM.extab      0x000000000800133c        0x0
                0x000000000800133c                . = ALIGN (0x4)
 *(.ARM.extab* .gnu.linkonce.armextab.*)
                0x000000000800133c                . = ALIGN (0x4)

.ARM            0x000000000800133c        0x0
                0x000000000800133c                . = ALIGN (0x4)
                0x000000000800133c                __exidx_start = .
 *(.ARM.exidx*)
                0x000000000800133c                __exidx_end = .
                0x000000000800133c                . = ALIGN (0x4)

.preinit_array  0x000000000800133c        0x0
                0x000000000800133c                . = ALIGN (0x4)
                0x000000000800133c                PROVIDE (__preinit_array_start = .)
 *(.preinit_array*)
                0x000000000800133c                PROVIDE (__preinit_array_end = .)
                0x000000000800133c                . = ALIGN (0x4)

.init_array     0x000000000800133c        0x8
                0x000000000800133c                . = ALIGN (0x4)
                0x000000000800133c                PROVIDE (__init_array_start = .)
 *(SORT_BY_NAME(.init_array.*))
 .init_array.00000
                0x000000000800133c        0x4 d:/installed programs/stm32cubeide_1.4.0/stm32cubeide/plugins/com.st.stm32cube.ide.mcu.externaltools.gnu-tools-for-stm32.7-2018-q2-update.win32_1.4.0.202007081208/tools/bin/../lib/gcc/arm-none-eabi/7.3.1/../../../../arm-none-eabi/lib/thumb/v7-m\libc.a(lib_a-__call_atexit.o)
 *(.init_array*)
 .init_array    0x0000000008001340        0x4 d:/installed programs/stm32cubeide_1.4.0/stm32cubeide/plugins/com.st.stm32cube.ide.mcu.externaltools.gnu-tools-for-stm32.7-2018-q2-update.win32_1.4.0.202007081208/tools/bin/../lib/gcc/arm-none-eabi/7.3.1/thumb/v7-m/crtbegin.o
                0x0000000008001344                PROVIDE (__init_array_end = .)
                0x0000000008001344                . = ALIGN (0x4)

.fini_array     0x0000000008001344        0x4
                0x0000000008001344                . = ALIGN (0x4)
                0x0000000008001344                PROVIDE (__fini_array_start = .)
 *(SORT_BY_NAME(.fini_array.*))
 *(.fini_array*)
 .fini_array    0x0000000008001344        0x4 d:/installed programs/stm32cubeide_1.4.0/stm32cubeide/plugins/com.st.stm32cube.ide.mcu.externaltools.gnu-tools-for-stm32.7-2018-q2-update.win32_1.4.0.202007081208/tools/bin/../lib/gcc/arm-none-eabi/7.3.1/thumb/v7-m/crtbegin.o
                0x0000000008001348                PROVIDE (__fini_array_end = .)
                0x0000000008001348                . = ALIGN (0x4)
                0x0000000008001348                _sidata = LOADADDR (.data)

.data           0x0000000020000000      0x434 load address 0x0000000008001348
                0x0000000020000000                . = ALIGN (0x4)
                0x0000000020000000                _sdata = .
 *(.data)
 *(.data*)
 .data.payload  0x0000000020000000        0x3 Src/main.o
                0x0000000020000000                payload
 *fill*         0x0000000020000003        0x5 
 .data.impure_data
                0x0000000020000008      0x428 d:/installed programs/stm32cubeide_1.4.0/stm32cubeide/plugins/com.st.stm32cube.ide.mcu.externaltools.gnu-tools-for-stm32.7-2018-q2-update.win32_1.4.0.202007081208/tools/bin/../lib/gcc/arm-none-eabi/7.3.1/../../../../arm-none-eabi/lib/thumb/v7-m\libc.a(lib_a-impure.o)
 .data.__atexit_recursive_mutex
                0x0000000020000430        0x4 d:/installed programs/stm32cubeide_1.4.0/stm32cubeide/plugins/com.st.stm32cube.ide.mcu.externaltools.gnu-tools-for-stm32.7-2018-q2-update.win32_1.4.0.202007081208/tools/bin/../lib/gcc/arm-none-eabi/7.3.1/../../../../arm-none-eabi/lib/thumb/v7-m\libc.a(lib_a-__call_atexit.o)
                0x0000000020000430                __atexit_recursive_mutex
 *(.RamFunc)
 *(.RamFunc*)
                0x0000000020000434                . = ALIGN (0x4)
                0x0000000020000434                _edata = .

.igot.plt       0x0000000020000434        0x0 load address 0x000000000800177c
 .igot.plt      0x0000000020000434        0x0 d:/installed programs/stm32cubeide_1.4.0/stm32cubeide/plugins/com.st.stm32cube.ide.mcu.externaltools.gnu-tools-for-stm32.7-2018-q2-update.win32_1.4.0.202007081208/tools/bin/../lib/gcc/arm-none-eabi/7.3.1/thumb/v7-m/crtbegin.o
                0x0000000020000434                . = ALIGN (0x4)

.bss            0x0000000020000434      0x3e0 load address 0x000000000800177c
                0x0000000020000434                _sbss = .
                0x0000000020000434                __bss_start__ = _sbss
 *(.bss)
 .bss           0x0000000020000434       0x1c d:/installed programs/stm32cubeide_1.4.0/stm32cubeide/plugins/com.st.stm32cube.ide.mcu.externaltools.gnu-tools-for-stm32.7-2018-q2-update.win32_1.4.0.202007081208/tools/bin/../lib/gcc/arm-none-eabi/7.3.1/thumb/v7-m/crtbegin.o
 *(.bss*)
 .bss.count.5951
                0x0000000020000450        0x4 Src/main.o
 .bss.count.5955
                0x0000000020000454        0x4 Src/main.o
 .bss.count.5959
                0x0000000020000458        0x4 Src/main.o
 *(COMMON)
 COMMON         0x000000002000045c       0x54 MCAL_Stm32F103x8/EXTI_Stm32F103x8/EXTI_Stm32F103x8.o
                0x000000002000045c                GP_IRQ_EXTI_CallBack
                0x000000002000049c                GP_IRQ_SPI_CallBack
                0x00000000200004a4                GP_IRQ_UART_CallBack
 COMMON         0x00000000200004b0        0x1 MY_RTOS/CortexM3&4_OS_Porting.o
                0x00000000200004b0                SysTickIndic
 *fill*         0x00000000200004b1        0x3 
 COMMON         0x00000000200004b4      0x22c MY_RTOS/Scheduler.o
                0x00000000200004b4                Ready_Queue
                0x00000000200004c4                IdleTaskIndic
                0x00000000200004c8                OS_Control
                0x0000000020000674                MY_RTOS_IDLE_Task
                0x00000000200006b8                Ready_Queue_FIFO
 COMMON         0x00000000200006e0      0x128 Src/main.o
                0x00000000200006e0                Mutex1
                0x0000000020000734                Task1Indic
                0x0000000020000735                Task3Indic
                0x0000000020000738                MY_RTOS_Task2
                0x000000002000077c                MY_RTOS_Task3
                0x00000000200007c0                Task2Indic
                0x00000000200007c4                MY_RTOS_Task1
 COMMON         0x0000000020000808        0x9 d:/installed programs/stm32cubeide_1.4.0/stm32cubeide/plugins/com.st.stm32cube.ide.mcu.externaltools.gnu-tools-for-stm32.7-2018-q2-update.win32_1.4.0.202007081208/tools/bin/../lib/gcc/arm-none-eabi/7.3.1/../../../../arm-none-eabi/lib/thumb/v7-m\libc.a(lib_a-lock.o)
                0x0000000020000808                __lock___atexit_recursive_mutex
                0x0000000020000809                __lock___arc4random_mutex
                0x000000002000080a                __lock___env_recursive_mutex
                0x000000002000080b                __lock___sinit_recursive_mutex
                0x000000002000080c                __lock___malloc_recursive_mutex
                0x000000002000080d                __lock___at_quick_exit_mutex
                0x000000002000080e                __lock___dd_hash_mutex
                0x000000002000080f                __lock___tz_mutex
                0x0000000020000810                __lock___sfp_recursive_mutex
                0x0000000020000814                . = ALIGN (0x4)
 *fill*         0x0000000020000811        0x3 
                0x0000000020000814                _ebss = .
                0x0000000020000814                __bss_end__ = _ebss

._user_heap_stack
                0x0000000020000814      0x204 load address 0x000000000800177c
                0x0000000020000818                . = ALIGN (0x8)
 *fill*         0x0000000020000814        0x4 
                [!provide]                        PROVIDE (end = .)
                0x0000000020000818                PROVIDE (_end = .)
                0x0000000020000a18                . = (. + _Min_Heap_Size)
 *fill*         0x0000000020000818      0x200 
                0x0000000020000a18                . = ALIGN (0x8)
                0x0000000020000a18                _eheap = .

/DISCARD/
 libc.a(*)
 libm.a(*)
 libgcc.a(*)

.ARM.attributes
                0x0000000000000000       0x29
 *(.ARM.attributes)
 .ARM.attributes
                0x0000000000000000       0x1d d:/installed programs/stm32cubeide_1.4.0/stm32cubeide/plugins/com.st.stm32cube.ide.mcu.externaltools.gnu-tools-for-stm32.7-2018-q2-update.win32_1.4.0.202007081208/tools/bin/../lib/gcc/arm-none-eabi/7.3.1/thumb/v7-m/crti.o
 .ARM.attributes
                0x000000000000001d       0x2d d:/installed programs/stm32cubeide_1.4.0/stm32cubeide/plugins/com.st.stm32cube.ide.mcu.externaltools.gnu-tools-for-stm32.7-2018-q2-update.win32_1.4.0.202007081208/tools/bin/../lib/gcc/arm-none-eabi/7.3.1/thumb/v7-m/crtbegin.o
 .ARM.attributes
                0x000000000000004a       0x33 MCAL_Stm32F103x8/EXTI_Stm32F103x8/EXTI_Stm32F103x8.o
 .ARM.attributes
                0x000000000000007d       0x33 MCAL_Stm32F103x8/SPI_Stm32F103x8/SPI_Stm32F103x8.o
 .ARM.attributes
                0x00000000000000b0       0x33 MCAL_Stm32F103x8/UART_Stm32F103x8/UART_Stm32F103x8.o
 .ARM.attributes
                0x00000000000000e3       0x33 MY_RTOS/CortexM3&4_OS_Porting.o
 .ARM.attributes
                0x0000000000000116       0x33 MY_RTOS/MY_RTOS_FIFO.o
 .ARM.attributes
                0x0000000000000149       0x33 MY_RTOS/Scheduler.o
 .ARM.attributes
                0x000000000000017c       0x33 Src/main.o
 .ARM.attributes
                0x00000000000001af       0x21 Startup/startup_stm32f103c8tx.o
 .ARM.attributes
                0x00000000000001d0       0x2d d:/installed programs/stm32cubeide_1.4.0/stm32cubeide/plugins/com.st.stm32cube.ide.mcu.externaltools.gnu-tools-for-stm32.7-2018-q2-update.win32_1.4.0.202007081208/tools/bin/../lib/gcc/arm-none-eabi/7.3.1/../../../../arm-none-eabi/lib/thumb/v7-m\libc.a(lib_a-impure.o)
 .ARM.attributes
                0x00000000000001fd       0x2d d:/installed programs/stm32cubeide_1.4.0/stm32cubeide/plugins/com.st.stm32cube.ide.mcu.externaltools.gnu-tools-for-stm32.7-2018-q2-update.win32_1.4.0.202007081208/tools/bin/../lib/gcc/arm-none-eabi/7.3.1/../../../../arm-none-eabi/lib/thumb/v7-m\libc.a(lib_a-init.o)
 .ARM.attributes
                0x000000000000022a       0x1b d:/installed programs/stm32cubeide_1.4.0/stm32cubeide/plugins/com.st.stm32cube.ide.mcu.externaltools.gnu-tools-for-stm32.7-2018-q2-update.win32_1.4.0.202007081208/tools/bin/../lib/gcc/arm-none-eabi/7.3.1/../../../../arm-none-eabi/lib/thumb/v7-m\libc.a(lib_a-strcmp.o)
 .ARM.attributes
                0x0000000000000245       0x2d d:/installed programs/stm32cubeide_1.4.0/stm32cubeide/plugins/com.st.stm32cube.ide.mcu.externaltools.gnu-tools-for-stm32.7-2018-q2-update.win32_1.4.0.202007081208/tools/bin/../lib/gcc/arm-none-eabi/7.3.1/../../../../arm-none-eabi/lib/thumb/v7-m\libc.a(lib_a-__call_atexit.o)
 .ARM.attributes
                0x0000000000000272       0x2d d:/installed programs/stm32cubeide_1.4.0/stm32cubeide/plugins/com.st.stm32cube.ide.mcu.externaltools.gnu-tools-for-stm32.7-2018-q2-update.win32_1.4.0.202007081208/tools/bin/../lib/gcc/arm-none-eabi/7.3.1/../../../../arm-none-eabi/lib/thumb/v7-m\libc.a(lib_a-atexit.o)
 .ARM.attributes
                0x000000000000029f       0x2d d:/installed programs/stm32cubeide_1.4.0/stm32cubeide/plugins/com.st.stm32cube.ide.mcu.externaltools.gnu-tools-for-stm32.7-2018-q2-update.win32_1.4.0.202007081208/tools/bin/../lib/gcc/arm-none-eabi/7.3.1/../../../../arm-none-eabi/lib/thumb/v7-m\libc.a(lib_a-fini.o)
 .ARM.attributes
                0x00000000000002cc       0x2d d:/installed programs/stm32cubeide_1.4.0/stm32cubeide/plugins/com.st.stm32cube.ide.mcu.externaltools.gnu-tools-for-stm32.7-2018-q2-update.win32_1.4.0.202007081208/tools/bin/../lib/gcc/arm-none-eabi/7.3.1/../../../../arm-none-eabi/lib/thumb/v7-m\libc.a(lib_a-lock.o)
 .ARM.attributes
                0x00000000000002f9       0x2d d:/installed programs/stm32cubeide_1.4.0/stm32cubeide/plugins/com.st.stm32cube.ide.mcu.externaltools.gnu-tools-for-stm32.7-2018-q2-update.win32_1.4.0.202007081208/tools/bin/../lib/gcc/arm-none-eabi/7.3.1/../../../../arm-none-eabi/lib/thumb/v7-m\libc.a(lib_a-__atexit.o)
 .ARM.attributes
                0x0000000000000326       0x1d d:/installed programs/stm32cubeide_1.4.0/stm32cubeide/plugins/com.st.stm32cube.ide.mcu.externaltools.gnu-tools-for-stm32.7-2018-q2-update.win32_1.4.0.202007081208/tools/bin/../lib/gcc/arm-none-eabi/7.3.1/thumb/v7-m/crtn.o
OUTPUT(ARM.axf elf32-littlearm)

.debug_info     0x0000000000000000     0x5ae5
 .debug_info    0x0000000000000000      0xd37 MCAL_Stm32F103x8/EXTI_Stm32F103x8/EXTI_Stm32F103x8.o
 .debug_info    0x0000000000000d37      0xd53 MCAL_Stm32F103x8/SPI_Stm32F103x8/SPI_Stm32F103x8.o
 .debug_info    0x0000000000001a8a      0xd33 MCAL_Stm32F103x8/UART_Stm32F103x8/UART_Stm32F103x8.o
 .debug_info    0x00000000000027bd      0x725 MY_RTOS/CortexM3&4_OS_Porting.o
 .debug_info    0x0000000000002ee2      0xce7 MY_RTOS/MY_RTOS_FIFO.o
 .debug_info    0x0000000000003bc9     0x115f MY_RTOS/Scheduler.o
 .debug_info    0x0000000000004d28      0xd9b Src/main.o
 .debug_info    0x0000000000005ac3       0x22 Startup/startup_stm32f103c8tx.o

.debug_abbrev   0x0000000000000000      0xea6
 .debug_abbrev  0x0000000000000000      0x21a MCAL_Stm32F103x8/EXTI_Stm32F103x8/EXTI_Stm32F103x8.o
 .debug_abbrev  0x000000000000021a      0x1f7 MCAL_Stm32F103x8/SPI_Stm32F103x8/SPI_Stm32F103x8.o
 .debug_abbrev  0x0000000000000411      0x208 MCAL_Stm32F103x8/UART_Stm32F103x8/UART_Stm32F103x8.o
 .debug_abbrev  0x0000000000000619      0x198 MY_RTOS/CortexM3&4_OS_Porting.o
 .debug_abbrev  0x00000000000007b1      0x1e8 MY_RTOS/MY_RTOS_FIFO.o
 .debug_abbrev  0x0000000000000999      0x304 MY_RTOS/Scheduler.o
 .debug_abbrev  0x0000000000000c9d      0x1f7 Src/main.o
 .debug_abbrev  0x0000000000000e94       0x12 Startup/startup_stm32f103c8tx.o

.debug_aranges  0x0000000000000000      0x2e8
 .debug_aranges
                0x0000000000000000       0x78 MCAL_Stm32F103x8/EXTI_Stm32F103x8/EXTI_Stm32F103x8.o
 .debug_aranges
                0x0000000000000078       0x58 MCAL_Stm32F103x8/SPI_Stm32F103x8/SPI_Stm32F103x8.o
 .debug_aranges
                0x00000000000000d0       0x58 MCAL_Stm32F103x8/UART_Stm32F103x8/UART_Stm32F103x8.o
 .debug_aranges
                0x0000000000000128       0x70 MY_RTOS/CortexM3&4_OS_Porting.o
 .debug_aranges
                0x0000000000000198       0x38 MY_RTOS/MY_RTOS_FIFO.o
 .debug_aranges
                0x00000000000001d0       0xb8 MY_RTOS/Scheduler.o
 .debug_aranges
                0x0000000000000288       0x38 Src/main.o
 .debug_aranges
                0x00000000000002c0       0x28 Startup/startup_stm32f103c8tx.o

.debug_ranges   0x0000000000000000      0x270
 .debug_ranges  0x0000000000000000       0x68 MCAL_Stm32F103x8/EXTI_Stm32F103x8/EXTI_Stm32F103x8.o
 .debug_ranges  0x0000000000000068       0x48 MCAL_Stm32F103x8/SPI_Stm32F103x8/SPI_Stm32F103x8.o
 .debug_ranges  0x00000000000000b0       0x48 MCAL_Stm32F103x8/UART_Stm32F103x8/UART_Stm32F103x8.o
 .debug_ranges  0x00000000000000f8       0x60 MY_RTOS/CortexM3&4_OS_Porting.o
 .debug_ranges  0x0000000000000158       0x28 MY_RTOS/MY_RTOS_FIFO.o
 .debug_ranges  0x0000000000000180       0xa8 MY_RTOS/Scheduler.o
 .debug_ranges  0x0000000000000228       0x28 Src/main.o
 .debug_ranges  0x0000000000000250       0x20 Startup/startup_stm32f103c8tx.o

.debug_line     0x0000000000000000     0x2a95
 .debug_line    0x0000000000000000      0x612 MCAL_Stm32F103x8/EXTI_Stm32F103x8/EXTI_Stm32F103x8.o
 .debug_line    0x0000000000000612      0x5ea MCAL_Stm32F103x8/SPI_Stm32F103x8/SPI_Stm32F103x8.o
 .debug_line    0x0000000000000bfc      0x64f MCAL_Stm32F103x8/UART_Stm32F103x8/UART_Stm32F103x8.o
 .debug_line    0x000000000000124b      0x466 MY_RTOS/CortexM3&4_OS_Porting.o
 .debug_line    0x00000000000016b1      0x5cb MY_RTOS/MY_RTOS_FIFO.o
 .debug_line    0x0000000000001c7c      0x7e4 MY_RTOS/Scheduler.o
 .debug_line    0x0000000000002460      0x5b1 Src/main.o
 .debug_line    0x0000000000002a11       0x84 Startup/startup_stm32f103c8tx.o

.debug_str      0x0000000000000000     0x16f3
 .debug_str     0x0000000000000000      0x85c MCAL_Stm32F103x8/EXTI_Stm32F103x8/EXTI_Stm32F103x8.o
                                        0x906 (size before relaxing)
 .debug_str     0x000000000000085c      0x1c4 MCAL_Stm32F103x8/SPI_Stm32F103x8/SPI_Stm32F103x8.o
                                        0x8d2 (size before relaxing)
 .debug_str     0x0000000000000a20      0x17e MCAL_Stm32F103x8/UART_Stm32F103x8/UART_Stm32F103x8.o
                                        0x8ca (size before relaxing)
 .debug_str     0x0000000000000b9e      0x5b7 MY_RTOS/CortexM3&4_OS_Porting.o
                                        0x6ce (size before relaxing)
 .debug_str     0x0000000000001155      0x198 MY_RTOS/MY_RTOS_FIFO.o
                                        0x79d (size before relaxing)
 .debug_str     0x00000000000012ed      0x35e MY_RTOS/Scheduler.o
                                        0xa99 (size before relaxing)
 .debug_str     0x000000000000164b       0x77 Src/main.o
                                        0x832 (size before relaxing)
 .debug_str     0x00000000000016c2       0x31 Startup/startup_stm32f103c8tx.o
                                         0x7d (size before relaxing)

.comment        0x0000000000000000       0x7b
 .comment       0x0000000000000000       0x7b MCAL_Stm32F103x8/EXTI_Stm32F103x8/EXTI_Stm32F103x8.o
                                         0x7c (size before relaxing)
 .comment       0x000000000000007b       0x7c MCAL_Stm32F103x8/SPI_Stm32F103x8/SPI_Stm32F103x8.o
 .comment       0x000000000000007b       0x7c MCAL_Stm32F103x8/UART_Stm32F103x8/UART_Stm32F103x8.o
 .comment       0x000000000000007b       0x7c MY_RTOS/CortexM3&4_OS_Porting.o
 .comment       0x000000000000007b       0x7c MY_RTOS/MY_RTOS_FIFO.o
 .comment       0x000000000000007b       0x7c MY_RTOS/Scheduler.o
 .comment       0x000000000000007b       0x7c Src/main.o

.debug_frame    0x0000000000000000      0xafc
 .debug_frame   0x0000000000000000      0x190 MCAL_Stm32F103x8/EXTI_Stm32F103x8/EXTI_Stm32F103x8.o
 .debug_frame   0x0000000000000190      0x138 MCAL_Stm32F103x8/SPI_Stm32F103x8/SPI_Stm32F103x8.o
 .debug_frame   0x00000000000002c8      0x12c MCAL_Stm32F103x8/UART_Stm32F103x8/UART_Stm32F103x8.o
 .debug_frame   0x00000000000003f4      0x140 MY_RTOS/CortexM3&4_OS_Porting.o
 .debug_frame   0x0000000000000534       0xac MY_RTOS/MY_RTOS_FIFO.o
 .debug_frame   0x00000000000005e0      0x2b8 MY_RTOS/Scheduler.o
 .debug_frame   0x0000000000000898       0x84 Src/main.o
 .debug_frame   0x000000000000091c       0x2c d:/installed programs/stm32cubeide_1.4.0/stm32cubeide/plugins/com.st.stm32cube.ide.mcu.externaltools.gnu-tools-for-stm32.7-2018-q2-update.win32_1.4.0.202007081208/tools/bin/../lib/gcc/arm-none-eabi/7.3.1/../../../../arm-none-eabi/lib/thumb/v7-m\libc.a(lib_a-init.o)
 .debug_frame   0x0000000000000948       0x20 d:/installed programs/stm32cubeide_1.4.0/stm32cubeide/plugins/com.st.stm32cube.ide.mcu.externaltools.gnu-tools-for-stm32.7-2018-q2-update.win32_1.4.0.202007081208/tools/bin/../lib/gcc/arm-none-eabi/7.3.1/../../../../arm-none-eabi/lib/thumb/v7-m\libc.a(lib_a-strcmp.o)
 .debug_frame   0x0000000000000968       0x58 d:/installed programs/stm32cubeide_1.4.0/stm32cubeide/plugins/com.st.stm32cube.ide.mcu.externaltools.gnu-tools-for-stm32.7-2018-q2-update.win32_1.4.0.202007081208/tools/bin/../lib/gcc/arm-none-eabi/7.3.1/../../../../arm-none-eabi/lib/thumb/v7-m\libc.a(lib_a-__call_atexit.o)
 .debug_frame   0x00000000000009c0       0x20 d:/installed programs/stm32cubeide_1.4.0/stm32cubeide/plugins/com.st.stm32cube.ide.mcu.externaltools.gnu-tools-for-stm32.7-2018-q2-update.win32_1.4.0.202007081208/tools/bin/../lib/gcc/arm-none-eabi/7.3.1/../../../../arm-none-eabi/lib/thumb/v7-m\libc.a(lib_a-atexit.o)
 .debug_frame   0x00000000000009e0       0x38 d:/installed programs/stm32cubeide_1.4.0/stm32cubeide/plugins/com.st.stm32cube.ide.mcu.externaltools.gnu-tools-for-stm32.7-2018-q2-update.win32_1.4.0.202007081208/tools/bin/../lib/gcc/arm-none-eabi/7.3.1/../../../../arm-none-eabi/lib/thumb/v7-m\libc.a(lib_a-fini.o)
 .debug_frame   0x0000000000000a18       0xb0 d:/installed programs/stm32cubeide_1.4.0/stm32cubeide/plugins/com.st.stm32cube.ide.mcu.externaltools.gnu-tools-for-stm32.7-2018-q2-update.win32_1.4.0.202007081208/tools/bin/../lib/gcc/arm-none-eabi/7.3.1/../../../../arm-none-eabi/lib/thumb/v7-m\libc.a(lib_a-lock.o)
 .debug_frame   0x0000000000000ac8       0x34 d:/installed programs/stm32cubeide_1.4.0/stm32cubeide/plugins/com.st.stm32cube.ide.mcu.externaltools.gnu-tools-for-stm32.7-2018-q2-update.win32_1.4.0.202007081208/tools/bin/../lib/gcc/arm-none-eabi/7.3.1/../../../../arm-none-eabi/lib/thumb/v7-m\libc.a(lib_a-__atexit.o)

.debug_loc      0x0000000000000000      0x9e0
 .debug_loc     0x0000000000000000      0x224 MY_RTOS/CortexM3&4_OS_Porting.o
 .debug_loc     0x0000000000000224      0x164 MY_RTOS/MY_RTOS_FIFO.o
 .debug_loc     0x0000000000000388      0x59c MY_RTOS/Scheduler.o
 .debug_loc     0x0000000000000924       0xbc Src/main.o
