core_cm3.h:1642:22:__NVIC_SetPriority	16	static
core_cm3.h:1838:26:SysTick_Config	16	static
CortexM3&4_OS_Porting.c:14:8:HardFault_Handler	4	static
CortexM3&4_OS_Porting.c:17:8:MemManage_Handler	4	static
CortexM3&4_OS_Porting.c:20:8:BusFault_Handler	4	static
CortexM3&4_OS_Porting.c:23:8:UsageFault_Handler	4	static
CortexM3&4_OS_Porting.c:27:30:SVC_Handler	0	static,ignoring_inline_asm
CortexM3&4_OS_Porting.c:35:8:HW_init	8	static
CortexM3&4_OS_Porting.c:47:8:Trigger_OS_PendSV	4	static
CortexM3&4_OS_Porting.c:51:8:StartTicker	8	static
CortexM3&4_OS_Porting.c:57:8:SysTick_Handler	8	static
