Scheduler.c:51:6:MY_RTOS_Create_MainStack	4	static
Scheduler.c:58:6:MY_RTOS_Create_TaskStack	24	static
Scheduler.c:84:18:MY_RTOS_init	16	static
Scheduler.c:107:6:MY_RTOS_StartOS	8	static,ignoring_inline_asm
Scheduler.c:121:18:MY_RTOS_Create_Task	24	static
Scheduler.c:142:6:MY_RTOS_Activate_Task	16	static
Scheduler.c:146:6:MY_RTOS_Terminate_Task	16	static
Scheduler.c:151:6:MY_RTOS_Task_Wait	16	static
Scheduler.c:158:6:MY_RTOS_Task_StopWait	16	static
Scheduler.c:164:6:MY_RTOS_Task_ContinueWait	16	static
Scheduler.c:172:6:MY_RTOS_IDLE_TASK	4	static,ignoring_inline_asm
Scheduler.c:181:18:MY_RTOS_Acquire_Mutex	24	static
Scheduler.c:203:6:MY_RTOS_Release_Mutex	24	static
Scheduler.c:224:28:PendSV_Handler	0	static,ignoring_inline_asm
Scheduler.c:275:6:DecideNext	8	static
Scheduler.c:295:6:OS_SVC	24	static
Scheduler.c:324:6:MY_RTOS_Update_SchedulerTable	16	static
Scheduler.c:353:6:MY_RTOS_Update_TaskingTime	16	static
Scheduler.c:367:6:OS_SVC_Set	16	static,ignoring_inline_asm
Scheduler.c:384:6:BubbleSort	16	static
