Scheduler.c:53:6:MY_RTOS_Create_MainStack	4	static
Scheduler.c:60:6:MY_RTOS_Create_TaskStack	24	static
Scheduler.c:86:18:MY_RTOS_init	16	static
Scheduler.c:109:6:MY_RTOS_StartOS	8	static,ignoring_inline_asm
Scheduler.c:123:18:MY_RTOS_Create_Task	24	static
Scheduler.c:144:6:MY_RTOS_Activate_Task	16	static
Scheduler.c:148:6:MY_RTOS_Terminate_Task	16	static
Scheduler.c:153:6:MY_RTOS_Task_Wait	16	static
Scheduler.c:160:6:MY_RTOS_Task_StopWait	16	static
Scheduler.c:166:6:MY_RTOS_Task_ContinueWait	16	static
Scheduler.c:174:6:MY_RTOS_IDLE_TASK	4	static,ignoring_inline_asm
Scheduler.c:184:18:MY_RTOS_Acquire_Mutex	24	static,ignoring_inline_asm
Scheduler.c:215:6:MY_RTOS_Release_Mutex	24	static,ignoring_inline_asm
Scheduler.c:240:28:PendSV_Handler	0	static,ignoring_inline_asm
Scheduler.c:291:6:DecideNext	8	static
Scheduler.c:311:6:OS_SVC	24	static,ignoring_inline_asm
Scheduler.c:343:6:MY_RTOS_Update_SchedulerTable	16	static
Scheduler.c:370:6:MY_RTOS_Update_TaskingTime	16	static
Scheduler.c:384:6:OS_SVC_Set	16	static,ignoring_inline_asm
Scheduler.c:404:6:BubbleSort	16	static
